Archive member included because of file (symbol)

C:\DAVE_4-4-2_64bit_2018-02-23\DAVE_4-4-2_64bit_2018-02-23\DAVE-IDE-4.4.2-64Bit\eclipse\/emWin/Start/GUI\libGUI_basic_xmc4.a(F6x8.o)
                              ./Dave/Generated/GUI_SEGGERLIBRARY/Config/GUIConf.o (GUI_Font6x8)
C:\DAVE_4-4-2_64bit_2018-02-23\DAVE_4-4-2_64bit_2018-02-23\DAVE-IDE-4.4.2-64Bit\eclipse\/emWin/Start/GUI\libGUI_basic_xmc4.a(F20B_1.o)
                              ./main.o (GUI_Font20B_1)
C:\DAVE_4-4-2_64bit_2018-02-23\DAVE_4-4-2_64bit_2018-02-23\DAVE-IDE-4.4.2-64Bit\eclipse\/emWin/Start/GUI\libGUI_basic_xmc4.a(GUIDRV_FlexColor_Func66718.o)
                              ./Dave/Generated/GUI_SEGGERLIBRARY/LCDConf.o (GUIDRV_FlexColor_SetFunc66718)
C:\DAVE_4-4-2_64bit_2018-02-23\DAVE_4-4-2_64bit_2018-02-23\DAVE-IDE-4.4.2-64Bit\eclipse\/emWin/Start/GUI\libGUI_basic_xmc4.a(GUIDRV_FlexColor_16bpp_C0B8.o)
                              ./Dave/Generated/GUI_SEGGERLIBRARY/LCDConf.o (GUIDRV_FlexColor_SetMode16bppC0B8)
C:\DAVE_4-4-2_64bit_2018-02-23\DAVE_4-4-2_64bit_2018-02-23\DAVE-IDE-4.4.2-64Bit\eclipse\/emWin/Start/GUI\libGUI_basic_xmc4.a(GUIDRV_FlexColor.o)
                              C:\DAVE_4-4-2_64bit_2018-02-23\DAVE_4-4-2_64bit_2018-02-23\DAVE-IDE-4.4.2-64Bit\eclipse\/emWin/Start/GUI\libGUI_basic_xmc4.a(GUIDRV_FlexColor_16bpp_C0B8.o) (GUIDRV_FlexColor__SetPixelIndexNoCache)
C:\DAVE_4-4-2_64bit_2018-02-23\DAVE_4-4-2_64bit_2018-02-23\DAVE-IDE-4.4.2-64Bit\eclipse\/emWin/Start/GUI\libGUI_basic_xmc4.a(LCD_Set.o)
                              ./Dave/Generated/GUI_SEGGERLIBRARY/LCDConf.o (LCD_SetVSizeEx)
C:\DAVE_4-4-2_64bit_2018-02-23\DAVE_4-4-2_64bit_2018-02-23\DAVE-IDE-4.4.2-64Bit\eclipse\/emWin/Start/GUI\libGUI_basic_xmc4.a(GUI__memset.o)
                              C:\DAVE_4-4-2_64bit_2018-02-23\DAVE_4-4-2_64bit_2018-02-23\DAVE-IDE-4.4.2-64Bit\eclipse\/emWin/Start/GUI\libGUI_basic_xmc4.a(GUIDRV_FlexColor.o) (GUI__memset)
C:\DAVE_4-4-2_64bit_2018-02-23\DAVE_4-4-2_64bit_2018-02-23\DAVE-IDE-4.4.2-64Bit\eclipse\/emWin/Start/GUI\libGUI_basic_xmc4.a(GUI_Val.o)
                              ./main.o (GUI_DispDecAt)
C:\DAVE_4-4-2_64bit_2018-02-23\DAVE_4-4-2_64bit_2018-02-23\DAVE-IDE-4.4.2-64Bit\eclipse\/emWin/Start/GUI\libGUI_basic_xmc4.a(GUI_SetFont.o)
                              ./main.o (GUI_SetFont)
C:\DAVE_4-4-2_64bit_2018-02-23\DAVE_4-4-2_64bit_2018-02-23\DAVE-IDE-4.4.2-64Bit\eclipse\/emWin/Start/GUI\libGUI_basic_xmc4.a(GUI_SetColor.o)
                              ./main.o (GUI_SetColor)
C:\DAVE_4-4-2_64bit_2018-02-23\DAVE_4-4-2_64bit_2018-02-23\DAVE-IDE-4.4.2-64Bit\eclipse\/emWin/Start/GUI\libGUI_basic_xmc4.a(GUI_DispStringHCenter.o)
                              ./main.o (GUI_DispStringHCenterAt)
C:\DAVE_4-4-2_64bit_2018-02-23\DAVE_4-4-2_64bit_2018-02-23\DAVE-IDE-4.4.2-64Bit\eclipse\/emWin/Start/GUI\libGUI_basic_xmc4.a(GUI_DispStringAt.o)
                              C:\DAVE_4-4-2_64bit_2018-02-23\DAVE_4-4-2_64bit_2018-02-23\DAVE-IDE-4.4.2-64Bit\eclipse\/emWin/Start/GUI\libGUI_basic_xmc4.a(GUI_Val.o) (GUI_DispStringAt)
C:\DAVE_4-4-2_64bit_2018-02-23\DAVE_4-4-2_64bit_2018-02-23\DAVE-IDE-4.4.2-64Bit\eclipse\/emWin/Start/GUI\libGUI_basic_xmc4.a(GUI_DispString.o)
                              C:\DAVE_4-4-2_64bit_2018-02-23\DAVE_4-4-2_64bit_2018-02-23\DAVE-IDE-4.4.2-64Bit\eclipse\/emWin/Start/GUI\libGUI_basic_xmc4.a(GUI_Val.o) (GUI_DispString)
C:\DAVE_4-4-2_64bit_2018-02-23\DAVE_4-4-2_64bit_2018-02-23\DAVE-IDE-4.4.2-64Bit\eclipse\/emWin/Start/GUI\libGUI_basic_xmc4.a(GUI_Device.o)
                              C:\DAVE_4-4-2_64bit_2018-02-23\DAVE_4-4-2_64bit_2018-02-23\DAVE-IDE-4.4.2-64Bit\eclipse\/emWin/Start/GUI\libGUI_basic_xmc4.a(LCD_Set.o) (GUI_DEVICE__GetpDriver)
C:\DAVE_4-4-2_64bit_2018-02-23\DAVE_4-4-2_64bit_2018-02-23\DAVE-IDE-4.4.2-64Bit\eclipse\/emWin/Start/GUI\libGUI_basic_xmc4.a(GUI_Core.o)
                              C:\DAVE_4-4-2_64bit_2018-02-23\DAVE_4-4-2_64bit_2018-02-23\DAVE-IDE-4.4.2-64Bit\eclipse\/emWin/Start/GUI\libGUI_basic_xmc4.a(GUI_Device.o) (GUI__apDevice)
C:\DAVE_4-4-2_64bit_2018-02-23\DAVE_4-4-2_64bit_2018-02-23\DAVE-IDE-4.4.2-64Bit\eclipse\/emWin/Start/GUI\libGUI_basic_xmc4.a(GUI_CharP.o)
                              C:\DAVE_4-4-2_64bit_2018-02-23\DAVE_4-4-2_64bit_2018-02-23\DAVE-IDE-4.4.2-64Bit\eclipse\/emWin/Start/GUI\libGUI_basic_xmc4.a(F20B_1.o) (GUIPROP_DispChar)
C:\DAVE_4-4-2_64bit_2018-02-23\DAVE_4-4-2_64bit_2018-02-23\DAVE-IDE-4.4.2-64Bit\eclipse\/emWin/Start/GUI\libGUI_basic_xmc4.a(GUI_CharM.o)
                              C:\DAVE_4-4-2_64bit_2018-02-23\DAVE_4-4-2_64bit_2018-02-23\DAVE-IDE-4.4.2-64Bit\eclipse\/emWin/Start/GUI\libGUI_basic_xmc4.a(F6x8.o) (GUIMONO_DispChar)
C:\DAVE_4-4-2_64bit_2018-02-23\DAVE_4-4-2_64bit_2018-02-23\DAVE-IDE-4.4.2-64Bit\eclipse\/emWin/Start/GUI\libGUI_basic_xmc4.a(GUI_CharLine.o)
[...]
Memory Configuration

Name             Origin             Length             Attributes
FLASH_1_cached   0x08000000         0x00040000         xr
FLASH_1_uncached 0x0c000000         0x00040000         xr
PSRAM_1          0x1fffc000         0x00004000         !xr
DSRAM_1_system   0x20000000         0x00006000         !xr
SRAM_combined    0x1fffc000         0x0000a000         !xr
*default*        0x00000000         0xffffffff

Linker script and memory map

LOAD ./Startup/startup_XMC4200.o
LOAD ./Startup/system_XMC4200.o
LOAD ./Libraries/XMCLib/src/xmc4_eru.o
LOAD ./Libraries/XMCLib/src/xmc4_flash.o
LOAD ./Libraries/XMCLib/src/xmc4_gpio.o
LOAD ./Libraries/XMCLib/src/xmc4_rtc.o
LOAD ./Libraries/XMCLib/src/xmc4_scu.o
LOAD ./Libraries/XMCLib/src/xmc_can.o
LOAD ./Libraries/XMCLib/src/xmc_ccu4.o
LOAD ./Libraries/XMCLib/src/xmc_ccu8.o
LOAD ./Libraries/XMCLib/src/xmc_common.o
LOAD ./Libraries/XMCLib/src/xmc_dac.o
LOAD ./Libraries/XMCLib/src/xmc_dma.o
LOAD ./Libraries/XMCLib/src/xmc_dsd.o
LOAD ./Libraries/XMCLib/src/xmc_ebu.o
LOAD ./Libraries/XMCLib/src/xmc_ecat.o
LOAD ./Libraries/XMCLib/src/xmc_eru.o
LOAD ./Libraries/XMCLib/src/xmc_eth_mac.o
LOAD ./Libraries/XMCLib/src/xmc_eth_phy_dp83848.o
LOAD ./Libraries/XMCLib/src/xmc_eth_phy_ksz8031rnl.o
LOAD ./Libraries/XMCLib/src/xmc_eth_phy_ksz8081rnb.o
LOAD ./Libraries/XMCLib/src/xmc_fce.o
LOAD ./Libraries/XMCLib/src/xmc_gpio.o
LOAD ./Libraries/XMCLib/src/xmc_hrpwm.o
LOAD ./Libraries/XMCLib/src/xmc_i2c.o
LOAD ./Libraries/XMCLib/src/xmc_i2s.o
LOAD ./Libraries/XMCLib/src/xmc_ledts.o
LOAD ./Libraries/XMCLib/src/xmc_posif.o
LOAD ./Libraries/XMCLib/src/xmc_rtc.o
LOAD ./Libraries/XMCLib/src/xmc_sdmmc.o
LOAD ./Libraries/XMCLib/src/xmc_spi.o
LOAD ./Libraries/XMCLib/src/xmc_uart.o
LOAD ./Libraries/XMCLib/src/xmc_usbd.o
LOAD ./Libraries/XMCLib/src/xmc_usbh.o
LOAD ./Libraries/XMCLib/src/xmc_usic.o
LOAD ./Libraries/XMCLib/src/xmc_vadc.o
LOAD ./Libraries/XMCLib/src/xmc_wdt.o
LOAD ./Libraries/Newlib/syscalls.o
LOAD ./Dave/Generated/TIMER/timer.o
LOAD ./Dave/Generated/TIMER/timer_conf.o
LOAD ./Dave/Generated/SYSTIMER/systimer.o
LOAD ./Dave/Generated/SYSTIMER/systimer_conf.o
LOAD ./Dave/Generated/SPI_MASTER/spi_master.o
LOAD ./Dave/Generated/SPI_MASTER/spi_master_conf.o
LOAD ./Dave/Generated/INTERRUPT/interrupt.o
LOAD ./Dave/Generated/INTERRUPT/interrupt_conf.o
LOAD ./Dave/Generated/GUI_SEGGERLIBRARY/Config/GUIConf.o
LOAD ./Dave/Generated/GUI_SEGGERLIBRARY/Config/GUI_X.o
LOAD ./Dave/Generated/GUI_SEGGERLIBRARY/LCDConf.o
LOAD ./Dave/Generated/GUI_SEGGERLIBRARY/gui_seggerlibrary.o
LOAD ./Dave/Generated/GUI_SEGGERLIBRARY/gui_seggerlibrary_conf.o
LOAD ./Dave/Generated/GLOBAL_CCU4/global_ccu4.o
LOAD ./Dave/Generated/GLOBAL_CCU4/global_ccu4_conf.o
LOAD ./Dave/Generated/CPU_CTRL_XMC4/cpu_ctrl_xmc4.o
LOAD ./Dave/Generated/CPU_CTRL_XMC4/cpu_ctrl_xmc4_conf.o
LOAD ./Dave/Generated/CLOCK_XMC4/clock_xmc4.o
LOAD ./Dave/Generated/CLOCK_XMC4/clock_xmc4_conf.o
LOAD ./Dave/Generated/DAVE.o
LOAD ./main.o
LOAD c:/dave_4-4-2_64bit_2018-02-23/dave_4-4-2_64bit_2018-02-23/dave-ide-4.4.2-64bit/eclipse/arm-gcc-49/bin/../lib/gcc/arm-none-eabi/4.9.3/../../../../arm-none-eabi/lib/armv7e-m/softfp\libm.a
LOAD C:\DAVE_4-4-2_64bit_2018-02-23\DAVE_4-4-2_64bit_2018-02-23\DAVE-IDE-4.4.2-64Bit\eclipse\/emWin/Start/GUI\libGUI_basic_xmc4.a
START GROUP
LOAD c:/dave_4-4-2_64bit_2018-02-23/dave_4-4-2_64bit_2018-02-23/dave-ide-4.4.2-64bit/eclipse/arm-gcc-49/bin/../lib/gcc/arm-none-eabi/4.9.3/armv7e-m/softfp\libgcc.a
LOAD c:/dave_4-4-2_64bit_2018-02-23/dave_4-4-2_64bit_2018-02-23/dave-ide-4.4.2-64bit/eclipse/arm-gcc-49/bin/../lib/gcc/arm-none-eabi/4.9.3/../../../../arm-none-eabi/lib/armv7e-m/softfp\libg_nano.a
LOAD c:/dave_4-4-2_64bit_2018-02-23/dave_4-4-2_64bit_2018-02-23/dave-ide-4.4.2-64bit/eclipse/arm-gcc-49/bin/../lib/gcc/arm-none-eabi/4.9.3/../../../../arm-none-eabi/lib/armv7e-m/softfp\libc_nano.a
END GROUP
START GROUP
LOAD c:/dave_4-4-2_64bit_2018-02-23/dave_4-4-2_64bit_2018-02-23/dave-ide-4.4.2-64bit/eclipse/arm-gcc-49/bin/../lib/gcc/arm-none-eabi/4.9.3/armv7e-m/softfp\libgcc.a
LOAD c:/dave_4-4-2_64bit_2018-02-23/dave_4-4-2_64bit_2018-02-23/dave-ide-4.4.2-64bit/eclipse/arm-gcc-49/bin/../lib/gcc/arm-none-eabi/4.9.3/../../../../arm-none-eabi/lib/armv7e-m/softfp\libc_nano.a
LOAD c:/dave_4-4-2_64bit_2018-02-23/dave_4-4-2_64bit_2018-02-23/dave-ide-4.4.2-64bit/eclipse/arm-gcc-49/bin/../lib/gcc/arm-none-eabi/4.9.3/../../../../arm-none-eabi/lib/armv7e-m/softfp\libnosys.a
END GROUP
START GROUP
LOAD c:/dave_4-4-2_64bit_2018-02-23/dave_4-4-2_64bit_2018-02-23/dave-ide-4.4.2-64bit/eclipse/arm-gcc-49/bin/../lib/gcc/arm-none-eabi/4.9.3/armv7e-m/softfp\libgcc.a
LOAD c:/dave_4-4-2_64bit_2018-02-23/dave_4-4-2_64bit_2018-02-23/dave-ide-4.4.2-64bit/eclipse/arm-gcc-49/bin/../lib/gcc/arm-none-eabi/4.9.3/../../../../arm-none-eabi/lib/armv7e-m/softfp\libc_nano.a
LOAD c:/dave_4-4-2_64bit_2018-02-23/dave_4-4-2_64bit_2018-02-23/dave-ide-4.4.2-64bit/eclipse/arm-gcc-49/bin/../lib/gcc/arm-none-eabi/4.9.3/../../../../arm-none-eabi/lib/armv7e-m/softfp\libnosys.a
END GROUP
                0x00000800                stack_size = DEFINED (stack_size)?stack_size:0x800
                0x00000040                no_init_size = 0x40

.text           0x08000000     0xe654 load address 0x0c000000
                0x08000000                sText = .
 *(.reset)
 .reset         0x08000000      0x294 ./Startup/startup_XMC4200.o
                0x08000000                __Vectors
                0x08000200                Reset_Handler
                0x08000290                DebugMon_Handler
                0x08000290                VADC0_C0_0_IRQHandler
                0x08000290                CAN0_4_IRQHandler
                0x08000290                USIC0_5_IRQHandler
                0x08000290                POSIF0_0_IRQHandler
                0x08000290                HardFault_Handler
                0x08000290                VADC0_G1_1_IRQHandler
                0x08000290                PendSV_Handler
                0x08000290                NMI_Handler
                0x08000290                USIC1_3_IRQHandler
                0x08000290                CCU40_2_IRQHandler
                0x08000290                SCU_0_IRQHandler
                0x08000290                ERU0_0_IRQHandler
                0x08000290                CCU41_0_IRQHandler
                0x08000290                USIC1_5_IRQHandler
                0x08000290                CCU80_1_IRQHandler
                0x08000290                HRPWM_0_IRQHandler
                0x08000290                HRPWM_1_IRQHandler
                0x08000290                UsageFault_Handler
                0x08000290                USIC0_0_IRQHandler
                0x08000290                ERU0_2_IRQHandler
                0x08000290                ERU1_1_IRQHandler
                0x08000290                ERU0_3_IRQHandler
                0x08000290                VADC0_C0_3_IRQHandler
                0x08000290                CAN0_6_IRQHandler
                0x08000290                VADC0_G0_1_IRQHandler
                0x08000290                CCU40_0_IRQHandler
                0x08000290                CAN0_0_IRQHandler
                0x08000290                ERU1_0_IRQHandler
                0x08000290                HRPWM_3_IRQHandler
                0x08000290                Default_Handler
                0x08000290                USIC1_4_IRQHandler
                0x08000290                ERU1_3_IRQHandler
                0x08000290                POSIF0_1_IRQHandler
                0x08000290                VADC0_G0_0_IRQHandler
                0x08000290                CCU80_3_IRQHandler
                0x08000290                CCU41_3_IRQHandler
                0x08000290                CCU80_2_IRQHandler
                0x08000290                VADC0_G1_3_IRQHandler
                0x08000290                VADC0_G0_3_IRQHandler
                0x08000290                GPDMA0_0_IRQHandler
                0x08000290                PMU0_0_IRQHandler
                0x08000290                CAN0_7_IRQHandler
                0x08000290                CCU41_2_IRQHandler
                0x08000290                VADC0_C0_1_IRQHandler
                0x08000290                MemManage_Handler
                0x08000290                DAC0_0_IRQHandler
                0x08000290                SVC_Handler
                0x08000290                ERU1_2_IRQHandler
                0x08000290                VADC0_G1_2_IRQHandler
                0x08000290                CAN0_2_IRQHandler
                0x08000290                VADC0_G0_2_IRQHandler
                0x08000290                CAN0_3_IRQHandler
                0x08000290                USIC0_3_IRQHandler
                0x08000290                HRPWM_2_IRQHandler
                0x08000290                VADC0_C0_2_IRQHandler
                0x08000290                FCE0_0_IRQHandler
                0x08000290                VADC0_G1_0_IRQHandler
                0x08000290                USB0_0_IRQHandler
                0x08000290                CAN0_5_IRQHandler
                0x08000290                CCU80_0_IRQHandler
                0x08000290                CCU40_1_IRQHandler
                0x08000290                USIC0_1_IRQHandler
                0x08000290                CCU40_3_IRQHandler
                0x08000290                BusFault_Handler
                0x08000290                LEDTS0_0_IRQHandler
                0x08000290                USIC0_4_IRQHandler
                0x08000290                ERU0_1_IRQHandler
                0x08000290                USIC1_2_IRQHandler
                0x08000290                CAN0_1_IRQHandler
                0x08000290                USIC0_2_IRQHandler
                0x08000290                DAC0_1_IRQHandler
 *(.text .text.* .gnu.linkonce.t.*)
 .text.SystemInit
                0x08000294       0x34 ./Startup/system_XMC4200.o
                0x08000294                SystemInit
 .text.SystemCoreClockUpdate
                0x080002c8       0xd4 ./Startup/system_XMC4200.o
                0x080002c8                SystemCoreClockUpdate
 .text.XMC_GPIO_Init
                0x0800039c      0x140 ./Libraries/XMCLib/src/xmc4_gpio.o
                0x0800039c                XMC_GPIO_Init
 .text.XMC_SCU_CLOCK_GetCpuClockFrequency
                0x080004dc       0x18 ./Libraries/XMCLib/src/xmc4_scu.o
 .text.XMC_SCU_GetMirrorStatus
                0x080004f4       0x18 ./Libraries/XMCLib/src/xmc4_scu.o
 .text.XMC_SCU_lDelay
                0x0800050c       0x44 ./Libraries/XMCLib/src/xmc4_scu.o
 .text.XMC_SCU_INTERUPT_GetEventStatus
                0x08000550       0x18 ./Libraries/XMCLib/src/xmc4_scu.o
                0x08000550                XMC_SCU_INTERUPT_GetEventStatus
 .text.XMC_SCU_INTERRUPT_ClearEventStatus
                0x08000568       0x1c ./Libraries/XMCLib/src/xmc4_scu.o
                0x08000568                XMC_SCU_INTERRUPT_ClearEventStatus
 .text.XMC_SCU_CLOCK_Init
                0x08000584       0xf8 ./Libraries/XMCLib/src/xmc4_scu.o
                0x08000584                XMC_SCU_CLOCK_Init
 .text.XMC_SCU_RESET_DeassertPeripheralReset
                0x0800067c       0x38 ./Libraries/XMCLib/src/xmc4_scu.o
                0x0800067c                XMC_SCU_RESET_DeassertPeripheralReset
 .text.XMC_SCU_RESET_IsPeripheralResetAsserted
                0x080006b4       0x48 ./Libraries/XMCLib/src/xmc4_scu.o
                0x080006b4                XMC_SCU_RESET_IsPeripheralResetAsserted
 .text.XMC_SCU_CLOCK_GetPeripheralClockFrequency
                0x080006fc       0x20 ./Libraries/XMCLib/src/xmc4_scu.o
                0x080006fc                XMC_SCU_CLOCK_GetPeripheralClockFrequency
 .text.XMC_SCU_CLOCK_SetSystemClockSource
                0x0800071c       0x28 ./Libraries/XMCLib/src/xmc4_scu.o
                0x0800071c                XMC_SCU_CLOCK_SetSystemClockSource
 .text.XMC_SCU_CLOCK_SetUsbClockSource
                0x08000744       0x28 ./Libraries/XMCLib/src/xmc4_scu.o
                0x08000744                XMC_SCU_CLOCK_SetUsbClockSource
 .text.XMC_SCU_CLOCK_SetWdtClockSource
                0x0800076c       0x28 ./Libraries/XMCLib/src/xmc4_scu.o
                0x0800076c                XMC_SCU_CLOCK_SetWdtClockSource
 .text.XMC_SCU_CLOCK_SetSystemPllClockSource
                0x08000794       0x40 ./Libraries/XMCLib/src/xmc4_scu.o
                0x08000794                XMC_SCU_CLOCK_SetSystemPllClockSource
 .text.XMC_SCU_HIB_SetRtcClockSource
                0x080007d4       0x3c ./Libraries/XMCLib/src/xmc4_scu.o
                0x080007d4                XMC_SCU_HIB_SetRtcClockSource
 .text.XMC_SCU_HIB_SetStandbyClockSource
                0x08000810       0x3c ./Libraries/XMCLib/src/xmc4_scu.o
                0x08000810                XMC_SCU_HIB_SetStandbyClockSource
 .text.XMC_SCU_CLOCK_SetSystemClockDivider
                0x0800084c       0x28 ./Libraries/XMCLib/src/xmc4_scu.o
                0x0800084c                XMC_SCU_CLOCK_SetSystemClockDivider
 .text.XMC_SCU_CLOCK_SetCcuClockDivider
                0x08000874       0x28 ./Libraries/XMCLib/src/xmc4_scu.o
                0x08000874                XMC_SCU_CLOCK_SetCcuClockDivider
 .text.XMC_SCU_CLOCK_SetCpuClockDivider
                0x0800089c       0x28 ./Libraries/XMCLib/src/xmc4_scu.o
                0x0800089c                XMC_SCU_CLOCK_SetCpuClockDivider
 .text.XMC_SCU_CLOCK_SetPeripheralClockDivider
                0x080008c4       0x28 ./Libraries/XMCLib/src/xmc4_scu.o
                0x080008c4                XMC_SCU_CLOCK_SetPeripheralClockDivider
 .text.XMC_SCU_CLOCK_SetUsbClockDivider
                0x080008ec       0x28 ./Libraries/XMCLib/src/xmc4_scu.o
                0x080008ec                XMC_SCU_CLOCK_SetUsbClockDivider
 .text.XMC_SCU_CLOCK_SetWdtClockDivider
                0x08000914       0x28 ./Libraries/XMCLib/src/xmc4_scu.o
                0x08000914                XMC_SCU_CLOCK_SetWdtClockDivider
 .text.XMC_SCU_CLOCK_EnableClock
                0x0800093c       0x20 ./Libraries/XMCLib/src/xmc4_scu.o
                0x0800093c                XMC_SCU_CLOCK_EnableClock
 .text.XMC_SCU_CLOCK_UngatePeripheralClock
                0x0800095c       0x38 ./Libraries/XMCLib/src/xmc4_scu.o
                0x0800095c                XMC_SCU_CLOCK_UngatePeripheralClock
 .text.XMC_SCU_CLOCK_IsPeripheralClockGated
                0x08000994       0x48 ./Libraries/XMCLib/src/xmc4_scu.o
                0x08000994                XMC_SCU_CLOCK_IsPeripheralClockGated
 .text.XMC_SCU_CLOCK_EnableUsbPll
                0x080009dc       0x20 ./Libraries/XMCLib/src/xmc4_scu.o
                0x080009dc                XMC_SCU_CLOCK_EnableUsbPll
 .text.XMC_SCU_CLOCK_StartUsbPll
                0x080009fc       0xb4 ./Libraries/XMCLib/src/xmc4_scu.o
                0x080009fc                XMC_SCU_CLOCK_StartUsbPll
 .text.XMC_SCU_CLOCK_SetBackupClockCalibrationMode
                0x08000ab0       0x4c ./Libraries/XMCLib/src/xmc4_scu.o
                0x08000ab0                XMC_SCU_CLOCK_SetBackupClockCalibrationMode
 .text.XMC_SCU_HIB_EnableHibernateDomain
                0x08000afc       0x58 ./Libraries/XMCLib/src/xmc4_scu.o
                0x08000afc                XMC_SCU_HIB_EnableHibernateDomain
 .text.XMC_SCU_CLOCK_IsLowPowerOscillatorStable
                0x08000b54       0x24 ./Libraries/XMCLib/src/xmc4_scu.o
                0x08000b54                XMC_SCU_CLOCK_IsLowPowerOscillatorStable
 .text.XMC_SCU_CLOCK_EnableLowPowerOscillator
                0x08000b78       0x70 ./Libraries/XMCLib/src/xmc4_scu.o
                0x08000b78                XMC_SCU_CLOCK_EnableLowPowerOscillator
 .text.XMC_SCU_CLOCK_EnableHighPerformanceOscillator
                0x08000be8       0x50 ./Libraries/XMCLib/src/xmc4_scu.o
                0x08000be8                XMC_SCU_CLOCK_EnableHighPerformanceOscillator
 .text.XMC_SCU_CLOCK_IsHighPerformanceOscillatorStable
                0x08000c38       0x28 ./Libraries/XMCLib/src/xmc4_scu.o
                0x08000c38                XMC_SCU_CLOCK_IsHighPerformanceOscillatorStable
 .text.XMC_SCU_CLOCK_EnableSystemPll
                0x08000c60       0x20 ./Libraries/XMCLib/src/xmc4_scu.o
                0x08000c60                XMC_SCU_CLOCK_EnableSystemPll
 .text.XMC_SCU_CLOCK_DisableSystemPll
                0x08000c80       0x20 ./Libraries/XMCLib/src/xmc4_scu.o
                0x08000c80                XMC_SCU_CLOCK_DisableSystemPll
 .text.XMC_SCU_CLOCK_StartSystemPll
                0x08000ca0      0x19c ./Libraries/XMCLib/src/xmc4_scu.o
                0x08000ca0                XMC_SCU_CLOCK_StartSystemPll
 .text.XMC_SCU_CLOCK_StepSystemPllFrequency
                0x08000e3c       0x3c ./Libraries/XMCLib/src/xmc4_scu.o
                0x08000e3c                XMC_SCU_CLOCK_StepSystemPllFrequency
 .text.XMC_CCU4_StartPrescaler
                0x08000e78       0x1c ./Libraries/XMCLib/src/xmc_ccu4.o
 .text.XMC_CCU4_lDeassertReset
                0x08000e94       0x34 ./Libraries/XMCLib/src/xmc_ccu4.o
 .text.XMC_CCU4_lUngateClock
                0x08000ec8       0x34 ./Libraries/XMCLib/src/xmc_ccu4.o
 .text.XMC_CCU4_EnableModule
                0x08000efc       0x20 ./Libraries/XMCLib/src/xmc_ccu4.o
                0x08000efc                XMC_CCU4_EnableModule
 .text.XMC_CCU4_Init
                0x08000f1c       0x3c ./Libraries/XMCLib/src/xmc_ccu4.o
                0x08000f1c                XMC_CCU4_Init
 .text.XMC_CCU4_SLICE_CompareInit
                0x08000f58       0x6c ./Libraries/XMCLib/src/xmc_ccu4.o
                0x08000f58                XMC_CCU4_SLICE_CompareInit
 .text.XMC_CCU4_SLICE_SetInterruptNode
                0x08000fc4       0xc8 ./Libraries/XMCLib/src/xmc_ccu4.o
                0x08000fc4                XMC_CCU4_SLICE_SetInterruptNode
 .text.XMC_USIC_CH_GetTransmitBufferStatus
                0x0800108c       0x20 ./Libraries/XMCLib/src/xmc_spi.o
 .text.XMC_SPI_CH_ClearStatusFlag
                0x080010ac       0x20 ./Libraries/XMCLib/src/xmc_spi.o
 .text.XMC_SPI_CH_InitEx
                0x080010cc       0x8c ./Libraries/XMCLib/src/xmc_spi.o
                0x080010cc                XMC_SPI_CH_InitEx
 .text.XMC_SPI_CH_EnableSlaveSelect
                0x08001158       0x2c ./Libraries/XMCLib/src/xmc_spi.o
                0x08001158                XMC_SPI_CH_EnableSlaveSelect
 .text.XMC_SPI_CH_DisableSlaveSelect
                0x08001184       0x24 ./Libraries/XMCLib/src/xmc_spi.o
                0x08001184                XMC_SPI_CH_DisableSlaveSelect
 .text.XMC_SPI_CH_Transmit
                0x080011a8       0x6c ./Libraries/XMCLib/src/xmc_spi.o
                0x080011a8                XMC_SPI_CH_Transmit
 .text.XMC_SPI_CH_GetReceivedData
                0x08001214       0x34 ./Libraries/XMCLib/src/xmc_spi.o
                0x08001214                XMC_SPI_CH_GetReceivedData
 .text.XMC_SPI_CH_DisableEvent
                0x08001248       0x38 ./Libraries/XMCLib/src/xmc_spi.o
                0x08001248                XMC_SPI_CH_DisableEvent
 .text.XMC_USIC_CH_Enable
                0x08001280       0x74 ./Libraries/XMCLib/src/xmc_usic.o
                0x08001280                XMC_USIC_CH_Enable
 .text.XMC_USIC_CH_SetBaudrate
                0x080012f4       0xe4 ./Libraries/XMCLib/src/xmc_usic.o
                0x080012f4                XMC_USIC_CH_SetBaudrate
 .text.XMC_USIC_CH_SetBaudrateEx
                0x080013d8      0x100 ./Libraries/XMCLib/src/xmc_usic.o
                0x080013d8                XMC_USIC_CH_SetBaudrateEx
 .text.XMC_USIC_CH_TXFIFO_Configure
                0x080014d8       0x50 ./Libraries/XMCLib/src/xmc_usic.o
                0x080014d8                XMC_USIC_CH_TXFIFO_Configure
 .text.XMC_USIC_CH_RXFIFO_Configure
                0x08001528       0x54 ./Libraries/XMCLib/src/xmc_usic.o
                0x08001528                XMC_USIC_CH_RXFIFO_Configure
 .text.XMC_USIC_CH_RXFIFO_SetSizeTriggerLimit
                0x0800157c       0x30 ./Libraries/XMCLib/src/xmc_usic.o
                0x0800157c                XMC_USIC_CH_RXFIFO_SetSizeTriggerLimit
 .text.XMC_USIC_CH_SetInterruptNodePointer
                0x080015ac       0x38 ./Libraries/XMCLib/src/xmc_usic.o
                0x080015ac                XMC_USIC_CH_SetInterruptNodePointer
 .text.XMC_USIC_CH_TXFIFO_SetInterruptNodePointer
                0x080015e4       0x3c ./Libraries/XMCLib/src/xmc_usic.o
                0x080015e4                XMC_USIC_CH_TXFIFO_SetInterruptNodePointer
 .text.XMC_USIC_CH_RXFIFO_SetInterruptNodePointer
                0x08001620       0x3c ./Libraries/XMCLib/src/xmc_usic.o
                0x08001620                XMC_USIC_CH_RXFIFO_SetInterruptNodePointer
 .text.XMC_USIC_Enable
                0x0800165c       0x84 ./Libraries/XMCLib/src/xmc_usic.o
                0x0800165c                XMC_USIC_Enable
 .text._init    0x080016e0        0xc ./Libraries/Newlib/syscalls.o
                0x080016e0                _init
 .text.XMC_CCU4_EnableClock
                0x080016ec       0x20 ./Dave/Generated/TIMER/timer.o
 .text.XMC_CCU4_SLICE_StartTimer
                0x0800170c       0x18 ./Dave/Generated/TIMER/timer.o
 .text.XMC_CCU4_SLICE_ClearTimer
                0x08001724       0x18 ./Dave/Generated/TIMER/timer.o
 .text.XMC_CCU4_SLICE_SetTimerPeriodMatch
                0x0800173c       0x1c ./Dave/Generated/TIMER/timer.o
 .text.XMC_CCU4_SLICE_SetTimerCompareMatch
                0x08001758       0x1c ./Dave/Generated/TIMER/timer.o
 .text.XMC_CCU4_EnableShadowTransfer
                0x08001774       0x1c ./Dave/Generated/TIMER/timer.o
 .text.XMC_CCU4_SLICE_EnableEvent
                0x08001790       0x2c ./Dave/Generated/TIMER/timer.o
 .text.TIMER_Init
                0x080017bc       0x3c ./Dave/Generated/TIMER/timer.o
                0x080017bc                TIMER_Init
 .text.TIMER_CCU4_lInit
                0x080017f8       0x98 ./Dave/Generated/TIMER/timer.o
                0x080017f8                TIMER_CCU4_lInit
 .text.TIMER_CCU4_lShadowTransfer
                0x08001890       0x3c ./Dave/Generated/TIMER/timer.o
                0x08001890                TIMER_CCU4_lShadowTransfer
 .text.__NVIC_GetPriorityGrouping
                0x080018cc       0x1c ./Dave/Generated/SYSTIMER/systimer.o
 .text.__NVIC_SetPriority
                0x080018e8       0x54 ./Dave/Generated/SYSTIMER/systimer.o
 .text.NVIC_EncodePriority
                0x0800193c       0x64 ./Dave/Generated/SYSTIMER/systimer.o
 .text.SysTick_Config
                0x080019a0       0x44 ./Dave/Generated/SYSTIMER/systimer.o
 .text.SYSTIMER_lInsertTimerList
                0x080019e4      0x1c4 ./Dave/Generated/SYSTIMER/systimer.o
 .text.SYSTIMER_lRemoveTimerList
                0x08001ba8       0xc0 ./Dave/Generated/SYSTIMER/systimer.o
 .text.SYSTIMER_lTimerHandler
                0x08001c68       0xcc ./Dave/Generated/SYSTIMER/systimer.o
 .text.SysTick_Handler
                0x08001d34       0x48 ./Dave/Generated/SYSTIMER/systimer.o
                0x08001d34                SysTick_Handler
 .text.SYSTIMER_Init
                0x08001d7c       0x74 ./Dave/Generated/SYSTIMER/systimer.o
                0x08001d7c                SYSTIMER_Init
 .text.XMC_USIC_CH_WriteToTBUFTCI
                0x08001df0       0x24 ./Dave/Generated/SPI_MASTER/spi_master.o
 .text.XMC_USIC_CH_EnableEvent
                0x08001e14       0x20 ./Dave/Generated/SPI_MASTER/spi_master.o
 .text.XMC_USIC_CH_DisableEvent
                0x08001e34       0x24 ./Dave/Generated/SPI_MASTER/spi_master.o
 .text.XMC_USIC_CH_GetTransmitBufferStatus
                0x08001e58       0x20 ./Dave/Generated/SPI_MASTER/spi_master.o
 .text.XMC_USIC_CH_GetReceiveBufferStatus
                0x08001e78       0x1c ./Dave/Generated/SPI_MASTER/spi_master.o
 .text.XMC_USIC_CH_TriggerServiceRequest
                0x08001e94       0x20 ./Dave/Generated/SPI_MASTER/spi_master.o
 .text.XMC_USIC_CH_TXFIFO_EnableEvent
                0x08001eb4       0x24 ./Dave/Generated/SPI_MASTER/spi_master.o
 .text.XMC_USIC_CH_TXFIFO_DisableEvent
                0x08001ed8       0x28 ./Dave/Generated/SPI_MASTER/spi_master.o
 .text.XMC_USIC_CH_TXFIFO_PutDataHPCMode
                0x08001f00       0x24 ./Dave/Generated/SPI_MASTER/spi_master.o
 .text.XMC_USIC_CH_TXFIFO_Flush
                0x08001f24       0x1c ./Dave/Generated/SPI_MASTER/spi_master.o
 .text.XMC_USIC_CH_TXFIFO_IsFull
                0x08001f40       0x28 ./Dave/Generated/SPI_MASTER/spi_master.o
 .text.XMC_USIC_CH_TXFIFO_IsEmpty
                0x08001f68       0x28 ./Dave/Generated/SPI_MASTER/spi_master.o
 .text.XMC_USIC_CH_RXFIFO_EnableEvent
                0x08001f90       0x24 ./Dave/Generated/SPI_MASTER/spi_master.o
 .text.XMC_USIC_CH_RXFIFO_DisableEvent
                0x08001fb4       0x28 ./Dave/Generated/SPI_MASTER/spi_master.o
 .text.XMC_USIC_CH_RXFIFO_Flush
                0x08001fdc       0x1c ./Dave/Generated/SPI_MASTER/spi_master.o
 .text.XMC_USIC_CH_RXFIFO_IsEmpty
                0x08001ff8       0x28 ./Dave/Generated/SPI_MASTER/spi_master.o
 .text.XMC_SPI_CH_SetTransmitMode
                0x08002020       0x2c ./Dave/Generated/SPI_MASTER/spi_master.o
 .text.SPI_MASTER_Init
                0x0800204c       0x20 ./Dave/Generated/SPI_MASTER/spi_master.o
                0x0800204c                SPI_MASTER_Init
 .text.SPI_MASTER_Transmit
                0x0800206c       0x34 ./Dave/Generated/SPI_MASTER/spi_master.o
                0x0800206c                SPI_MASTER_Transmit
 .text.SPI_MASTER_Receive
                0x080020a0       0x34 ./Dave/Generated/SPI_MASTER/spi_master.o
                0x080020a0                SPI_MASTER_Receive
 .text.SPI_MASTER_StartTransmitIRQ
                0x080020d4       0xec ./Dave/Generated/SPI_MASTER/spi_master.o
                0x080020d4                SPI_MASTER_StartTransmitIRQ
 .text.SPI_MASTER_StartReceiveIRQ
                0x080021c0       0xa0 ./Dave/Generated/SPI_MASTER/spi_master.o
                0x080021c0                SPI_MASTER_StartReceiveIRQ
 .text.SPI_MASTER_lTransmitHandler
                0x08002260      0x1c8 ./Dave/Generated/SPI_MASTER/spi_master.o
                0x08002260                SPI_MASTER_lTransmitHandler
 .text.SPI_MASTER_lReceiveIRQ
                0x08002428       0xac ./Dave/Generated/SPI_MASTER/spi_master.o
 .text.SPI_MASTER_lReceiveHandler
                0x080024d4      0x1a4 ./Dave/Generated/SPI_MASTER/spi_master.o
                0x080024d4                SPI_MASTER_lReceiveHandler
 .text.SPI_MASTER_lFIFORead
                0x08002678       0xc4 ./Dave/Generated/SPI_MASTER/spi_master.o
 .text.SPI_MASTER_lReconfigureRxFIFO
                0x0800273c       0x70 ./Dave/Generated/SPI_MASTER/spi_master.o
 .text.SPI_MASTER_lStdRBUFFlush
                0x080027ac       0x1c ./Dave/Generated/SPI_MASTER/spi_master.o
 .text.__NVIC_GetPriorityGrouping
                0x080027c8       0x1c ./Dave/Generated/SPI_MASTER/spi_master_conf.o
 .text.__NVIC_EnableIRQ
                0x080027e4       0x38 ./Dave/Generated/SPI_MASTER/spi_master_conf.o
 .text.__NVIC_SetPriority
                0x0800281c       0x54 ./Dave/Generated/SPI_MASTER/spi_master_conf.o
 .text.NVIC_EncodePriority
                0x08002870       0x64 ./Dave/Generated/SPI_MASTER/spi_master_conf.o
 .text.XMC_USIC_CH_SetInputSource
                0x080028d4       0x3c ./Dave/Generated/SPI_MASTER/spi_master_conf.o
 .text.XMC_USIC_CH_SetWordLength
                0x08002910       0x2c ./Dave/Generated/SPI_MASTER/spi_master_conf.o
 .text.XMC_USIC_CH_SetFrameLength
                0x0800293c       0x2c ./Dave/Generated/SPI_MASTER/spi_master_conf.o
 .text.XMC_USIC_CH_ConfigureShiftClockOutput
                0x08002968       0x2c ./Dave/Generated/SPI_MASTER/spi_master_conf.o
 .text.XMC_USIC_CH_SetMode
                0x08002994       0x28 ./Dave/Generated/SPI_MASTER/spi_master_conf.o
 .text.XMC_SPI_CH_Init
                0x080029bc       0x1c ./Dave/Generated/SPI_MASTER/spi_master_conf.o
 .text.XMC_SPI_CH_Start
                0x080029d8       0x18 ./Dave/Generated/SPI_MASTER/spi_master_conf.o
 .text.XMC_SPI_CH_SetBitOrderMsbFirst
                0x080029f0       0x20 ./Dave/Generated/SPI_MASTER/spi_master_conf.o
 .text.XMC_SPI_CH_SetSlaveSelectDelay
                0x08002a10       0x2c ./Dave/Generated/SPI_MASTER/spi_master_conf.o
 .text.XMC_SPI_CH_ConfigureShiftClockOutput
                0x08002a3c       0x1c ./Dave/Generated/SPI_MASTER/spi_master_conf.o
 .text.XMC_SPI_CH_SetWordLength
                0x08002a58       0x1c ./Dave/Generated/SPI_MASTER/spi_master_conf.o
 .text.XMC_SPI_CH_SetFrameLength
                0x08002a74       0x1c ./Dave/Generated/SPI_MASTER/spi_master_conf.o
 .text.XMC_SPI_CH_SetInputSource
                0x08002a90       0x44 ./Dave/Generated/SPI_MASTER/spi_master_conf.o
 .text.SPI_MASTER_0_lInit
                0x08002ad4      0x128 ./Dave/Generated/SPI_MASTER/spi_master_conf.o
 .text.USIC1_1_IRQHandler
                0x08002bfc       0x10 ./Dave/Generated/SPI_MASTER/spi_master_conf.o
                0x08002bfc                USIC1_1_IRQHandler
 .text.USIC1_0_IRQHandler
                0x08002c0c       0x10 ./Dave/Generated/SPI_MASTER/spi_master_conf.o
                0x08002c0c                USIC1_0_IRQHandler
 .text.__NVIC_GetPriorityGrouping
                0x08002c1c       0x1c ./Dave/Generated/INTERRUPT/interrupt.o
 .text.__NVIC_EnableIRQ
                0x08002c38       0x38 ./Dave/Generated/INTERRUPT/interrupt.o
 .text.__NVIC_SetPriority
                0x08002c70       0x54 ./Dave/Generated/INTERRUPT/interrupt.o
 .text.NVIC_EncodePriority
                0x08002cc4       0x64 ./Dave/Generated/INTERRUPT/interrupt.o
 .text.INTERRUPT_Enable
                0x08002d28       0x1c ./Dave/Generated/INTERRUPT/interrupt.o
 .text.INTERRUPT_Init
                0x08002d44       0x4c ./Dave/Generated/INTERRUPT/interrupt.o
                0x08002d44                INTERRUPT_Init
 .text.GUI_X_Config
                0x08002d90       0x24 ./Dave/Generated/GUI_SEGGERLIBRARY/Config/GUIConf.o
                0x08002d90                GUI_X_Config
 .text.GUI_X_Init
                0x08002db4        0xc ./Dave/Generated/GUI_SEGGERLIBRARY/Config/GUI_X.o
                0x08002db4                GUI_X_Init
 .text.OLED_SPI_WriteCommand
                0x08002dc0       0x28 ./Dave/Generated/GUI_SEGGERLIBRARY/LCDConf.o
 .text.OLED_SPI_InitController
                0x08002de8      0x138 ./Dave/Generated/GUI_SEGGERLIBRARY/LCDConf.o
 .text.LCD_X_Config
                0x08002f20       0xb0 ./Dave/Generated/GUI_SEGGERLIBRARY/LCDConf.o
                0x08002f20                LCD_X_Config
 .text.LCD_X_DisplayDriver
                0x08002fd0       0x2c ./Dave/Generated/GUI_SEGGERLIBRARY/LCDConf.o
                0x08002fd0                LCD_X_DisplayDriver
 .text.XMC_GPIO_SetOutputHigh
                0x08002ffc       0x20 ./Dave/Generated/GUI_SEGGERLIBRARY/gui_seggerlibrary.o
 .text.XMC_GPIO_SetOutputLow
                0x0800301c       0x24 ./Dave/Generated/GUI_SEGGERLIBRARY/gui_seggerlibrary.o
 .text.XMC_SPI_CH_GetStatusFlag
                0x08003040       0x18 ./Dave/Generated/GUI_SEGGERLIBRARY/gui_seggerlibrary.o
 .text.XMC_SPI_CH_ClearStatusFlag
                0x08003058       0x20 ./Dave/Generated/GUI_SEGGERLIBRARY/gui_seggerlibrary.o
 .text.SPI_MASTER_GetFlagStatus
                0x08003078       0x24 ./Dave/Generated/GUI_SEGGERLIBRARY/gui_seggerlibrary.o
 .text.SPI_MASTER_ClearFlag
                0x0800309c       0x1c ./Dave/Generated/GUI_SEGGERLIBRARY/gui_seggerlibrary.o
 .text.GUI_SEGGERLIBRARY_Init
                0x080030b8       0x78 ./Dave/Generated/GUI_SEGGERLIBRARY/gui_seggerlibrary.o
                0x080030b8                GUI_SEGGERLIBRARY_Init
 .text.GUI_SEGGERLIBRARY_SendByte
                0x08003130       0x44 ./Dave/Generated/GUI_SEGGERLIBRARY/gui_seggerlibrary.o
                0x08003130                GUI_SEGGERLIBRARY_SendByte
 .text.GUI_SEGGERLIBRARY_WriteCmdByte
                0x08003174       0x50 ./Dave/Generated/GUI_SEGGERLIBRARY/gui_seggerlibrary.o
                0x08003174                GUI_SEGGERLIBRARY_WriteCmdByte
 .text.GUI_SEGGERLIBRARY_WriteDataByte
                0x080031c4       0x50 ./Dave/Generated/GUI_SEGGERLIBRARY/gui_seggerlibrary.o
                0x080031c4                GUI_SEGGERLIBRARY_WriteDataByte
 .text.GUI_SEGGERLIBRARY_WriteMultipleBytes
                0x08003214       0x68 ./Dave/Generated/GUI_SEGGERLIBRARY/gui_seggerlibrary.o
                0x08003214                GUI_SEGGERLIBRARY_WriteMultipleBytes
 .text.GUI_SEGGERLIBRARY_ReadMultipleBytes
                0x0800327c       0x34 ./Dave/Generated/GUI_SEGGERLIBRARY/gui_seggerlibrary.o
                0x0800327c                GUI_SEGGERLIBRARY_ReadMultipleBytes
 .text.XMC_CCU4_StartPrescaler
                0x080032b0       0x1c ./Dave/Generated/GLOBAL_CCU4/global_ccu4.o
 .text.GLOBAL_CCU4_Init
                0x080032cc       0x40 ./Dave/Generated/GLOBAL_CCU4/global_ccu4.o
                0x080032cc                GLOBAL_CCU4_Init
 .text.__NVIC_SetPriorityGrouping
                0x0800330c       0x48 ./Dave/Generated/CPU_CTRL_XMC4/cpu_ctrl_xmc4_conf.o
 .text.SystemCoreSetup
                0x08003354       0xa0 ./Dave/Generated/CPU_CTRL_XMC4/cpu_ctrl_xmc4_conf.o
                0x08003354                SystemCoreSetup
 .text.CLOCK_XMC4_Init
                0x080033f4       0x20 ./Dave/Generated/CLOCK_XMC4/clock_xmc4.o
                0x080033f4                CLOCK_XMC4_Init
 .text.OSCHP_GetFrequency
                0x08003414       0x14 ./Dave/Generated/CLOCK_XMC4/clock_xmc4.o
                0x08003414                OSCHP_GetFrequency
 .text.SystemCoreClockSetup
                0x08003428       0x50 ./Dave/Generated/CLOCK_XMC4/clock_xmc4_conf.o
                0x08003428                SystemCoreClockSetup
 .text.DAVE_Init
                0x08003478       0x60 ./Dave/Generated/DAVE.o
                0x08003478                DAVE_Init
 .text.main     0x080034d8       0x64 ./main.o
                0x080034d8                main
 .text.CCU41_1_IRQHandler
                0x0800353c       0x34 ./main.o
                0x0800353c                CCU41_1_IRQHandler
 .text._SetPhysRAMAddr
                0x08003570       0x88 C:\DAVE_4-4-2_64bit_2018-02-23\DAVE_4-4-2_64bit_2018-02-23\DAVE-IDE-4.4.2-64Bit\eclipse\/emWin/Start/GUI\libGUI_basic_xmc4.a(GUIDRV_FlexColor_Func66718.o)
 .text._SetRect
                0x080035f8      0x1a0 C:\DAVE_4-4-2_64bit_2018-02-23\DAVE_4-4-2_64bit_2018-02-23\DAVE-IDE-4.4.2-64Bit\eclipse\/emWin/Start/GUI\libGUI_basic_xmc4.a(GUIDRV_FlexColor_Func66718.o)
 .text._SetOrientation
                0x08003798       0x44 C:\DAVE_4-4-2_64bit_2018-02-23\DAVE_4-4-2_64bit_2018-02-23\DAVE-IDE-4.4.2-64Bit\eclipse\/emWin/Start/GUI\libGUI_basic_xmc4.a(GUIDRV_FlexColor_Func66718.o)
 .text._ReadPixel_16bpp_B8
                0x080037dc       0x2c C:\DAVE_4-4-2_64bit_2018-02-23\DAVE_4-4-2_64bit_2018-02-23\DAVE-IDE-4.4.2-64Bit\eclipse\/emWin/Start/GUI\libGUI_basic_xmc4.a(GUIDRV_FlexColor_Func66718.o)
 .text._ReadPixel_18bpp_B9
                0x08003808       0x2c C:\DAVE_4-4-2_64bit_2018-02-23\DAVE_4-4-2_64bit_2018-02-23\DAVE-IDE-4.4.2-64Bit\eclipse\/emWin/Start/GUI\libGUI_basic_xmc4.a(GUIDRV_FlexColor_Func66718.o)
 .text._ReadPixel_16bpp_B16
                0x08003834       0x24 C:\DAVE_4-4-2_64bit_2018-02-23\DAVE_4-4-2_64bit_2018-02-23\DAVE-IDE-4.4.2-64Bit\eclipse\/emWin/Start/GUI\libGUI_basic_xmc4.a(GUIDRV_FlexColor_Func66718.o)
 .text._SetReg_B8
                0x08003858       0x18 C:\DAVE_4-4-2_64bit_2018-02-23\DAVE_4-4-2_64bit_2018-02-23\DAVE-IDE-4.4.2-64Bit\eclipse\/emWin/Start/GUI\libGUI_basic_xmc4.a(GUIDRV_FlexColor_Func66718.o)
 .text._SetReg_B9
                0x08003870       0x1c C:\DAVE_4-4-2_64bit_2018-02-23\DAVE_4-4-2_64bit_2018-02-23\DAVE-IDE-4.4.2-64Bit\eclipse\/emWin/Start/GUI\libGUI_basic_xmc4.a(GUIDRV_FlexColor_Func66718.o)
 .text._SetReg_B16
                0x0800388c        0xc C:\DAVE_4-4-2_64bit_2018-02-23\DAVE_4-4-2_64bit_2018-02-23\DAVE-IDE-4.4.2-64Bit\eclipse\/emWin/Start/GUI\libGUI_basic_xmc4.a(GUIDRV_FlexColor_Func66718.o)
 .text._WritePara_B8
                0x08003898       0x18 C:\DAVE_4-4-2_64bit_2018-02-23\DAVE_4-4-2_64bit_2018-02-23\DAVE-IDE-4.4.2-64Bit\eclipse\/emWin/Start/GUI\libGUI_basic_xmc4.a(GUIDRV_FlexColor_Func66718.o)
 .text._WritePara_B9
                0x080038b0       0x1c C:\DAVE_4-4-2_64bit_2018-02-23\DAVE_4-4-2_64bit_2018-02-23\DAVE-IDE-4.4.2-64Bit\eclipse\/emWin/Start/GUI\libGUI_basic_xmc4.a(GUIDRV_FlexColor_Func66718.o)
 .text._WritePara_B16
                0x080038cc        0xc C:\DAVE_4-4-2_64bit_2018-02-23\DAVE_4-4-2_64bit_2018-02-23\DAVE-IDE-4.4.2-64Bit\eclipse\/emWin/Start/GUI\libGUI_basic_xmc4.a(GUIDRV_FlexColor_Func66718.o)
 .text._SetInterface
                0x080038d8       0x50 C:\DAVE_4-4-2_64bit_2018-02-23\DAVE_4-4-2_64bit_2018-02-23\DAVE-IDE-4.4.2-64Bit\eclipse\/emWin/Start/GUI\libGUI_basic_xmc4.a(GUIDRV_FlexColor_Func66718.o)
 .text.GUIDRV_FlexColor_SetFunc66718
                0x08003928       0x68 C:\DAVE_4-4-2_64bit_2018-02-23\DAVE_4-4-2_64bit_2018-02-23\DAVE-IDE-4.4.2-64Bit\eclipse\/emWin/Start/GUI\libGUI_basic_xmc4.a(GUIDRV_FlexColor_Func66718.o)
                0x08003928                GUIDRV_FlexColor_SetFunc66718
 .text._ReadData
                0x08003990        0xc C:\DAVE_4-4-2_64bit_2018-02-23\DAVE_4-4-2_64bit_2018-02-23\DAVE-IDE-4.4.2-64Bit\eclipse\/emWin/Start/GUI\libGUI_basic_xmc4.a(GUIDRV_FlexColor_16bpp_C0B8.o)
 .text._WriteData
                0x0800399c       0x1c C:\DAVE_4-4-2_64bit_2018-02-23\DAVE_4-4-2_64bit_2018-02-23\DAVE-IDE-4.4.2-64Bit\eclipse\/emWin/Start/GUI\libGUI_basic_xmc4.a(GUIDRV_FlexColor_16bpp_C0B8.o)
 .text._FillRect
                0x080039b8      0x400 C:\DAVE_4-4-2_64bit_2018-02-23\DAVE_4-4-2_64bit_2018-02-23\DAVE-IDE-4.4.2-64Bit\eclipse\/emWin/Start/GUI\libGUI_basic_xmc4.a(GUIDRV_FlexColor_16bpp_C0B8.o)
 .text._DrawBitmap
                0x08003db8      0xf64 C:\DAVE_4-4-2_64bit_2018-02-23\DAVE_4-4-2_64bit_2018-02-23\DAVE-IDE-4.4.2-64Bit\eclipse\/emWin/Start/GUI\libGUI_basic_xmc4.a(GUIDRV_FlexColor_16bpp_C0B8.o)
 .text.GUIDRV_FlexColor_SetMode16bppC0B8
                0x08004d1c       0x74 C:\DAVE_4-4-2_64bit_2018-02-23\DAVE_4-4-2_64bit_2018-02-23\DAVE-IDE-4.4.2-64Bit\eclipse\/emWin/Start/GUI\libGUI_basic_xmc4.a(GUIDRV_FlexColor_16bpp_C0B8.o)
                0x08004d1c                GUIDRV_FlexColor_SetMode16bppC0B8
 .text._Log2PhysX_X0Y0S0
                0x08004d90        0x4 C:\DAVE_4-4-2_64bit_2018-02-23\DAVE_4-4-2_64bit_2018-02-23\DAVE-IDE-4.4.2-64Bit\eclipse\/emWin/Start/GUI\libGUI_basic_xmc4.a(GUIDRV_FlexColor.o)
 .text._Log2PhysX_X1Y0S0
                0x08004d94        0x8 C:\DAVE_4-4-2_64bit_2018-02-23\DAVE_4-4-2_64bit_2018-02-23\DAVE-IDE-4.4.2-64Bit\eclipse\/emWin/Start/GUI\libGUI_basic_xmc4.a(GUIDRV_FlexColor.o)
 .text._Log2PhysX_X0Y1S0
                0x08004d9c        0x4 C:\DAVE_4-4-2_64bit_2018-02-23\DAVE_4-4-2_64bit_2018-02-23\DAVE-IDE-4.4.2-64Bit\eclipse\/emWin/Start/GUI\libGUI_basic_xmc4.a(GUIDRV_FlexColor.o)
 .text._Log2PhysX_X1Y1S0
                0x08004da0        0x8 C:\DAVE_4-4-2_64bit_2018-02-23\DAVE_4-4-2_64bit_2018-02-23\DAVE-IDE-4.4.2-64Bit\eclipse\/emWin/Start/GUI\libGUI_basic_xmc4.a(GUIDRV_FlexColor.o)
 .text._Log2PhysX_X0Y0S1
                0x08004da8        0x4 C:\DAVE_4-4-2_64bit_2018-02-23\DAVE_4-4-2_64bit_2018-02-23\DAVE-IDE-4.4.2-64Bit\eclipse\/emWin/Start/GUI\libGUI_basic_xmc4.a(GUIDRV_FlexColor.o)
 .text._Log2PhysX_X1Y0S1
                0x08004dac        0x8 C:\DAVE_4-4-2_64bit_2018-02-23\DAVE_4-4-2_64bit_2018-02-23\DAVE-IDE-4.4.2-64Bit\eclipse\/emWin/Start/GUI\libGUI_basic_xmc4.a(GUIDRV_FlexColor.o)
 .text._Log2PhysX_X0Y1S1
                0x08004db4        0x4 C:\DAVE_4-4-2_64bit_2018-02-23\DAVE_4-4-2_64bit_2018-02-23\DAVE-IDE-4.4.2-64Bit\eclipse\/emWin/Start/GUI\libGUI_basic_xmc4.a(GUIDRV_FlexColor.o)
 .text._Log2PhysX_X1Y1S1
                0x08004db8        0x8 C:\DAVE_4-4-2_64bit_2018-02-23\DAVE_4-4-2_64bit_2018-02-23\DAVE-IDE-4.4.2-64Bit\eclipse\/emWin/Start/GUI\libGUI_basic_xmc4.a(GUIDRV_FlexColor.o)
 .text._Log2PhysY_X0Y0S0
                0x08004dc0        0x4 C:\DAVE_4-4-2_64bit_2018-02-23\DAVE_4-4-2_64bit_2018-02-23\DAVE-IDE-4.4.2-64Bit\eclipse\/emWin/Start/GUI\libGUI_basic_xmc4.a(GUIDRV_FlexColor.o)
 .text._Log2PhysY_X1Y0S0
                0x08004dc4        0x4 C:\DAVE_4-4-2_64bit_2018-02-23\DAVE_4-4-2_64bit_2018-02-23\DAVE-IDE-4.4.2-64Bit\eclipse\/emWin/Start/GUI\libGUI_basic_xmc4.a(GUIDRV_FlexColor.o)
 .text._Log2PhysY_X0Y1S0
                0x08004dc8        0x8 C:\DAVE_4-4-2_64bit_2018-02-23\DAVE_4-4-2_64bit_2018-02-23\DAVE-IDE-4.4.2-64Bit\eclipse\/emWin/Start/GUI\libGUI_basic_xmc4.a(GUIDRV_FlexColor.o)
 .text._Log2PhysY_X1Y1S0
                0x08004dd0        0x8 C:\DAVE_4-4-2_64bit_2018-02-23\DAVE_4-4-2_64bit_2018-02-23\DAVE-IDE-4.4.2-64Bit\eclipse\/emWin/Start/GUI\libGUI_basic_xmc4.a(GUIDRV_FlexColor.o)
 .text._Log2PhysY_X0Y0S1
                0x08004dd8        0x4 C:\DAVE_4-4-2_64bit_2018-02-23\DAVE_4-4-2_64bit_2018-02-23\DAVE-IDE-4.4.2-64Bit\eclipse\/emWin/Start/GUI\libGUI_basic_xmc4.a(GUIDRV_FlexColor.o)
 .text._Log2PhysY_X1Y0S1
                0x08004ddc        0x4 C:\DAVE_4-4-2_64bit_2018-02-23\DAVE_4-4-2_64bit_2018-02-23\DAVE-IDE-4.4.2-64Bit\eclipse\/emWin/Start/GUI\libGUI_basic_xmc4.a(GUIDRV_FlexColor.o)
 .text._Log2PhysY_X0Y1S1
                0x08004de0        0x8 C:\DAVE_4-4-2_64bit_2018-02-23\DAVE_4-4-2_64bit_2018-02-23\DAVE-IDE-4.4.2-64Bit\eclipse\/emWin/Start/GUI\libGUI_basic_xmc4.a(GUIDRV_FlexColor.o)
 .text._Log2PhysY_X1Y1S1
                0x08004de8        0x8 C:\DAVE_4-4-2_64bit_2018-02-23\DAVE_4-4-2_64bit_2018-02-23\DAVE-IDE-4.4.2-64Bit\eclipse\/emWin/Start/GUI\libGUI_basic_xmc4.a(GUIDRV_FlexColor.o)
 .text._SetPixelIndex
                0x08004df0        0xc C:\DAVE_4-4-2_64bit_2018-02-23\DAVE_4-4-2_64bit_2018-02-23\DAVE-IDE-4.4.2-64Bit\eclipse\/emWin/Start/GUI\libGUI_basic_xmc4.a(GUIDRV_FlexColor.o)
 .text._GetPixelIndex
                0x08004dfc        0xc C:\DAVE_4-4-2_64bit_2018-02-23\DAVE_4-4-2_64bit_2018-02-23\DAVE-IDE-4.4.2-64Bit\eclipse\/emWin/Start/GUI\libGUI_basic_xmc4.a(GUIDRV_FlexColor.o)
 .text._XorPixel
                0x08004e08       0x30 C:\DAVE_4-4-2_64bit_2018-02-23\DAVE_4-4-2_64bit_2018-02-23\DAVE-IDE-4.4.2-64Bit\eclipse\/emWin/Start/GUI\libGUI_basic_xmc4.a(GUIDRV_FlexColor.o)
 .text._DrawHLine
                0x08004e38       0x14 C:\DAVE_4-4-2_64bit_2018-02-23\DAVE_4-4-2_64bit_2018-02-23\DAVE-IDE-4.4.2-64Bit\eclipse\/emWin/Start/GUI\libGUI_basic_xmc4.a(GUIDRV_FlexColor.o)
 .text._DrawVLine
                0x08004e4c       0x14 C:\DAVE_4-4-2_64bit_2018-02-23\DAVE_4-4-2_64bit_2018-02-23\DAVE-IDE-4.4.2-64Bit\eclipse\/emWin/Start/GUI\libGUI_basic_xmc4.a(GUIDRV_FlexColor.o)
 .text._FillRect
                0x08004e60       0x14 C:\DAVE_4-4-2_64bit_2018-02-23\DAVE_4-4-2_64bit_2018-02-23\DAVE-IDE-4.4.2-64Bit\eclipse\/emWin/Start/GUI\libGUI_basic_xmc4.a(GUIDRV_FlexColor.o)
 .text._DrawBitmap
                0x08004e74       0x28 C:\DAVE_4-4-2_64bit_2018-02-23\DAVE_4-4-2_64bit_2018-02-23\DAVE-IDE-4.4.2-64Bit\eclipse\/emWin/Start/GUI\libGUI_basic_xmc4.a(GUIDRV_FlexColor.o)
 .text._GetDevFunc_SetRect
                0x08004e9c        0x4 C:\DAVE_4-4-2_64bit_2018-02-23\DAVE_4-4-2_64bit_2018-02-23\DAVE-IDE-4.4.2-64Bit\eclipse\/emWin/Start/GUI\libGUI_basic_xmc4.a(GUIDRV_FlexColor.o)
 .text._GetDevFunc_SetRectOutside
                0x08004ea0       0x48 C:\DAVE_4-4-2_64bit_2018-02-23\DAVE_4-4-2_64bit_2018-02-23\DAVE-IDE-4.4.2-64Bit\eclipse\/emWin/Start/GUI\libGUI_basic_xmc4.a(GUIDRV_FlexColor.o)
 .text._ReadPixelCust_16bpp
                0x08004ee8       0x10 C:\DAVE_4-4-2_64bit_2018-02-23\DAVE_4-4-2_64bit_2018-02-23\DAVE-IDE-4.4.2-64Bit\eclipse\/emWin/Start/GUI\libGUI_basic_xmc4.a(GUIDRV_FlexColor.o)
 .text._ReadPixelCust_18bpp
                0x08004ef8       0x10 C:\DAVE_4-4-2_64bit_2018-02-23\DAVE_4-4-2_64bit_2018-02-23\DAVE-IDE-4.4.2-64Bit\eclipse\/emWin/Start/GUI\libGUI_basic_xmc4.a(GUIDRV_FlexColor.o)
 .text._ReadRectCust_16bpp
                0x08004f08       0x3c C:\DAVE_4-4-2_64bit_2018-02-23\DAVE_4-4-2_64bit_2018-02-23\DAVE-IDE-4.4.2-64Bit\eclipse\/emWin/Start/GUI\libGUI_basic_xmc4.a(GUIDRV_FlexColor.o)
 .text._ReadRectCust_18bpp
                0x08004f44       0x3c C:\DAVE_4-4-2_64bit_2018-02-23\DAVE_4-4-2_64bit_2018-02-23\DAVE-IDE-4.4.2-64Bit\eclipse\/emWin/Start/GUI\libGUI_basic_xmc4.a(GUIDRV_FlexColor.o)
 .text._GetDevFunc
                0x08004f80       0x6c C:\DAVE_4-4-2_64bit_2018-02-23\DAVE_4-4-2_64bit_2018-02-23\DAVE-IDE-4.4.2-64Bit\eclipse\/emWin/Start/GUI\libGUI_basic_xmc4.a(GUIDRV_FlexColor.o)
 .text._GetDevProp
                0x08004fec       0x64 C:\DAVE_4-4-2_64bit_2018-02-23\DAVE_4-4-2_64bit_2018-02-23\DAVE-IDE-4.4.2-64Bit\eclipse\/emWin/Start/GUI\libGUI_basic_xmc4.a(GUIDRV_FlexColor.o)
 .text._GetDevData
                0x08005050        0xc C:\DAVE_4-4-2_64bit_2018-02-23\DAVE_4-4-2_64bit_2018-02-23\DAVE-IDE-4.4.2-64Bit\eclipse\/emWin/Start/GUI\libGUI_basic_xmc4.a(GUIDRV_FlexColor.o)
 .text._GetRect
                0x0800505c       0x18 C:\DAVE_4-4-2_64bit_2018-02-23\DAVE_4-4-2_64bit_2018-02-23\DAVE-IDE-4.4.2-64Bit\eclipse\/emWin/Start/GUI\libGUI_basic_xmc4.a(GUIDRV_FlexColor.o)
 .text.GUIDRV_FlexColor__SetLog2Phys
                0x08005074       0x50 C:\DAVE_4-4-2_64bit_2018-02-23\DAVE_4-4-2_64bit_2018-02-23\DAVE-IDE-4.4.2-64Bit\eclipse\/emWin/Start/GUI\libGUI_basic_xmc4.a(GUIDRV_FlexColor.o)
                0x08005074                GUIDRV_FlexColor__SetLog2Phys
 .text._SetOrg  0x080050c4       0x18 C:\DAVE_4-4-2_64bit_2018-02-23\DAVE_4-4-2_64bit_2018-02-23\DAVE-IDE-4.4.2-64Bit\eclipse\/emWin/Start/GUI\libGUI_basic_xmc4.a(GUIDRV_FlexColor.o)
 .text._GetDevFunc_SetVSize
                0x080050dc       0x40 C:\DAVE_4-4-2_64bit_2018-02-23\DAVE_4-4-2_64bit_2018-02-23\DAVE-IDE-4.4.2-64Bit\eclipse\/emWin/Start/GUI\libGUI_basic_xmc4.a(GUIDRV_FlexColor.o)
 .text._SetDevFunc
                0x0800511c       0xc8 C:\DAVE_4-4-2_64bit_2018-02-23\DAVE_4-4-2_64bit_2018-02-23\DAVE-IDE-4.4.2-64Bit\eclipse\/emWin/Start/GUI\libGUI_basic_xmc4.a(GUIDRV_FlexColor.o)
 .text._GetDevFunc_Init
                0x080051e4       0x78 C:\DAVE_4-4-2_64bit_2018-02-23\DAVE_4-4-2_64bit_2018-02-23\DAVE-IDE-4.4.2-64Bit\eclipse\/emWin/Start/GUI\libGUI_basic_xmc4.a(GUIDRV_FlexColor.o)
 .text._GetDevFunc_SetSize
                0x0800525c       0x40 C:\DAVE_4-4-2_64bit_2018-02-23\DAVE_4-4-2_64bit_2018-02-23\DAVE-IDE-4.4.2-64Bit\eclipse\/emWin/Start/GUI\libGUI_basic_xmc4.a(GUIDRV_FlexColor.o)
 .text.GUIDRV_FlexColor__SetPixelIndexNoCache
                0x0800529c       0x98 C:\DAVE_4-4-2_64bit_2018-02-23\DAVE_4-4-2_64bit_2018-02-23\DAVE-IDE-4.4.2-64Bit\eclipse\/emWin/Start/GUI\libGUI_basic_xmc4.a(GUIDRV_FlexColor.o)
                0x0800529c                GUIDRV_FlexColor__SetPixelIndexNoCache
 .text.GUIDRV_FlexColor__GetPixelIndexNoCache
                0x08005334       0xc0 C:\DAVE_4-4-2_64bit_2018-02-23\DAVE_4-4-2_64bit_2018-02-23\DAVE-IDE-4.4.2-64Bit\eclipse\/emWin/Start/GUI\libGUI_basic_xmc4.a(GUIDRV_FlexColor.o)
                0x08005334                GUIDRV_FlexColor__GetPixelIndexNoCache
 .text.GUIDRV_FlexColor__InitOnce
                0x080053f4       0x38 C:\DAVE_4-4-2_64bit_2018-02-23\DAVE_4-4-2_64bit_2018-02-23\DAVE-IDE-4.4.2-64Bit\eclipse\/emWin/Start/GUI\libGUI_basic_xmc4.a(GUIDRV_FlexColor.o)
                0x080053f4                GUIDRV_FlexColor__InitOnce
 .text.GUIDRV_FlexColor_Config
                0x0800542c       0x68 C:\DAVE_4-4-2_64bit_2018-02-23\DAVE_4-4-2_64bit_2018-02-23\DAVE-IDE-4.4.2-64Bit\eclipse\/emWin/Start/GUI\libGUI_basic_xmc4.a(GUIDRV_FlexColor.o)
                0x0800542c                GUIDRV_FlexColor_Config
 .text.GUIDRV_FlexColor_SetFunc
                0x08005494       0x60 C:\DAVE_4-4-2_64bit_2018-02-23\DAVE_4-4-2_64bit_2018-02-23\DAVE-IDE-4.4.2-64Bit\eclipse\/emWin/Start/GUI\libGUI_basic_xmc4.a(GUIDRV_FlexColor.o)
                0x08005494                GUIDRV_FlexColor_SetFunc
 .text.LCD_SetVSizeEx
                0x080054f4       0x30 C:\DAVE_4-4-2_64bit_2018-02-23\DAVE_4-4-2_64bit_2018-02-23\DAVE-IDE-4.4.2-64Bit\eclipse\/emWin/Start/GUI\libGUI_basic_xmc4.a(LCD_Set.o)
                0x080054f4                LCD_SetVSizeEx
 .text.LCD_SetSizeEx
                0x08005524       0x30 C:\DAVE_4-4-2_64bit_2018-02-23\DAVE_4-4-2_64bit_2018-02-23\DAVE-IDE-4.4.2-64Bit\eclipse\/emWin/Start/GUI\libGUI_basic_xmc4.a(LCD_Set.o)
                0x08005524                LCD_SetSizeEx
 .text.LCD_SetLUTEntryEx
                0x08005554       0x30 C:\DAVE_4-4-2_64bit_2018-02-23\DAVE_4-4-2_64bit_2018-02-23\DAVE-IDE-4.4.2-64Bit\eclipse\/emWin/Start/GUI\libGUI_basic_xmc4.a(LCD_Set.o)
                0x08005554                LCD_SetLUTEntryEx
 .text.GUI__memset
                0x08005584      0x1d8 C:\DAVE_4-4-2_64bit_2018-02-23\DAVE_4-4-2_64bit_2018-02-23\DAVE-IDE-4.4.2-64Bit\eclipse\/emWin/Start/GUI\libGUI_basic_xmc4.a(GUI__memset.o)
                0x08005584                GUI__memset
 .text.GUI_DispDecAt
                0x0800575c       0x28 C:\DAVE_4-4-2_64bit_2018-02-23\DAVE_4-4-2_64bit_2018-02-23\DAVE-IDE-4.4.2-64Bit\eclipse\/emWin/Start/GUI\libGUI_basic_xmc4.a(GUI_Val.o)
                0x0800575c                GUI_DispDecAt
 .text.GUI_SetFont
                0x08005784       0x14 C:\DAVE_4-4-2_64bit_2018-02-23\DAVE_4-4-2_64bit_2018-02-23\DAVE-IDE-4.4.2-64Bit\eclipse\/emWin/Start/GUI\libGUI_basic_xmc4.a(GUI_SetFont.o)
                0x08005784                GUI_SetFont
 .text.GUI_SetColor
                0x08005798        0x4 C:\DAVE_4-4-2_64bit_2018-02-23\DAVE_4-4-2_64bit_2018-02-23\DAVE-IDE-4.4.2-64Bit\eclipse\/emWin/Start/GUI\libGUI_basic_xmc4.a(GUI_SetColor.o)
                0x08005798                GUI_SetColor
 .text.GUI_DispStringHCenterAt
                0x0800579c       0x34 C:\DAVE_4-4-2_64bit_2018-02-23\DAVE_4-4-2_64bit_2018-02-23\DAVE-IDE-4.4.2-64Bit\eclipse\/emWin/Start/GUI\libGUI_basic_xmc4.a(GUI_DispStringHCenter.o)
                0x0800579c                GUI_DispStringHCenterAt
 .text.GUI_DispStringAt
                0x080057d0       0x14 C:\DAVE_4-4-2_64bit_2018-02-23\DAVE_4-4-2_64bit_2018-02-23\DAVE-IDE-4.4.2-64Bit\eclipse\/emWin/Start/GUI\libGUI_basic_xmc4.a(GUI_DispStringAt.o)
                0x080057d0                GUI_DispStringAt
 .text.GUI_DispString
                0x080057e4      0x134 C:\DAVE_4-4-2_64bit_2018-02-23\DAVE_4-4-2_64bit_2018-02-23\DAVE-IDE-4.4.2-64Bit\eclipse\/emWin/Start/GUI\libGUI_basic_xmc4.a(GUI_DispString.o)
                0x080057e4                GUI_DispString
 .text.GUI_DEVICE__GetpDriver
                0x08005918       0x2c C:\DAVE_4-4-2_64bit_2018-02-23\DAVE_4-4-2_64bit_2018-02-23\DAVE-IDE-4.4.2-64Bit\eclipse\/emWin/Start/GUI\libGUI_basic_xmc4.a(GUI_Device.o)
                0x08005918                GUI_DEVICE__GetpDriver
 .text.GUI_DEVICE_Unlink
                0x08005944       0x2c C:\DAVE_4-4-2_64bit_2018-02-23\DAVE_4-4-2_64bit_2018-02-23\DAVE-IDE-4.4.2-64Bit\eclipse\/emWin/Start/GUI\libGUI_basic_xmc4.a(GUI_Device.o)
                0x08005944                GUI_DEVICE_Unlink
 .text.GUI_DEVICE_Link
                0x08005970       0x88 C:\DAVE_4-4-2_64bit_2018-02-23\DAVE_4-4-2_64bit_2018-02-23\DAVE-IDE-4.4.2-64Bit\eclipse\/emWin/Start/GUI\libGUI_basic_xmc4.a(GUI_Device.o)
                0x08005970                GUI_DEVICE_Link
 .text.GUI_DEVICE_CreateAndLink
                0x080059f8       0x70 C:\DAVE_4-4-2_64bit_2018-02-23\DAVE_4-4-2_64bit_2018-02-23\DAVE-IDE-4.4.2-64Bit\eclipse\/emWin/Start/GUI\libGUI_basic_xmc4.a(GUI_Device.o)
                0x080059f8                GUI_DEVICE_CreateAndLink
 .text._OnExit  0x08005a68       0x2c C:\DAVE_4-4-2_64bit_2018-02-23\DAVE_4-4-2_64bit_2018-02-23\DAVE-IDE-4.4.2-64Bit\eclipse\/emWin/Start/GUI\libGUI_basic_xmc4.a(GUI_Core.o)
 .text.GUI_SetDefaultFont
                0x08005a94        0xc C:\DAVE_4-4-2_64bit_2018-02-23\DAVE_4-4-2_64bit_2018-02-23\DAVE-IDE-4.4.2-64Bit\eclipse\/emWin/Start/GUI\libGUI_basic_xmc4.a(GUI_Core.o)
                0x08005a94                GUI_SetDefaultFont
 .text.GUI_Clear
                0x08005aa0       0x30 C:\DAVE_4-4-2_64bit_2018-02-23\DAVE_4-4-2_64bit_2018-02-23\DAVE-IDE-4.4.2-64Bit\eclipse\/emWin/Start/GUI\libGUI_basic_xmc4.a(GUI_Core.o)
                0x08005aa0                GUI_Clear
 .text.GUI_Init
                0x08005ad0       0xb8 C:\DAVE_4-4-2_64bit_2018-02-23\DAVE_4-4-2_64bit_2018-02-23\DAVE-IDE-4.4.2-64Bit\eclipse\/emWin/Start/GUI\libGUI_basic_xmc4.a(GUI_Core.o)
                0x08005ad0                GUI_Init
 .text.GUI__RegisterExit
                0x08005b88       0x10 C:\DAVE_4-4-2_64bit_2018-02-23\DAVE_4-4-2_64bit_2018-02-23\DAVE-IDE-4.4.2-64Bit\eclipse\/emWin/Start/GUI\libGUI_basic_xmc4.a(GUI_Core.o)
                0x08005b88                GUI__RegisterExit
 .text.GUIPROP_DispChar
                0x08005b98       0xf4 C:\DAVE_4-4-2_64bit_2018-02-23\DAVE_4-4-2_64bit_2018-02-23\DAVE-IDE-4.4.2-64Bit\eclipse\/emWin/Start/GUI\libGUI_basic_xmc4.a(GUI_CharP.o)
                0x08005b98                GUIPROP_DispChar
 .text.GUIPROP_GetCharDistX
                0x08005c8c       0x48 C:\DAVE_4-4-2_64bit_2018-02-23\DAVE_4-4-2_64bit_2018-02-23\DAVE-IDE-4.4.2-64Bit\eclipse\/emWin/Start/GUI\libGUI_basic_xmc4.a(GUI_CharP.o)
                0x08005c8c                GUIPROP_GetCharDistX
 .text.GUIPROP_GetFontInfo
                0x08005cd4        0x8 C:\DAVE_4-4-2_64bit_2018-02-23\DAVE_4-4-2_64bit_2018-02-23\DAVE-IDE-4.4.2-64Bit\eclipse\/emWin/Start/GUI\libGUI_basic_xmc4.a(GUI_CharP.o)
                0x08005cd4                GUIPROP_GetFontInfo
 .text.GUIPROP_IsInFont
                0x08005cdc       0x1c C:\DAVE_4-4-2_64bit_2018-02-23\DAVE_4-4-2_64bit_2018-02-23\DAVE-IDE-4.4.2-64Bit\eclipse\/emWin/Start/GUI\libGUI_basic_xmc4.a(GUI_CharP.o)
                0x08005cdc                GUIPROP_IsInFont
 .text.GUIMONO_DispChar
                0x08005cf8      0x15c C:\DAVE_4-4-2_64bit_2018-02-23\DAVE_4-4-2_64bit_2018-02-23\DAVE-IDE-4.4.2-64Bit\eclipse\/emWin/Start/GUI\libGUI_basic_xmc4.a(GUI_CharM.o)
                0x08005cf8                GUIMONO_DispChar
 .text.GUIMONO_GetCharDistX
                0x08005e54       0x18 C:\DAVE_4-4-2_64bit_2018-02-23\DAVE_4-4-2_64bit_2018-02-23\DAVE-IDE-4.4.2-64Bit\eclipse\/emWin/Start/GUI\libGUI_basic_xmc4.a(GUI_CharM.o)
                0x08005e54                GUIMONO_GetCharDistX
 .text.GUIMONO_GetFontInfo
                0x08005e6c        0x8 C:\DAVE_4-4-2_64bit_2018-02-23\DAVE_4-4-2_64bit_2018-02-23\DAVE-IDE-4.4.2-64Bit\eclipse\/emWin/Start/GUI\libGUI_basic_xmc4.a(GUI_CharM.o)
                0x08005e6c                GUIMONO_GetFontInfo
 .text.GUIMONO_IsInFont
                0x08005e74       0x34 C:\DAVE_4-4-2_64bit_2018-02-23\DAVE_4-4-2_64bit_2018-02-23\DAVE-IDE-4.4.2-64Bit\eclipse\/emWin/Start/GUI\libGUI_basic_xmc4.a(GUI_CharM.o)
                0x08005e74                GUIMONO_IsInFont
 .text._Log2VisBuffered
                0x08005ea8        0x4 C:\DAVE_4-4-2_64bit_2018-02-23\DAVE_4-4-2_64bit_2018-02-23\DAVE-IDE-4.4.2-64Bit\eclipse\/emWin/Start/GUI\libGUI_basic_xmc4.a(GUI_CharLine.o)
 .text._DispLine
                0x08005eac       0x7c C:\DAVE_4-4-2_64bit_2018-02-23\DAVE_4-4-2_64bit_2018-02-23\DAVE-IDE-4.4.2-64Bit\eclipse\/emWin/Start/GUI\libGUI_basic_xmc4.a(GUI_CharLine.o)
 .text.GUI__GetLineNumChars
                0x08005f28       0x8c C:\DAVE_4-4-2_64bit_2018-02-23\DAVE_4-4-2_64bit_2018-02-23\DAVE-IDE-4.4.2-64Bit\eclipse\/emWin/Start/GUI\libGUI_basic_xmc4.a(GUI_CharLine.o)
                0x08005f28                GUI__GetLineNumChars
 .text.GUI__GetLineDistX
                0x08005fb4       0x80 C:\DAVE_4-4-2_64bit_2018-02-23\DAVE_4-4-2_64bit_2018-02-23\DAVE-IDE-4.4.2-64Bit\eclipse\/emWin/Start/GUI\libGUI_basic_xmc4.a(GUI_CharLine.o)
                0x08005fb4                GUI__GetLineDistX
 .text.GUI__DispLine
                0x08006034       0x40 C:\DAVE_4-4-2_64bit_2018-02-23\DAVE_4-4-2_64bit_2018-02-23\DAVE-IDE-4.4.2-64Bit\eclipse\/emWin/Start/GUI\libGUI_basic_xmc4.a(GUI_CharLine.o)
                0x08006034                GUI__DispLine
 .text.GUI_GetYAdjust
                0x08006074       0x30 C:\DAVE_4-4-2_64bit_2018-02-23\DAVE_4-4-2_64bit_2018-02-23\DAVE-IDE-4.4.2-64Bit\eclipse\/emWin/Start/GUI\libGUI_basic_xmc4.a(GUI_Char.o)
                0x08006074                GUI_GetYAdjust
 .text.GUI_GetFontDistY
                0x080060a4       0x10 C:\DAVE_4-4-2_64bit_2018-02-23\DAVE_4-4-2_64bit_2018-02-23\DAVE-IDE-4.4.2-64Bit\eclipse\/emWin/Start/GUI\libGUI_basic_xmc4.a(GUI_Char.o)
                0x080060a4                GUI_GetFontDistY
 .text.GUI_GetCharDistX
                0x080060b4       0x18 C:\DAVE_4-4-2_64bit_2018-02-23\DAVE_4-4-2_64bit_2018-02-23\DAVE-IDE-4.4.2-64Bit\eclipse\/emWin/Start/GUI\libGUI_basic_xmc4.a(GUI_Char.o)
                0x080060b4                GUI_GetCharDistX
 .text.GUI_GetCharDistXEx
                0x080060cc       0x14 C:\DAVE_4-4-2_64bit_2018-02-23\DAVE_4-4-2_64bit_2018-02-23\DAVE-IDE-4.4.2-64Bit\eclipse\/emWin/Start/GUI\libGUI_basic_xmc4.a(GUI_Char.o)
                0x080060cc                GUI_GetCharDistXEx
 .text._OnExit  0x080060e0       0x3c C:\DAVE_4-4-2_64bit_2018-02-23\DAVE_4-4-2_64bit_2018-02-23\DAVE-IDE-4.4.2-64Bit\eclipse\/emWin/Start/GUI\libGUI_basic_xmc4.a(GUI_Alloc.o)
 .text._AddFreeMemory
                0x0800611c      0x350 C:\DAVE_4-4-2_64bit_2018-02-23\DAVE_4-4-2_64bit_2018-02-23\DAVE-IDE-4.4.2-64Bit\eclipse\/emWin/Start/GUI\libGUI_basic_xmc4.a(GUI_Alloc.o)
 .text._RemoveHoles
                0x0800646c      0x1dc C:\DAVE_4-4-2_64bit_2018-02-23\DAVE_4-4-2_64bit_2018-02-23\DAVE-IDE-4.4.2-64Bit\eclipse\/emWin/Start/GUI\libGUI_basic_xmc4.a(GUI_Alloc.o)
 .text._Alloc   0x08006648      0x2d4 C:\DAVE_4-4-2_64bit_2018-02-23\DAVE_4-4-2_64bit_2018-02-23\DAVE-IDE-4.4.2-64Bit\eclipse\/emWin/Start/GUI\libGUI_basic_xmc4.a(GUI_Alloc.o)
 .text._EnlargeBlocks
                0x0800691c      0x124 C:\DAVE_4-4-2_64bit_2018-02-23\DAVE_4-4-2_64bit_2018-02-23\DAVE-IDE-4.4.2-64Bit\eclipse\/emWin/Start/GUI\libGUI_basic_xmc4.a(GUI_Alloc.o)
 .text._InitOnce.part.0
                0x08006a40      0x550 C:\DAVE_4-4-2_64bit_2018-02-23\DAVE_4-4-2_64bit_2018-02-23\DAVE-IDE-4.4.2-64Bit\eclipse\/emWin/Start/GUI\libGUI_basic_xmc4.a(GUI_Alloc.o)
 .text.GUI_ALLOC_FreeFixedBlock
                0x08006f90       0x14 C:\DAVE_4-4-2_64bit_2018-02-23\DAVE_4-4-2_64bit_2018-02-23\DAVE-IDE-4.4.2-64Bit\eclipse\/emWin/Start/GUI\libGUI_basic_xmc4.a(GUI_Alloc.o)
                0x08006f90                GUI_ALLOC_FreeFixedBlock
 .text.GUI_ALLOC_GetFixedBlock
                0x08006fa4      0x198 C:\DAVE_4-4-2_64bit_2018-02-23\DAVE_4-4-2_64bit_2018-02-23\DAVE-IDE-4.4.2-64Bit\eclipse\/emWin/Start/GUI\libGUI_basic_xmc4.a(GUI_Alloc.o)
                0x08006fa4                GUI_ALLOC_GetFixedBlock
 .text.GUI_ALLOC_AllocNoInit
                0x0800713c        0x8 C:\DAVE_4-4-2_64bit_2018-02-23\DAVE_4-4-2_64bit_2018-02-23\DAVE-IDE-4.4.2-64Bit\eclipse\/emWin/Start/GUI\libGUI_basic_xmc4.a(GUI_Alloc.o)
                0x0800713c                GUI_ALLOC_AllocNoInit
 .text.GUI_ALLOC_LockH
                0x08007144       0x24 C:\DAVE_4-4-2_64bit_2018-02-23\DAVE_4-4-2_64bit_2018-02-23\DAVE-IDE-4.4.2-64Bit\eclipse\/emWin/Start/GUI\libGUI_basic_xmc4.a(GUI_Alloc.o)
                0x08007144                GUI_ALLOC_LockH
 .text.GUI_ALLOC_UnlockH
                0x08007168       0x34 C:\DAVE_4-4-2_64bit_2018-02-23\DAVE_4-4-2_64bit_2018-02-23\DAVE-IDE-4.4.2-64Bit\eclipse\/emWin/Start/GUI\libGUI_basic_xmc4.a(GUI_Alloc.o)
                0x08007168                GUI_ALLOC_UnlockH
 .text.GUI_ALLOC_AssignMemory
                0x0800719c       0x14 C:\DAVE_4-4-2_64bit_2018-02-23\DAVE_4-4-2_64bit_2018-02-23\DAVE-IDE-4.4.2-64Bit\eclipse\/emWin/Start/GUI\libGUI_basic_xmc4.a(GUI_Alloc.o)
                0x0800719c                GUI_ALLOC_AssignMemory
 .text.GUI_ALLOC_SetAvBlockSize
                0x080071b0       0x20 C:\DAVE_4-4-2_64bit_2018-02-23\DAVE_4-4-2_64bit_2018-02-23\DAVE-IDE-4.4.2-64Bit\eclipse\/emWin/Start/GUI\libGUI_basic_xmc4.a(GUI_Alloc.o)
                0x080071b0                GUI_ALLOC_SetAvBlockSize
 .text.GUI_ALLOC_Free
                0x080071d0       0x40 C:\DAVE_4-4-2_64bit_2018-02-23\DAVE_4-4-2_64bit_2018-02-23\DAVE-IDE-4.4.2-64Bit\eclipse\/emWin/Start/GUI\libGUI_basic_xmc4.a(GUI_Alloc.o)
                0x080071d0                GUI_ALLOC_Free
 .text.GUI_AddDecShift
                0x08007210       0xf8 C:\DAVE_4-4-2_64bit_2018-02-23\DAVE_4-4-2_64bit_2018-02-23\DAVE-IDE-4.4.2-64Bit\eclipse\/emWin/Start/GUI\libGUI_basic_xmc4.a(GUI_AddDecShift.o)
                0x08007210                GUI_AddDecShift
 .text.LCD_Index2Color_M565
                0x08007308       0x30 C:\DAVE_4-4-2_64bit_2018-02-23\DAVE_4-4-2_64bit_2018-02-23\DAVE-IDE-4.4.2-64Bit\eclipse\/emWin/Start/GUI\libGUI_basic_xmc4.a(GUICC_M565.o)
                0x08007308                LCD_Index2Color_M565
 .text._Color2Index_M565
                0x08007338       0x30 C:\DAVE_4-4-2_64bit_2018-02-23\DAVE_4-4-2_64bit_2018-02-23\DAVE-IDE-4.4.2-64Bit\eclipse\/emWin/Start/GUI\libGUI_basic_xmc4.a(GUICC_M565.o)
 .text._GetIndexMask_M565
                0x08007368        0x8 C:\DAVE_4-4-2_64bit_2018-02-23\DAVE_4-4-2_64bit_2018-02-23\DAVE-IDE-4.4.2-64Bit\eclipse\/emWin/Start/GUI\libGUI_basic_xmc4.a(GUICC_M565.o)
 .text._Color2IndexBulk
                0x08007370       0xe8 C:\DAVE_4-4-2_64bit_2018-02-23\DAVE_4-4-2_64bit_2018-02-23\DAVE-IDE-4.4.2-64Bit\eclipse\/emWin/Start/GUI\libGUI_basic_xmc4.a(GUICC_M565.o)
 .text._Index2ColorBulk
                0x08007458       0xbc C:\DAVE_4-4-2_64bit_2018-02-23\DAVE_4-4-2_64bit_2018-02-23\DAVE-IDE-4.4.2-64Bit\eclipse\/emWin/Start/GUI\libGUI_basic_xmc4.a(GUICC_M565.o)
 .text._GetDevData
                0x08007514       0x10 C:\DAVE_4-4-2_64bit_2018-02-23\DAVE_4-4-2_64bit_2018-02-23\DAVE-IDE-4.4.2-64Bit\eclipse\/emWin/Start/GUI\libGUI_basic_xmc4.a(GUIDEV_16.o)
 .text._GetDevFunc
                0x08007524       0x10 C:\DAVE_4-4-2_64bit_2018-02-23\DAVE_4-4-2_64bit_2018-02-23\DAVE-IDE-4.4.2-64Bit\eclipse\/emWin/Start/GUI\libGUI_basic_xmc4.a(GUIDEV_16.o)
 .text._SetOrg  0x08007534       0x10 C:\DAVE_4-4-2_64bit_2018-02-23\DAVE_4-4-2_64bit_2018-02-23\DAVE-IDE-4.4.2-64Bit\eclipse\/emWin/Start/GUI\libGUI_basic_xmc4.a(GUIDEV_16.o)
 .text._GetDevProp
                0x08007544       0x14 C:\DAVE_4-4-2_64bit_2018-02-23\DAVE_4-4-2_64bit_2018-02-23\DAVE-IDE-4.4.2-64Bit\eclipse\/emWin/Start/GUI\libGUI_basic_xmc4.a(GUIDEV_16.o)
 .text._GetRect
                0x08007558       0x34 C:\DAVE_4-4-2_64bit_2018-02-23\DAVE_4-4-2_64bit_2018-02-23\DAVE-IDE-4.4.2-64Bit\eclipse\/emWin/Start/GUI\libGUI_basic_xmc4.a(GUIDEV_16.o)
 .text._DrawBitmap
                0x0800758c     0x1480 C:\DAVE_4-4-2_64bit_2018-02-23\DAVE_4-4-2_64bit_2018-02-23\DAVE-IDE-4.4.2-64Bit\eclipse\/emWin/Start/GUI\libGUI_basic_xmc4.a(GUIDEV_16.o)
 .text._XorPixel
                0x08008a0c       0x84 C:\DAVE_4-4-2_64bit_2018-02-23\DAVE_4-4-2_64bit_2018-02-23\DAVE-IDE-4.4.2-64Bit\eclipse\/emWin/Start/GUI\libGUI_basic_xmc4.a(GUIDEV_16.o)
 .text._GetPixelIndex
                0x08008a90       0x40 C:\DAVE_4-4-2_64bit_2018-02-23\DAVE_4-4-2_64bit_2018-02-23\DAVE-IDE-4.4.2-64Bit\eclipse\/emWin/Start/GUI\libGUI_basic_xmc4.a(GUIDEV_16.o)
 .text._SetPixelIndex
                0x08008ad0       0x74 C:\DAVE_4-4-2_64bit_2018-02-23\DAVE_4-4-2_64bit_2018-02-23\DAVE-IDE-4.4.2-64Bit\eclipse\/emWin/Start/GUI\libGUI_basic_xmc4.a(GUIDEV_16.o)
 .text._DrawVLine
                0x08008b44      0x1b4 C:\DAVE_4-4-2_64bit_2018-02-23\DAVE_4-4-2_64bit_2018-02-23\DAVE-IDE-4.4.2-64Bit\eclipse\/emWin/Start/GUI\libGUI_basic_xmc4.a(GUIDEV_16.o)
 .text._FillRect
                0x08008cf8      0x224 C:\DAVE_4-4-2_64bit_2018-02-23\DAVE_4-4-2_64bit_2018-02-23\DAVE-IDE-4.4.2-64Bit\eclipse\/emWin/Start/GUI\libGUI_basic_xmc4.a(GUIDEV_16.o)
 .text._DrawHLine
                0x08008f1c       0x10 C:\DAVE_4-4-2_64bit_2018-02-23\DAVE_4-4-2_64bit_2018-02-23\DAVE-IDE-4.4.2-64Bit\eclipse\/emWin/Start/GUI\libGUI_basic_xmc4.a(GUIDEV_16.o)
 .text._OnExit  0x08008f2c       0x18 C:\DAVE_4-4-2_64bit_2018-02-23\DAVE_4-4-2_64bit_2018-02-23\DAVE-IDE-4.4.2-64Bit\eclipse\/emWin/Start/GUI\libGUI_basic_xmc4.a(LCD_Color.o)
 .text.LCD_InitColors
                0x08008f44       0x40 C:\DAVE_4-4-2_64bit_2018-02-23\DAVE_4-4-2_64bit_2018-02-23\DAVE-IDE-4.4.2-64Bit\eclipse\/emWin/Start/GUI\libGUI_basic_xmc4.a(LCD_Color.o)
                0x08008f44                LCD_InitColors
 .text.LCD_GetpPalConvTableBM
                0x08008f84       0x90 C:\DAVE_4-4-2_64bit_2018-02-23\DAVE_4-4-2_64bit_2018-02-23\DAVE-IDE-4.4.2-64Bit\eclipse\/emWin/Start/GUI\libGUI_basic_xmc4.a(LCD_Color.o)
                0x08008f84                LCD_GetpPalConvTableBM
 .text.LCD_InitLUT
                0x08009014       0xd8 C:\DAVE_4-4-2_64bit_2018-02-23\DAVE_4-4-2_64bit_2018-02-23\DAVE-IDE-4.4.2-64Bit\eclipse\/emWin/Start/GUI\libGUI_basic_xmc4.a(LCD_Color.o)
                0x08009014                LCD_InitLUT
 .text._SetBkColor
                0x080090ec       0x3c C:\DAVE_4-4-2_64bit_2018-02-23\DAVE_4-4-2_64bit_2018-02-23\DAVE-IDE-4.4.2-64Bit\eclipse\/emWin/Start/GUI\libGUI_basic_xmc4.a(LCD.o)
 .text._SetColor
                0x08009128       0x3c C:\DAVE_4-4-2_64bit_2018-02-23\DAVE_4-4-2_64bit_2018-02-23\DAVE-IDE-4.4.2-64Bit\eclipse\/emWin/Start/GUI\libGUI_basic_xmc4.a(LCD.o)
 .text._SetDrawMode
                0x08009164       0x28 C:\DAVE_4-4-2_64bit_2018-02-23\DAVE_4-4-2_64bit_2018-02-23\DAVE-IDE-4.4.2-64Bit\eclipse\/emWin/Start/GUI\libGUI_basic_xmc4.a(LCD.o)
 .text.LCD_SetDrawMode
                0x0800918c       0x14 C:\DAVE_4-4-2_64bit_2018-02-23\DAVE_4-4-2_64bit_2018-02-23\DAVE-IDE-4.4.2-64Bit\eclipse\/emWin/Start/GUI\libGUI_basic_xmc4.a(LCD.o)
                0x0800918c                LCD_SetDrawMode
 .text.LCD_DrawPixel
                0x080091a0       0x5c C:\DAVE_4-4-2_64bit_2018-02-23\DAVE_4-4-2_64bit_2018-02-23\DAVE-IDE-4.4.2-64Bit\eclipse\/emWin/Start/GUI\libGUI_basic_xmc4.a(LCD.o)
                0x080091a0                LCD_DrawPixel
 .text.LCD_DrawHLine
                0x080091fc       0x4c C:\DAVE_4-4-2_64bit_2018-02-23\DAVE_4-4-2_64bit_2018-02-23\DAVE-IDE-4.4.2-64Bit\eclipse\/emWin/Start/GUI\libGUI_basic_xmc4.a(LCD.o)
                0x080091fc                LCD_DrawHLine
 .text.LCD_FillRect
                0x08009248       0x5c C:\DAVE_4-4-2_64bit_2018-02-23\DAVE_4-4-2_64bit_2018-02-23\DAVE-IDE-4.4.2-64Bit\eclipse\/emWin/Start/GUI\libGUI_basic_xmc4.a(LCD.o)
                0x08009248                LCD_FillRect
 .text.LCD__DrawBitmap_1bpp
                0x080092a4      0x4f4 C:\DAVE_4-4-2_64bit_2018-02-23\DAVE_4-4-2_64bit_2018-02-23\DAVE-IDE-4.4.2-64Bit\eclipse\/emWin/Start/GUI\libGUI_basic_xmc4.a(LCD.o)
                0x080092a4                LCD__DrawBitmap_1bpp
 .text.LCD_DrawBitmap
                0x08009798      0x5d4 C:\DAVE_4-4-2_64bit_2018-02-23\DAVE_4-4-2_64bit_2018-02-23\DAVE-IDE-4.4.2-64Bit\eclipse\/emWin/Start/GUI\libGUI_basic_xmc4.a(LCD.o)
                0x08009798                LCD_DrawBitmap
 .text.LCD_SetClipRectMax
                0x08009d6c       0x24 C:\DAVE_4-4-2_64bit_2018-02-23\DAVE_4-4-2_64bit_2018-02-23\DAVE-IDE-4.4.2-64Bit\eclipse\/emWin/Start/GUI\libGUI_basic_xmc4.a(LCD.o)
                0x08009d6c                LCD_SetClipRectMax
 .text.LCD_Init
                0x08009d90       0xd8 C:\DAVE_4-4-2_64bit_2018-02-23\DAVE_4-4-2_64bit_2018-02-23\DAVE-IDE-4.4.2-64Bit\eclipse\/emWin/Start/GUI\libGUI_basic_xmc4.a(LCD.o)
                0x08009d90                LCD_Init
 .text.LCD_Color2Index
                0x08009e68       0x24 C:\DAVE_4-4-2_64bit_2018-02-23\DAVE_4-4-2_64bit_2018-02-23\DAVE-IDE-4.4.2-64Bit\eclipse\/emWin/Start/GUI\libGUI_basic_xmc4.a(LCD.o)
                0x08009e68                LCD_Color2Index
 .text.LCD_Index2Color
                0x08009e8c       0x24 C:\DAVE_4-4-2_64bit_2018-02-23\DAVE_4-4-2_64bit_2018-02-23\DAVE-IDE-4.4.2-64Bit\eclipse\/emWin/Start/GUI\libGUI_basic_xmc4.a(LCD.o)
                0x08009e8c                LCD_Index2Color
 .text.LCD_SetColorIndex
                0x08009eb0       0x20 C:\DAVE_4-4-2_64bit_2018-02-23\DAVE_4-4-2_64bit_2018-02-23\DAVE-IDE-4.4.2-64Bit\eclipse\/emWin/Start/GUI\libGUI_basic_xmc4.a(LCD.o)
                0x08009eb0                LCD_SetColorIndex
 .text.LCD_SetBkColorIndex
                0x08009ed0       0x20 C:\DAVE_4-4-2_64bit_2018-02-23\DAVE_4-4-2_64bit_2018-02-23\DAVE-IDE-4.4.2-64Bit\eclipse\/emWin/Start/GUI\libGUI_basic_xmc4.a(LCD.o)
                0x08009ed0                LCD_SetBkColorIndex
 .text.LCD_SetBkColor
                0x08009ef0       0x14 C:\DAVE_4-4-2_64bit_2018-02-23\DAVE_4-4-2_64bit_2018-02-23\DAVE-IDE-4.4.2-64Bit\eclipse\/emWin/Start/GUI\libGUI_basic_xmc4.a(LCD.o)
                0x08009ef0                LCD_SetBkColor
 .text.LCD_SetColor
                0x08009f04       0x14 C:\DAVE_4-4-2_64bit_2018-02-23\DAVE_4-4-2_64bit_2018-02-23\DAVE-IDE-4.4.2-64Bit\eclipse\/emWin/Start/GUI\libGUI_basic_xmc4.a(LCD.o)
                0x08009f04                LCD_SetColor
 .text.GUI__memset16
                0x08009f18       0xa4 C:\DAVE_4-4-2_64bit_2018-02-23\DAVE_4-4-2_64bit_2018-02-23\DAVE-IDE-4.4.2-64Bit\eclipse\/emWin/Start/GUI\libGUI_basic_xmc4.a(GUI__memset16.o)
                0x08009f18                GUI__memset16
 .text.GUI__ManageCacheEx
                0x08009fbc       0xd4 C:\DAVE_4-4-2_64bit_2018-02-23\DAVE_4-4-2_64bit_2018-02-23\DAVE-IDE-4.4.2-64Bit\eclipse\/emWin/Start/GUI\libGUI_basic_xmc4.a(GUI__ManageCache.o)
                0x08009fbc                GUI__ManageCacheEx
 .text.GUI__ManageCache
                0x0800a090       0x14 C:\DAVE_4-4-2_64bit_2018-02-23\DAVE_4-4-2_64bit_2018-02-23\DAVE-IDE-4.4.2-64Bit\eclipse\/emWin/Start/GUI\libGUI_basic_xmc4.a(GUI__ManageCache.o)
                0x0800a090                GUI__ManageCache
 .text._GetCharCode
                0x0800a0a4        0x4 C:\DAVE_4-4-2_64bit_2018-02-23\DAVE_4-4-2_64bit_2018-02-23\DAVE-IDE-4.4.2-64Bit\eclipse\/emWin/Start/GUI\libGUI_basic_xmc4.a(GUI_UC_EncodeNone.o)
 .text._GetCharSize
                0x0800a0a8        0x4 C:\DAVE_4-4-2_64bit_2018-02-23\DAVE_4-4-2_64bit_2018-02-23\DAVE-IDE-4.4.2-64Bit\eclipse\/emWin/Start/GUI\libGUI_basic_xmc4.a(GUI_UC_EncodeNone.o)
 .text._CalcSizeOfChar
                0x0800a0ac        0x4 C:\DAVE_4-4-2_64bit_2018-02-23\DAVE_4-4-2_64bit_2018-02-23\DAVE-IDE-4.4.2-64Bit\eclipse\/emWin/Start/GUI\libGUI_basic_xmc4.a(GUI_UC_EncodeNone.o)
 .text._Encode  0x0800a0b0        0x8 C:\DAVE_4-4-2_64bit_2018-02-23\DAVE_4-4-2_64bit_2018-02-23\DAVE-IDE-4.4.2-64Bit\eclipse\/emWin/Start/GUI\libGUI_basic_xmc4.a(GUI_UC_EncodeNone.o)
 .text.GUI_UC__GetCharCodeInc
                0x0800a0b8       0x28 C:\DAVE_4-4-2_64bit_2018-02-23\DAVE_4-4-2_64bit_2018-02-23\DAVE-IDE-4.4.2-64Bit\eclipse\/emWin/Start/GUI\libGUI_basic_xmc4.a(GUI_UC.o)
                0x0800a0b8                GUI_UC__GetCharCodeInc
 .text.GUI_UC__NumChars2NumBytes
                0x0800a0e0       0x64 C:\DAVE_4-4-2_64bit_2018-02-23\DAVE_4-4-2_64bit_2018-02-23\DAVE-IDE-4.4.2-64Bit\eclipse\/emWin/Start/GUI\libGUI_basic_xmc4.a(GUI_UC.o)
                0x0800a0e0                GUI_UC__NumChars2NumBytes
 .text.GUI_SetTextAlign
                0x0800a144       0x14 C:\DAVE_4-4-2_64bit_2018-02-23\DAVE_4-4-2_64bit_2018-02-23\DAVE-IDE-4.4.2-64Bit\eclipse\/emWin/Start/GUI\libGUI_basic_xmc4.a(GUI_SetTextAlign.o)
                0x0800a144                GUI_SetTextAlign
 .text.GUI_SetOrg
                0x0800a158       0x40 C:\DAVE_4-4-2_64bit_2018-02-23\DAVE_4-4-2_64bit_2018-02-23\DAVE-IDE-4.4.2-64Bit\eclipse\/emWin/Start/GUI\libGUI_basic_xmc4.a(GUI_SetOrg.o)
                0x0800a158                GUI_SetOrg
 .text.GUI_SelectLayer
                0x0800a198       0x18 C:\DAVE_4-4-2_64bit_2018-02-23\DAVE_4-4-2_64bit_2018-02-23\DAVE-IDE-4.4.2-64Bit\eclipse\/emWin/Start/GUI\libGUI_basic_xmc4.a(GUI_SelectLayer.o)
                0x0800a198                GUI_SelectLayer
 .text.GUI_RectsIntersect
                0x0800a1b0       0x3c C:\DAVE_4-4-2_64bit_2018-02-23\DAVE_4-4-2_64bit_2018-02-23\DAVE-IDE-4.4.2-64Bit\eclipse\/emWin/Start/GUI\libGUI_basic_xmc4.a(GUI_RectsIntersect.o)
                0x0800a1b0                GUI_RectsIntersect
 .text.GUI_GotoXY
                0x0800a1ec       0x14 C:\DAVE_4-4-2_64bit_2018-02-23\DAVE_4-4-2_64bit_2018-02-23\DAVE-IDE-4.4.2-64Bit\eclipse\/emWin/Start/GUI\libGUI_basic_xmc4.a(GUI_Goto.o)
                0x0800a1ec                GUI_GotoXY
 .text.GUI_GetBkColor
                0x0800a200       0x10 C:\DAVE_4-4-2_64bit_2018-02-23\DAVE_4-4-2_64bit_2018-02-23\DAVE-IDE-4.4.2-64Bit\eclipse\/emWin/Start/GUI\libGUI_basic_xmc4.a(GUI_GetColor.o)
                0x0800a200                GUI_GetBkColor
 .text.GUI_GetColor
                0x0800a210       0x10 C:\DAVE_4-4-2_64bit_2018-02-23\DAVE_4-4-2_64bit_2018-02-23\DAVE-IDE-4.4.2-64Bit\eclipse\/emWin/Start/GUI\libGUI_basic_xmc4.a(GUI_GetColor.o)
                0x0800a210                GUI_GetColor
 .text._GetIndexMask_0
                0x0800a220       0x4c C:\DAVE_4-4-2_64bit_2018-02-23\DAVE_4-4-2_64bit_2018-02-23\DAVE-IDE-4.4.2-64Bit\eclipse\/emWin/Start/GUI\libGUI_basic_xmc4.a(GUICC_0.o)
 .text._Index2Color_0
                0x0800a26c       0x20 C:\DAVE_4-4-2_64bit_2018-02-23\DAVE_4-4-2_64bit_2018-02-23\DAVE-IDE-4.4.2-64Bit\eclipse\/emWin/Start/GUI\libGUI_basic_xmc4.a(GUICC_0.o)
 .text._Color2Index_0
                0x0800a28c       0xe4 C:\DAVE_4-4-2_64bit_2018-02-23\DAVE_4-4-2_64bit_2018-02-23\DAVE-IDE-4.4.2-64Bit\eclipse\/emWin/Start/GUI\libGUI_basic_xmc4.a(GUICC_0.o)
 .text.GUI_MEMDEV__WriteToActiveOpaque
                0x0800a370      0xf2c C:\DAVE_4-4-2_64bit_2018-02-23\DAVE_4-4-2_64bit_2018-02-23\DAVE-IDE-4.4.2-64Bit\eclipse\/emWin/Start/GUI\libGUI_basic_xmc4.a(GUIDEV_WriteToActiveOpaque.o)
                0x0800a370                GUI_MEMDEV__WriteToActiveOpaque
 .text.GUI_USAGE_AddRect
                0x0800b29c       0x6c C:\DAVE_4-4-2_64bit_2018-02-23\DAVE_4-4-2_64bit_2018-02-23\DAVE-IDE-4.4.2-64Bit\eclipse\/emWin/Start/GUI\libGUI_basic_xmc4.a(GUIDEV_Usage.o)
                0x0800b29c                GUI_USAGE_AddRect
 .text.GUI_MEMDEV_GetDataPtr
                0x0800b308       0x20 C:\DAVE_4-4-2_64bit_2018-02-23\DAVE_4-4-2_64bit_2018-02-23\DAVE-IDE-4.4.2-64Bit\eclipse\/emWin/Start/GUI\libGUI_basic_xmc4.a(GUIDEV_GetDataPtr.o)
                0x0800b308                GUI_MEMDEV_GetDataPtr
 .text.GUI_MEMDEV_GetBitsPerPixel
                0x0800b328       0x2c C:\DAVE_4-4-2_64bit_2018-02-23\DAVE_4-4-2_64bit_2018-02-23\DAVE-IDE-4.4.2-64Bit\eclipse\/emWin/Start/GUI\libGUI_basic_xmc4.a(GUIDEV.o)
                0x0800b328                GUI_MEMDEV_GetBitsPerPixel
 .text.LCD_UpdateColorIndices
                0x0800b354       0x28 C:\DAVE_4-4-2_64bit_2018-02-23\DAVE_4-4-2_64bit_2018-02-23\DAVE-IDE-4.4.2-64Bit\eclipse\/emWin/Start/GUI\libGUI_basic_xmc4.a(LCD_UpdateColorIndices.o)
                0x0800b354                LCD_UpdateColorIndices
 .text.LCD_GetNumLayers
                0x0800b37c       0x10 C:\DAVE_4-4-2_64bit_2018-02-23\DAVE_4-4-2_64bit_2018-02-23\DAVE-IDE-4.4.2-64Bit\eclipse\/emWin/Start/GUI\libGUI_basic_xmc4.a(LCD_GetNumDisplays.o)
                0x0800b37c                LCD_GetNumLayers
 .text.LCD_GetBitsPerPixelEx
                0x0800b38c       0x1c C:\DAVE_4-4-2_64bit_2018-02-23\DAVE_4-4-2_64bit_2018-02-23\DAVE-IDE-4.4.2-64Bit\eclipse\/emWin/Start/GUI\libGUI_basic_xmc4.a(LCD_GetEx.o)
                0x0800b38c                LCD_GetBitsPerPixelEx
 .text.LCD_GetNumColorsEx
                0x0800b3a8       0x1c C:\DAVE_4-4-2_64bit_2018-02-23\DAVE_4-4-2_64bit_2018-02-23\DAVE-IDE-4.4.2-64Bit\eclipse\/emWin/Start/GUI\libGUI_basic_xmc4.a(LCD_GetEx.o)
                0x0800b3a8                LCD_GetNumColorsEx
 .text.LCD_GetNumColors
                0x0800b3c4       0x24 C:\DAVE_4-4-2_64bit_2018-02-23\DAVE_4-4-2_64bit_2018-02-23\DAVE-IDE-4.4.2-64Bit\eclipse\/emWin/Start/GUI\libGUI_basic_xmc4.a(LCD_GetEx.o)
                0x0800b3c4                LCD_GetNumColors
 .text.GUI_GetBitsPerPixelEx
                0x0800b3e8       0x18 C:\DAVE_4-4-2_64bit_2018-02-23\DAVE_4-4-2_64bit_2018-02-23\DAVE-IDE-4.4.2-64Bit\eclipse\/emWin/Start/GUI\libGUI_basic_xmc4.a(LCD_GetEx.o)
                0x0800b3e8                GUI_GetBitsPerPixelEx
 .text.LCD_GetPalette
                0x0800b400       0x20 C:\DAVE_4-4-2_64bit_2018-02-23\DAVE_4-4-2_64bit_2018-02-23\DAVE-IDE-4.4.2-64Bit\eclipse\/emWin/Start/GUI\libGUI_basic_xmc4.a(LCD_GetEx.o)
                0x0800b400                LCD_GetPalette
 .text.GUI_GetpfIndex2ColorEx
                0x0800b420       0x14 C:\DAVE_4-4-2_64bit_2018-02-23\DAVE_4-4-2_64bit_2018-02-23\DAVE-IDE-4.4.2-64Bit\eclipse\/emWin/Start/GUI\libGUI_basic_xmc4.a(LCD_GetEx.o)
                0x0800b420                GUI_GetpfIndex2ColorEx
 .text.GUI_GetpfColor2IndexEx
                0x0800b434       0x14 C:\DAVE_4-4-2_64bit_2018-02-23\DAVE_4-4-2_64bit_2018-02-23\DAVE-IDE-4.4.2-64Bit\eclipse\/emWin/Start/GUI\libGUI_basic_xmc4.a(LCD_GetEx.o)
                0x0800b434                GUI_GetpfColor2IndexEx
 .text.LCD__GetBPPDevice
                0x0800b448       0x64 C:\DAVE_4-4-2_64bit_2018-02-23\DAVE_4-4-2_64bit_2018-02-23\DAVE-IDE-4.4.2-64Bit\eclipse\/emWin/Start/GUI\libGUI_basic_xmc4.a(LCD_GetEx.o)
                0x0800b448                LCD__GetBPPDevice
 .text.LCD_GetBkColorIndex
                0x0800b4ac       0x10 C:\DAVE_4-4-2_64bit_2018-02-23\DAVE_4-4-2_64bit_2018-02-23\DAVE-IDE-4.4.2-64Bit\eclipse\/emWin/Start/GUI\libGUI_basic_xmc4.a(LCD_GetColorIndex.o)
                0x0800b4ac                LCD_GetBkColorIndex
 .text.LCD_GetColorIndex
                0x0800b4bc       0x10 C:\DAVE_4-4-2_64bit_2018-02-23\DAVE_4-4-2_64bit_2018-02-23\DAVE-IDE-4.4.2-64Bit\eclipse\/emWin/Start/GUI\libGUI_basic_xmc4.a(LCD_GetColorIndex.o)
                0x0800b4bc                LCD_GetColorIndex
 .text.GUI__CompactPixelIndices
                0x0800b4cc      0x250 C:\DAVE_4-4-2_64bit_2018-02-23\DAVE_4-4-2_64bit_2018-02-23\DAVE-IDE-4.4.2-64Bit\eclipse\/emWin/Start/GUI\libGUI_basic_xmc4.a(GUI__CompactPixelIndices.o)
                0x0800b4cc                GUI__CompactPixelIndices
 .text.GUI_SelectLCD
                0x0800b71c       0x10 C:\DAVE_4-4-2_64bit_2018-02-23\DAVE_4-4-2_64bit_2018-02-23\DAVE-IDE-4.4.2-64Bit\eclipse\/emWin/Start/GUI\libGUI_basic_xmc4.a(GUI_SelectLCD.o)
                0x0800b71c                GUI_SelectLCD
 .text.GUI_CalcColorDist
                0x0800b72c       0x54 C:\DAVE_4-4-2_64bit_2018-02-23\DAVE_4-4-2_64bit_2018-02-23\DAVE-IDE-4.4.2-64Bit\eclipse\/emWin/Start/GUI\libGUI_basic_xmc4.a(GUI_CalcColorDist.o)
                0x0800b72c                GUI_CalcColorDist
 .text.LCD_SelectLCD
                0x0800b780       0x40 C:\DAVE_4-4-2_64bit_2018-02-23\DAVE_4-4-2_64bit_2018-02-23\DAVE-IDE-4.4.2-64Bit\eclipse\/emWin/Start/GUI\libGUI_basic_xmc4.a(LCD_SelectLCD.o)
                0x0800b780                LCD_SelectLCD
 .text.__libc_init_array
                0x0800b7c0       0x4c c:/dave_4-4-2_64bit_2018-02-23/dave_4-4-2_64bit_2018-02-23/dave-ide-4.4.2-64bit/eclipse/arm-gcc-49/bin/../lib/gcc/arm-none-eabi/4.9.3/../../../../arm-none-eabi/lib/armv7e-m/softfp\libg_nano.a(lib_a-init.o)
                0x0800b7c0                __libc_init_array
 .text.memcpy   0x0800b80c       0x16 c:/dave_4-4-2_64bit_2018-02-23/dave_4-4-2_64bit_2018-02-23/dave-ide-4.4.2-64bit/eclipse/arm-gcc-49/bin/../lib/gcc/arm-none-eabi/4.9.3/../../../../arm-none-eabi/lib/armv7e-m/softfp\libg_nano.a(lib_a-memcpy.o)
                0x0800b80c                memcpy
 .text.memmove  0x0800b822       0x36 c:/dave_4-4-2_64bit_2018-02-23/dave_4-4-2_64bit_2018-02-23/dave-ide-4.4.2-64bit/eclipse/arm-gcc-49/bin/../lib/gcc/arm-none-eabi/4.9.3/../../../../arm-none-eabi/lib/armv7e-m/softfp\libg_nano.a(lib_a-memmove.o)
                0x0800b822                memmove
 .text.memset   0x0800b858       0x10 c:/dave_4-4-2_64bit_2018-02-23/dave_4-4-2_64bit_2018-02-23/dave-ide-4.4.2-64bit/eclipse/arm-gcc-49/bin/../lib/gcc/arm-none-eabi/4.9.3/../../../../arm-none-eabi/lib/armv7e-m/softfp\libg_nano.a(lib_a-memset.o)
                0x0800b858                memset
 *(.init)
 *(.fini)
 *crtbegin.o(.ctors)
 *crtbegin?.o(.ctors)
 *(EXCLUDE_FILE(*crtend.o *crtend?.o) .ctors)
 *(SORT(.ctors.*))
 *(.ctors)
 *crtbegin.o(.dtors)
 *crtbegin?.o(.dtors)
 *(EXCLUDE_FILE(*crtend.o *crtend?.o) .dtors)
 *(SORT(.dtors.*))
 *(.dtors)
 *(.rodata .rodata.*)
 .rodata.SPI_MASTER_0_MOSI
                0x0800b868        0x8 ./Dave/Generated/SPI_MASTER/spi_master_conf.o
                0x0800b868                SPI_MASTER_0_MOSI
 .rodata.SPI_MASTER_0_MISO
                0x0800b870        0x8 ./Dave/Generated/SPI_MASTER/spi_master_conf.o
                0x0800b870                SPI_MASTER_0_MISO
 .rodata.SPI_MASTER_0_SCLKOUT
                0x0800b878        0x8 ./Dave/Generated/SPI_MASTER/spi_master_conf.o
                0x0800b878                SPI_MASTER_0_SCLKOUT
 .rodata.SPI_MASTER_0_SCLKOUT_Config
                0x0800b880       0x14 ./Dave/Generated/SPI_MASTER/spi_master_conf.o
                0x0800b880                SPI_MASTER_0_SCLKOUT_Config
 .rodata.SPI_MASTER_0_SS_0
                0x0800b894        0x8 ./Dave/Generated/SPI_MASTER/spi_master_conf.o
                0x0800b894                SPI_MASTER_0_SS_0
 .rodata.SPI_MASTER_0_SS_0_Config
                0x0800b89c       0x14 ./Dave/Generated/SPI_MASTER/spi_master_conf.o
                0x0800b89c                SPI_MASTER_0_SS_0_Config
 .rodata.SPI_MASTER_0_Config
                0x0800b8b0       0x8c ./Dave/Generated/SPI_MASTER/spi_master_conf.o
                0x0800b8b0                SPI_MASTER_0_Config
 .rodata.INTERRUPT_0
                0x0800b93c        0x4 ./Dave/Generated/INTERRUPT/interrupt_conf.o
                0x0800b93c                INTERRUPT_0
 .rodata.GUI_SEGGERLIBRARY_0_gpio_pin_config
                0x0800b940        0xc ./Dave/Generated/GUI_SEGGERLIBRARY/gui_seggerlibrary_conf.o
                0x0800b940                GUI_SEGGERLIBRARY_0_gpio_pin_config
 .rodata.GUI_SEGGERLIBRARY_0_config
                0x0800b94c        0xc ./Dave/Generated/GUI_SEGGERLIBRARY/gui_seggerlibrary_conf.o
                0x0800b94c                GUI_SEGGERLIBRARY_0_config
 .rodata        0x0800b958       0x14 ./Dave/Generated/CLOCK_XMC4/clock_xmc4_conf.o
 .rodata        0x0800b96c        0xc ./main.o
 .rodata        0x0800b978      0x73c C:\DAVE_4-4-2_64bit_2018-02-23\DAVE_4-4-2_64bit_2018-02-23\DAVE-IDE-4.4.2-64Bit\eclipse\/emWin/Start/GUI\libGUI_basic_xmc4.a(F6x8.o)
                0x0800b978                GUI_Font6x9
                0x0800b99c                GUI_Font6x8
 .rodata        0x0800c0b4     0x108c C:\DAVE_4-4-2_64bit_2018-02-23\DAVE_4-4-2_64bit_2018-02-23\DAVE-IDE-4.4.2-64Bit\eclipse\/emWin/Start/GUI\libGUI_basic_xmc4.a(F20B_1.o)
                0x0800c0b4                GUI_Font20B_1
 .rodata        0x0800d140        0x8 C:\DAVE_4-4-2_64bit_2018-02-23\DAVE_4-4-2_64bit_2018-02-23\DAVE-IDE-4.4.2-64Bit\eclipse\/emWin/Start/GUI\libGUI_basic_xmc4.a(GUIDRV_FlexColor_Func66718.o)
 .rodata        0x0800d148       0x74 C:\DAVE_4-4-2_64bit_2018-02-23\DAVE_4-4-2_64bit_2018-02-23\DAVE-IDE-4.4.2-64Bit\eclipse\/emWin/Start/GUI\libGUI_basic_xmc4.a(GUIDRV_FlexColor.o)
                0x0800d188                GUIDRV_FlexColor_API
 .rodata        0x0800d1bc        0x8 C:\DAVE_4-4-2_64bit_2018-02-23\DAVE_4-4-2_64bit_2018-02-23\DAVE-IDE-4.4.2-64Bit\eclipse\/emWin/Start/GUI\libGUI_basic_xmc4.a(GUI_Core.o)
 .rodata        0x0800d1c4       0x28 C:\DAVE_4-4-2_64bit_2018-02-23\DAVE_4-4-2_64bit_2018-02-23\DAVE-IDE-4.4.2-64Bit\eclipse\/emWin/Start/GUI\libGUI_basic_xmc4.a(GUI_AddDecShift.o)
                0x0800d1c4                GUI_Pow10
 .rodata        0x0800d1ec       0x18 C:\DAVE_4-4-2_64bit_2018-02-23\DAVE_4-4-2_64bit_2018-02-23\DAVE-IDE-4.4.2-64Bit\eclipse\/emWin/Start/GUI\libGUI_basic_xmc4.a(GUICC_M565.o)
                0x0800d1ec                LCD_API_ColorConv_M565
 .rodata        0x0800d204       0x74 C:\DAVE_4-4-2_64bit_2018-02-23\DAVE_4-4-2_64bit_2018-02-23\DAVE-IDE-4.4.2-64Bit\eclipse\/emWin/Start/GUI\libGUI_basic_xmc4.a(GUIDEV_16.o)
                0x0800d204                GUI_MEMDEV_DEVICE_16
 .rodata        0x0800d278     0x1048 C:\DAVE_4-4-2_64bit_2018-02-23\DAVE_4-4-2_64bit_2018-02-23\DAVE-IDE-4.4.2-64Bit\eclipse\/emWin/Start/GUI\libGUI_basic_xmc4.a(F20B_ASCII.o)
                0x0800d278                GUI_Font20B_ASCII
                0x0800d29c                GUI_Font20B_ASCII_Prop1
                0x0800d2a8                GUI_Font20B_ASCII_CharInfo
 .rodata        0x0800e2c0      0x100 C:\DAVE_4-4-2_64bit_2018-02-23\DAVE_4-4-2_64bit_2018-02-23\DAVE-IDE-4.4.2-64Bit\eclipse\/emWin/Start/GUI\libGUI_basic_xmc4.a(LCD_Mirror.o)
                0x0800e2c0                LCD_aMirror
 .rodata        0x0800e3c0        0xc C:\DAVE_4-4-2_64bit_2018-02-23\DAVE_4-4-2_64bit_2018-02-23\DAVE-IDE-4.4.2-64Bit\eclipse\/emWin/Start/GUI\libGUI_basic_xmc4.a(LCD.o)
 .rodata        0x0800e3cc       0x40 C:\DAVE_4-4-2_64bit_2018-02-23\DAVE_4-4-2_64bit_2018-02-23\DAVE-IDE-4.4.2-64Bit\eclipse\/emWin/Start/GUI\libGUI_basic_xmc4.a(GUI__DivTbl_63_255.o)
                0x0800e3cc                GUI__aConvert_63_255
 .rodata        0x0800e40c       0x20 C:\DAVE_4-4-2_64bit_2018-02-23\DAVE_4-4-2_64bit_2018-02-23\DAVE-IDE-4.4.2-64Bit\eclipse\/emWin/Start/GUI\libGUI_basic_xmc4.a(GUI__DivTbl_31_255.o)
                0x0800e40c                GUI__aConvert_31_255
 .rodata        0x0800e42c      0x100 C:\DAVE_4-4-2_64bit_2018-02-23\DAVE_4-4-2_64bit_2018-02-23\DAVE-IDE-4.4.2-64Bit\eclipse\/emWin/Start/GUI\libGUI_basic_xmc4.a(GUI__DivTbl_255_63.o)
                0x0800e42c                GUI__aConvert_255_63
 .rodata        0x0800e52c      0x100 C:\DAVE_4-4-2_64bit_2018-02-23\DAVE_4-4-2_64bit_2018-02-23\DAVE-IDE-4.4.2-64Bit\eclipse\/emWin/Start/GUI\libGUI_basic_xmc4.a(GUI__DivTbl_255_31.o)
                0x0800e52c                GUI__aConvert_255_31
 .rodata        0x0800e62c       0x10 C:\DAVE_4-4-2_64bit_2018-02-23\DAVE_4-4-2_64bit_2018-02-23\DAVE-IDE-4.4.2-64Bit\eclipse\/emWin/Start/GUI\libGUI_basic_xmc4.a(GUI_UC_EncodeNone.o)
                0x0800e62c                GUI_UC_None
 .rodata        0x0800e63c       0x18 C:\DAVE_4-4-2_64bit_2018-02-23\DAVE_4-4-2_64bit_2018-02-23\DAVE-IDE-4.4.2-64Bit\eclipse\/emWin/Start/GUI\libGUI_basic_xmc4.a(GUICC_0.o)
                0x0800e63c                LCD_API_ColorConv_0
 *(.gnu.linkonce.r*)
 *(vtable)
                0x0800e654                . = ALIGN (0x4)

.glue_7         0x0800e654        0x0 load address 0x0c00e654
 .glue_7        0x00000000        0x0 linker stubs

.glue_7t        0x0800e654        0x0 load address 0x0c00e654
 .glue_7t       0x00000000        0x0 linker stubs

.vfp11_veneer   0x0800e654        0x0 load address 0x0c00e654
 .vfp11_veneer  0x00000000        0x0 linker stubs

.v4_bx          0x0800e654        0x0 load address 0x0c00e654
 .v4_bx         0x00000000        0x0 linker stubs

.iplt           0x0800e654        0x0 load address 0x0c00e654
 .iplt          0x00000000        0x0 ./Startup/startup_XMC4200.o

.rel.dyn        0x0800e654        0x0 load address 0x0c00e654
 .rel.iplt      0x00000000        0x0 ./Startup/startup_XMC4200.o

.eh_frame_hdr
 *(.eh_frame_hdr)

.eh_frame
 *(.eh_frame)

.ARM.extab
 *(.ARM.extab* .gnu.linkonce.armextab.*)
                0x0800e654                . = ALIGN (0x4)
                0x0800e654                __exidx_start = .

.ARM.exidx
 *(.ARM.exidx* .gnu.linkonce.armexidx.*)
                0x0800e654                __exidx_end = .
                0x0800e654                . = ALIGN (0x4)

Stack           0x1fffc000      0x800
                0x1fffc000                __stack_start = .
                0x1fffc800                . = (. + stack_size)
 *fill*         0x1fffc000      0x800 
                0x1fffc800                __stack_end = .
                0x1fffc800                __initial_sp = .

.ram_code       0x1fffc800        0x0 load address 0x0c00e654
                0x1fffc800                . = ALIGN (0x4)
                0x1fffc800                __ram_code_start = .
 *(.ram_code)
                0x1fffc800                . = ALIGN (0x4)
                0x1fffc800                __ram_code_end = .
                0x0c00e654                __ram_code_load = LOADADDR (.ram_code)
                0x00000000                __ram_code_size = (__ram_code_end - __ram_code_start)

.data           0x1fffc800       0xc0 load address 0x0c00e654
                0x1fffc800                . = ALIGN (0x4)
                0x1fffc800                __data_start = .
 *(.data)
 .data          0x1fffc800        0xc C:\DAVE_4-4-2_64bit_2018-02-23\DAVE_4-4-2_64bit_2018-02-23\DAVE-IDE-4.4.2-64Bit\eclipse\/emWin/Start/GUI\libGUI_basic_xmc4.a(GUI_Core.o)
                0x1fffc800                GUI_pfGetpPalConvTable
                0x1fffc804                GUI__pFontDefault
                0x1fffc808                GUI_pContext
 .data          0x1fffc80c        0x4 C:\DAVE_4-4-2_64bit_2018-02-23\DAVE_4-4-2_64bit_2018-02-23\DAVE-IDE-4.4.2-64Bit\eclipse\/emWin/Start/GUI\libGUI_basic_xmc4.a(GUI_CharLine.o)
                0x1fffc80c                GUI_CharLine_pfLog2Vis
 .data          0x1fffc810        0x4 C:\DAVE_4-4-2_64bit_2018-02-23\DAVE_4-4-2_64bit_2018-02-23\DAVE-IDE-4.4.2-64Bit\eclipse\/emWin/Start/GUI\libGUI_basic_xmc4.a(LCD_Color.o)
 .data          0x1fffc814        0x4 C:\DAVE_4-4-2_64bit_2018-02-23\DAVE_4-4-2_64bit_2018-02-23\DAVE-IDE-4.4.2-64Bit\eclipse\/emWin/Start/GUI\libGUI_basic_xmc4.a(LCD.o)
                0x1fffc814                LCD__pSetColorAPI
 *(.data*)
 .data.TIMER_0_config
                0x1fffc818        0x8 ./Dave/Generated/TIMER/timer_conf.o
                0x1fffc818                TIMER_0_config
 .data.TIMER_0  0x1fffc820       0x28 ./Dave/Generated/TIMER/timer_conf.o
                0x1fffc820                TIMER_0
 .data.dummy_data.8230
                0x1fffc848        0x4 ./Dave/Generated/SPI_MASTER/spi_master.o
 .data.SPI_MASTER_0_MOSI_Config
                0x1fffc84c       0x14 ./Dave/Generated/SPI_MASTER/spi_master_conf.o
                0x1fffc84c                SPI_MASTER_0_MOSI_Config
 .data.SPI_MASTER_0_Channel_Config
                0x1fffc860        0xc ./Dave/Generated/SPI_MASTER/spi_master_conf.o
                0x1fffc860                SPI_MASTER_0_Channel_Config
 .data.SPI_MASTER_0_runtime
                0x1fffc86c       0x24 ./Dave/Generated/SPI_MASTER/spi_master_conf.o
                0x1fffc86c                SPI_MASTER_0_runtime
 .data.SPI_MASTER_0
                0x1fffc890        0xc ./Dave/Generated/SPI_MASTER/spi_master_conf.o
                0x1fffc890                SPI_MASTER_0
 .data.GUI_SEGGERLIBRARY_0
                0x1fffc89c       0x10 ./Dave/Generated/GUI_SEGGERLIBRARY/gui_seggerlibrary_conf.o
                0x1fffc89c                GUI_SEGGERLIBRARY_0
 .data.GLOBAL_CCU4_0
                0x1fffc8ac       0x10 ./Dave/Generated/GLOBAL_CCU4/global_ccu4_conf.o
                0x1fffc8ac                GLOBAL_CCU4_0
 .data.s_tick   0x1fffc8bc        0x4 ./main.o
                0x1fffc8bc                s_tick
 *(*.data)
 *(.gnu.linkonce.d*)
                0x1fffc8c0                . = ALIGN (0x4)
                0x1fffc8c0                PROVIDE (__preinit_array_start, .)
 *(.preinit_array)
                0x1fffc8c0                PROVIDE (__preinit_array_end, .)
                0x1fffc8c0                . = ALIGN (0x4)
                0x1fffc8c0                PROVIDE (__init_array_start, .)
 *(SORT(.init_array.*))
 *(.init_array)
                0x1fffc8c0                PROVIDE (__init_array_end, .)
                0x1fffc8c0                . = ALIGN (0x4)
                0x1fffc8c0                PROVIDE (__fini_array_start, .)
 *(SORT(.fini_array.*))
 *(.fini_array)
                0x1fffc8c0                PROVIDE (__fini_array_end, .)
                0x1fffc8c0                . = ALIGN (0x4)
                0x1fffc8c0                __data_end = .
                0x0c00e654                __data_load = LOADADDR (.data)
                0x000000c0                __data_size = (__data_end - __data_start)
                0x0000e714                __text_size = (((__exidx_end - sText) + __data_size) + __ram_code_size)
                0x0800e714                eText = (sText + __text_size)

.igot.plt       0x1fffc8c0        0x0 load address 0x0c00e714
 .igot.plt      0x00000000        0x0 ./Startup/startup_XMC4200.o

.bss            0x1fffc8c0     0x1300 load address 0x0c00e714
                0x1fffc8c0                . = ALIGN (0x4)
                0x1fffc8c0                __bss_start = .
 *(.bss)
 .bss           0x1fffc8c0       0x1c C:\DAVE_4-4-2_64bit_2018-02-23\DAVE_4-4-2_64bit_2018-02-23\DAVE-IDE-4.4.2-64Bit\eclipse\/emWin/Start/GUI\libGUI_basic_xmc4.a(GUIDRV_FlexColor.o)
 .bss           0x1fffc8dc       0x68 C:\DAVE_4-4-2_64bit_2018-02-23\DAVE_4-4-2_64bit_2018-02-23\DAVE-IDE-4.4.2-64Bit\eclipse\/emWin/Start/GUI\libGUI_basic_xmc4.a(GUI_Core.o)
 .bss           0x1fffc944       0x14 C:\DAVE_4-4-2_64bit_2018-02-23\DAVE_4-4-2_64bit_2018-02-23\DAVE-IDE-4.4.2-64Bit\eclipse\/emWin/Start/GUI\libGUI_basic_xmc4.a(GUI_Alloc.o)
 .bss           0x1fffc958        0x8 C:\DAVE_4-4-2_64bit_2018-02-23\DAVE_4-4-2_64bit_2018-02-23\DAVE-IDE-4.4.2-64Bit\eclipse\/emWin/Start/GUI\libGUI_basic_xmc4.a(GUICC_M565.o)
 .bss           0x1fffc960        0x8 C:\DAVE_4-4-2_64bit_2018-02-23\DAVE_4-4-2_64bit_2018-02-23\DAVE-IDE-4.4.2-64Bit\eclipse\/emWin/Start/GUI\libGUI_basic_xmc4.a(LCD_Color.o)
 .bss           0x1fffc968       0x10 C:\DAVE_4-4-2_64bit_2018-02-23\DAVE_4-4-2_64bit_2018-02-23\DAVE-IDE-4.4.2-64Bit\eclipse\/emWin/Start/GUI\libGUI_basic_xmc4.a(GUI__ManageCache.o)
 *(.bss*)
 .bss.g_timer_list
                0x1fffc978        0x4 ./Dave/Generated/SYSTIMER/systimer.o
                0x1fffc978                g_timer_list
 .bss.g_timer_tracker
                0x1fffc97c        0x4 ./Dave/Generated/SYSTIMER/systimer.o
                0x1fffc97c                g_timer_tracker
 .bss.g_systick_count
                0x1fffc980        0x4 ./Dave/Generated/SYSTIMER/systimer.o
                0x1fffc980                g_systick_count
 .bss.SYSTIMER_0
                0x1fffc984        0x4 ./Dave/Generated/SYSTIMER/systimer_conf.o
                0x1fffc984                SYSTIMER_0
 .bss.SPI_MASTER_0_MISO_Config
                0x1fffc988       0x14 ./Dave/Generated/SPI_MASTER/spi_master_conf.o
                0x1fffc988                SPI_MASTER_0_MISO_Config
 .bss.aMemory.7568
                0x1fffc99c     0x1000 ./Dave/Generated/GUI_SEGGERLIBRARY/Config/GUIConf.o