Archive member included because of file (symbol)

c:/dave_4-4-2_64bit_2018-02-23/dave_4-4-2_64bit_2018-02-23/dave-ide-4.4.2-64bit/eclipse/arm-gcc-49/bin/../lib/gcc/arm-none-eabi/4.9.3/../../../../arm-none-eabi/lib/armv7e-m/softfp\libg_nano.a(lib_a-errno.o)
                              ./Libraries/Newlib/syscalls.o (__errno)
c:/dave_4-4-2_64bit_2018-02-23/dave_4-4-2_64bit_2018-02-23/dave-ide-4.4.2-64bit/eclipse/arm-gcc-49/bin/../lib/gcc/arm-none-eabi/4.9.3/../../../../arm-none-eabi/lib/armv7e-m/softfp\libg_nano.a(lib_a-impure.o)
                              c:/dave_4-4-2_64bit_2018-02-23/dave_4-4-2_64bit_2018-02-23/dave-ide-4.4.2-64bit/eclipse/arm-gcc-49/bin/../lib/gcc/arm-none-eabi/4.9.3/../../../../arm-none-eabi/lib/armv7e-m/softfp\libg_nano.a(lib_a-errno.o) (_impure_ptr)
c:/dave_4-4-2_64bit_2018-02-23/dave_4-4-2_64bit_2018-02-23/dave-ide-4.4.2-64bit/eclipse/arm-gcc-49/bin/../lib/gcc/arm-none-eabi/4.9.3/../../../../arm-none-eabi/lib/armv7e-m/softfp\libg_nano.a(lib_a-init.o)
                              ./Startup/startup_XMC4700.o (__libc_init_array)
c:/dave_4-4-2_64bit_2018-02-23/dave_4-4-2_64bit_2018-02-23/dave-ide-4.4.2-64bit/eclipse/arm-gcc-49/bin/../lib/gcc/arm-none-eabi/4.9.3/../../../../arm-none-eabi/lib/armv7e-m/softfp\libg_nano.a(lib_a-memcpy.o)
                              ./Libraries/XMCLib/src/xmc_eth_mac.o (memcpy)
c:/dave_4-4-2_64bit_2018-02-23/dave_4-4-2_64bit_2018-02-23/dave-ide-4.4.2-64bit/eclipse/arm-gcc-49/bin/../lib/gcc/arm-none-eabi/4.9.3/../../../../arm-none-eabi/lib/armv7e-m/softfp\libg_nano.a(lib_a-memset.o)
                              ./Libraries/XMCLib/src/xmc_usbd.o (memset)

Allocating common symbols
Common symbol       size              file

dma0_event_handlers
                    0x20              ./Libraries/XMCLib/src/xmc_dma.o
pipe                0x1c0             ./Libraries/XMCLib/src/xmc_usbh.o
dma1_event_handlers
                    0x10              ./Libraries/XMCLib/src/xmc_dma.o
event_handler_list  0x80              ./Libraries/XMCLib/src/xmc4_scu.o
is_nack             0xe               ./Libraries/XMCLib/src/xmc_usbh.o
usbd_init           0x4               ./Libraries/XMCLib/src/xmc_usbd.o
xmc_device          0x208             ./Libraries/XMCLib/src/xmc_usbd.o

Discarded input sections

 .text          0x00000000        0x0 ./Startup/startup_XMC4700.o
 .data          0x00000000        0x0 ./Startup/startup_XMC4700.o
 .bss           0x00000000        0x0 ./Startup/startup_XMC4700.o
 .text          0x00000000        0x0 ./Startup/system_XMC4700.o
 .data          0x00000000        0x0 ./Startup/system_XMC4700.o
 .bss           0x00000000        0x0 ./Startup/system_XMC4700.o
 .text.delay    0x00000000       0x28 ./Startup/system_XMC4700.o
 .text.SystemCoreSetup
                0x00000000       0x70 ./Startup/system_XMC4700.o
 .text.SystemCoreClockSetup
                0x00000000      0x200 ./Startup/system_XMC4700.o
 .text.OSCHP_GetFrequency
                0x00000000       0x14 ./Startup/system_XMC4700.o
 .comment       0x00000000       0x71 ./Startup/system_XMC4700.o
 .text          0x00000000        0x0 ./Libraries/XMCLib/src/xmc4_eru.o
 .data          0x00000000        0x0 ./Libraries/XMCLib/src/xmc4_eru.o
 .bss           0x00000000        0x0 ./Libraries/XMCLib/src/xmc4_eru.o
 .text.XMC_ERU_Enable
                0x00000000       0x2c ./Libraries/XMCLib/src/xmc4_eru.o
 .text.XMC_ERU_Disable
                0x00000000       0x2c ./Libraries/XMCLib/src/xmc4_eru.o
 .debug_info    0x00000000      0x654 ./Libraries/XMCLib/src/xmc4_eru.o
 .debug_abbrev  0x00000000      0x171 ./Libraries/XMCLib/src/xmc4_eru.o
 .debug_loc     0x00000000       0xa0 ./Libraries/XMCLib/src/xmc4_eru.o
 .debug_aranges
                0x00000000       0x28 ./Libraries/XMCLib/src/xmc4_eru.o
 .debug_ranges  0x00000000       0x18 ./Libraries/XMCLib/src/xmc4_eru.o
 .debug_line    0x00000000      0x36e ./Libraries/XMCLib/src/xmc4_eru.o
 .debug_str     0x00000000      0x9db ./Libraries/XMCLib/src/xmc4_eru.o
 .comment       0x00000000       0x71 ./Libraries/XMCLib/src/xmc4_eru.o
 .debug_frame   0x00000000       0x60 ./Libraries/XMCLib/src/xmc4_eru.o
 .ARM.attributes
                0x00000000       0x37 ./Libraries/XMCLib/src/xmc4_eru.o
 .text          0x00000000        0x0 ./Libraries/XMCLib/src/xmc4_flash.o
 .data          0x00000000        0x0 ./Libraries/XMCLib/src/xmc4_flash.o
 .bss           0x00000000        0x0 ./Libraries/XMCLib/src/xmc4_flash.o
 .text.XMC_FLASH_lEnterPageModeCommand
                0x00000000       0x20 ./Libraries/XMCLib/src/xmc4_flash.o
 .text.XMC_FLASH_lLoadPageCommand
                0x00000000       0x30 ./Libraries/XMCLib/src/xmc4_flash.o
 .text.XMC_FLASH_lWritePageCommand
                0x00000000       0x44 ./Libraries/XMCLib/src/xmc4_flash.o
 .text.XMC_FLASH_lWriteUCBPageCommand
                0x00000000       0x44 ./Libraries/XMCLib/src/xmc4_flash.o
 .text.XMC_FLASH_lEraseSectorCommand
[...]
Memory Configuration

Name             Origin             Length             Attributes
FLASH_1_cached   0x08000000         0x00200000         xr
FLASH_1_uncached 0x0c000000         0x00200000         xr
PSRAM_1          0x1ffe8000         0x00018000         !xr
DSRAM_1_system   0x20000000         0x00020000         !xr
DSRAM_2_comm     0x20020000         0x00020000         !xr
SRAM_combined    0x1ffe8000         0x00058000         !xr
*default*        0x00000000         0xffffffff

Linker script and memory map

LOAD ./Startup/startup_XMC4700.o
LOAD ./Startup/system_XMC4700.o
LOAD ./Libraries/XMCLib/src/xmc4_eru.o
LOAD ./Libraries/XMCLib/src/xmc4_flash.o
LOAD ./Libraries/XMCLib/src/xmc4_gpio.o
LOAD ./Libraries/XMCLib/src/xmc4_rtc.o
LOAD ./Libraries/XMCLib/src/xmc4_scu.o
LOAD ./Libraries/XMCLib/src/xmc_can.o
LOAD ./Libraries/XMCLib/src/xmc_ccu4.o
LOAD ./Libraries/XMCLib/src/xmc_ccu8.o
LOAD ./Libraries/XMCLib/src/xmc_common.o
LOAD ./Libraries/XMCLib/src/xmc_dac.o
LOAD ./Libraries/XMCLib/src/xmc_dma.o
LOAD ./Libraries/XMCLib/src/xmc_dsd.o
LOAD ./Libraries/XMCLib/src/xmc_ebu.o
LOAD ./Libraries/XMCLib/src/xmc_ecat.o
LOAD ./Libraries/XMCLib/src/xmc_eru.o
LOAD ./Libraries/XMCLib/src/xmc_eth_mac.o
LOAD ./Libraries/XMCLib/src/xmc_eth_phy_dp83848.o
LOAD ./Libraries/XMCLib/src/xmc_eth_phy_ksz8031rnl.o
LOAD ./Libraries/XMCLib/src/xmc_eth_phy_ksz8081rnb.o
LOAD ./Libraries/XMCLib/src/xmc_fce.o
LOAD ./Libraries/XMCLib/src/xmc_gpio.o
LOAD ./Libraries/XMCLib/src/xmc_hrpwm.o
LOAD ./Libraries/XMCLib/src/xmc_i2c.o
LOAD ./Libraries/XMCLib/src/xmc_i2s.o
LOAD ./Libraries/XMCLib/src/xmc_ledts.o
LOAD ./Libraries/XMCLib/src/xmc_posif.o
LOAD ./Libraries/XMCLib/src/xmc_rtc.o
LOAD ./Libraries/XMCLib/src/xmc_sdmmc.o
LOAD ./Libraries/XMCLib/src/xmc_spi.o
LOAD ./Libraries/XMCLib/src/xmc_uart.o
LOAD ./Libraries/XMCLib/src/xmc_usbd.o
LOAD ./Libraries/XMCLib/src/xmc_usbh.o
LOAD ./Libraries/XMCLib/src/xmc_usic.o
LOAD ./Libraries/XMCLib/src/xmc_vadc.o
LOAD ./Libraries/XMCLib/src/xmc_wdt.o
LOAD ./Libraries/Newlib/syscalls.o
LOAD ./Dave/Generated/SPI_MASTER/spi_master.o
LOAD ./Dave/Generated/SPI_MASTER/spi_master_conf.o
LOAD ./Dave/Generated/DIGITAL_IO/digital_io.o
LOAD ./Dave/Generated/DIGITAL_IO/digital_io_conf.o
LOAD ./Dave/Generated/CPU_CTRL_XMC4/cpu_ctrl_xmc4.o
LOAD ./Dave/Generated/CPU_CTRL_XMC4/cpu_ctrl_xmc4_conf.o
LOAD ./Dave/Generated/CLOCK_XMC4/clock_xmc4.o
LOAD ./Dave/Generated/CLOCK_XMC4/clock_xmc4_conf.o
LOAD ./Dave/Generated/DAVE.o
LOAD ./display_functions.o
LOAD ./main.o
LOAD c:/dave_4-4-2_64bit_2018-02-23/dave_4-4-2_64bit_2018-02-23/dave-ide-4.4.2-64bit/eclipse/arm-gcc-49/bin/../lib/gcc/arm-none-eabi/4.9.3/../../../../arm-none-eabi/lib/armv7e-m/softfp\libm.a
START GROUP
LOAD c:/dave_4-4-2_64bit_2018-02-23/dave_4-4-2_64bit_2018-02-23/dave-ide-4.4.2-64bit/eclipse/arm-gcc-49/bin/../lib/gcc/arm-none-eabi/4.9.3/armv7e-m/softfp\libgcc.a
LOAD c:/dave_4-4-2_64bit_2018-02-23/dave_4-4-2_64bit_2018-02-23/dave-ide-4.4.2-64bit/eclipse/arm-gcc-49/bin/../lib/gcc/arm-none-eabi/4.9.3/../../../../arm-none-eabi/lib/armv7e-m/softfp\libg_nano.a
LOAD c:/dave_4-4-2_64bit_2018-02-23/dave_4-4-2_64bit_2018-02-23/dave-ide-4.4.2-64bit/eclipse/arm-gcc-49/bin/../lib/gcc/arm-none-eabi/4.9.3/../../../../arm-none-eabi/lib/armv7e-m/softfp\libc_nano.a
END GROUP
START GROUP
LOAD c:/dave_4-4-2_64bit_2018-02-23/dave_4-4-2_64bit_2018-02-23/dave-ide-4.4.2-64bit/eclipse/arm-gcc-49/bin/../lib/gcc/arm-none-eabi/4.9.3/armv7e-m/softfp\libgcc.a
LOAD c:/dave_4-4-2_64bit_2018-02-23/dave_4-4-2_64bit_2018-02-23/dave-ide-4.4.2-64bit/eclipse/arm-gcc-49/bin/../lib/gcc/arm-none-eabi/4.9.3/../../../../arm-none-eabi/lib/armv7e-m/softfp\libc_nano.a
LOAD c:/dave_4-4-2_64bit_2018-02-23/dave_4-4-2_64bit_2018-02-23/dave-ide-4.4.2-64bit/eclipse/arm-gcc-49/bin/../lib/gcc/arm-none-eabi/4.9.3/../../../../arm-none-eabi/lib/armv7e-m/softfp\libnosys.a
END GROUP
START GROUP
LOAD c:/dave_4-4-2_64bit_2018-02-23/dave_4-4-2_64bit_2018-02-23/dave-ide-4.4.2-64bit/eclipse/arm-gcc-49/bin/../lib/gcc/arm-none-eabi/4.9.3/armv7e-m/softfp\libgcc.a
LOAD c:/dave_4-4-2_64bit_2018-02-23/dave_4-4-2_64bit_2018-02-23/dave-ide-4.4.2-64bit/eclipse/arm-gcc-49/bin/../lib/gcc/arm-none-eabi/4.9.3/../../../../arm-none-eabi/lib/armv7e-m/softfp\libc_nano.a
LOAD c:/dave_4-4-2_64bit_2018-02-23/dave_4-4-2_64bit_2018-02-23/dave-ide-4.4.2-64bit/eclipse/arm-gcc-49/bin/../lib/gcc/arm-none-eabi/4.9.3/../../../../arm-none-eabi/lib/armv7e-m/softfp\libnosys.a
END GROUP
                0x00000800                stack_size = DEFINED (stack_size)?stack_size:0x800
                0x00000040                no_init_size = 0x40

.text           0x08000000     0x28c0 load address 0x0c000000
                0x08000000                sText = .
 *(.reset)
 .reset         0x08000000      0x29c ./Startup/startup_XMC4700.o
                0x08000000                __Vectors
                0x08000200                Reset_Handler
                0x08000298                DSD0_7_IRQHandler
                0x08000298                DebugMon_Handler
                0x08000298                VADC0_C0_0_IRQHandler
                0x08000298                CAN0_4_IRQHandler
                0x08000298                VADC0_G2_0_IRQHandler
                0x08000298                USIC0_5_IRQHandler
                0x08000298                POSIF0_0_IRQHandler
                0x08000298                POSIF1_0_IRQHandler
                0x08000298                HardFault_Handler
                0x08000298                VADC0_G1_1_IRQHandler
                0x08000298                SysTick_Handler
                0x08000298                PendSV_Handler
                0x08000298                NMI_Handler
                0x08000298                USIC1_3_IRQHandler
                0x08000298                CCU40_2_IRQHandler
                0x08000298                SCU_0_IRQHandler
                0x08000298                ERU0_0_IRQHandler
                0x08000298                CCU41_0_IRQHandler
                0x08000298                USIC1_5_IRQHandler
                0x08000298                DSD0_4_IRQHandler
                0x08000298                CCU80_1_IRQHandler
                0x08000298                CCU81_0_IRQHandler
                0x08000298                UsageFault_Handler
                0x08000298                USIC0_0_IRQHandler
                0x08000298                POSIF1_1_IRQHandler
                0x08000298                ERU0_2_IRQHandler
                0x08000298                CCU81_1_IRQHandler
                0x08000298                ERU1_1_IRQHandler
                0x08000298                VADC0_G2_3_IRQHandler
                0x08000298                VADC0_G2_2_IRQHandler
                0x08000298                CCU42_3_IRQHandler
                0x08000298                ERU0_3_IRQHandler
                0x08000298                DSD0_5_IRQHandler
                0x08000298                VADC0_C0_3_IRQHandler
                0x08000298                CAN0_6_IRQHandler
                0x08000298                CCU43_0_IRQHandler
                0x08000298                VADC0_G0_1_IRQHandler
                0x08000298                CCU81_2_IRQHandler
                0x08000298                USIC2_4_IRQHandler
                0x08000298                CCU81_3_IRQHandler
                0x08000298                CCU42_1_IRQHandler
                0x08000298                USIC1_1_IRQHandler
                0x08000298                USIC2_5_IRQHandler
                0x08000298                CCU40_0_IRQHandler
                0x08000298                CAN0_0_IRQHandler
                0x08000298                ERU1_0_IRQHandler
                0x08000298                CCU42_2_IRQHandler
                0x08000298                Default_Handler
                0x08000298                USIC1_4_IRQHandler
                0x08000298                ERU1_3_IRQHandler
                0x08000298                USIC1_0_IRQHandler
                0x08000298                POSIF0_1_IRQHandler
                0x08000298                VADC0_G0_0_IRQHandler
                0x08000298                DSD0_2_IRQHandler
                0x08000298                CCU80_3_IRQHandler
                0x08000298                CCU41_3_IRQHandler
                0x08000298                CCU80_2_IRQHandler
                0x08000298                VADC0_G1_3_IRQHandler
                0x08000298                VADC0_G0_3_IRQHandler
                0x08000298                GPDMA0_0_IRQHandler
                0x08000298                PMU0_0_IRQHandler
                0x08000298                CAN0_7_IRQHandler
                0x08000298                DSD0_1_IRQHandler
                0x08000298                CCU41_2_IRQHandler
                0x08000298                VADC0_C0_1_IRQHandler
                0x08000298                CCU43_2_IRQHandler
                0x08000298                MemManage_Handler
                0x08000298                VADC0_G3_1_IRQHandler
                0x08000298                DAC0_0_IRQHandler
                0x08000298                SVC_Handler
                0x08000298                VADC0_G3_3_IRQHandler
                0x08000298                ERU1_2_IRQHandler
                0x08000298                CCU41_1_IRQHandler
                0x08000298                DSD0_6_IRQHandler
                0x08000298                CCU43_1_IRQHandler
                0x08000298                VADC0_G1_2_IRQHandler
                0x08000298                CAN0_2_IRQHandler
                0x08000298                USIC2_0_IRQHandler
                0x08000298                VADC0_G0_2_IRQHandler
                0x08000298                VADC0_G2_1_IRQHandler
                0x08000298                CAN0_3_IRQHandler
                0x08000298                ETH0_0_IRQHandler
                0x08000298                USIC0_3_IRQHandler
                0x08000298                DSD0_0_IRQHandler
                0x08000298                VADC0_C0_2_IRQHandler
                0x08000298                CCU42_0_IRQHandler
                0x08000298                FCE0_0_IRQHandler
                0x08000298                VADC0_G1_0_IRQHandler
                0x08000298                USB0_0_IRQHandler
                0x08000298                CAN0_5_IRQHandler
                0x08000298                CCU80_0_IRQHandler
                0x08000298                CCU40_1_IRQHandler
                0x08000298                USIC2_1_IRQHandler
                0x08000298                USIC0_1_IRQHandler
                0x08000298                VADC0_G3_2_IRQHandler
                0x08000298                CCU40_3_IRQHandler
                0x08000298                BusFault_Handler
                0x08000298                LEDTS0_0_IRQHandler
                0x08000298                USIC0_4_IRQHandler
                0x08000298                CCU43_3_IRQHandler
                0x08000298                ERU0_1_IRQHandler
                0x08000298                VADC0_G3_0_IRQHandler
                0x08000298                USIC1_2_IRQHandler
                0x08000298                DSD0_3_IRQHandler
                0x08000298                SDMMC0_0_IRQHandler
                0x08000298                CAN0_1_IRQHandler
                0x08000298                USIC0_2_IRQHandler
                0x08000298                DAC0_1_IRQHandler
                0x08000298                GPDMA1_0_IRQHandler
 *(.text .text.* .gnu.linkonce.t.*)
 .text.SystemInit
                0x0800029c       0x20 ./Startup/system_XMC4700.o
                0x0800029c                SystemInit
 .text.SystemCoreClockUpdate
                0x080002bc       0xd4 ./Startup/system_XMC4700.o
                0x080002bc                SystemCoreClockUpdate
 .text.XMC_GPIO_Init
                0x08000390      0x14c ./Libraries/XMCLib/src/xmc4_gpio.o
                0x08000390                XMC_GPIO_Init
 .text.XMC_SCU_CLOCK_GetCpuClockFrequency
                0x080004dc       0x18 ./Libraries/XMCLib/src/xmc4_scu.o
 .text.XMC_SCU_GetMirrorStatus
                0x080004f4       0x18 ./Libraries/XMCLib/src/xmc4_scu.o
 .text.XMC_SCU_lDelay
                0x0800050c       0x44 ./Libraries/XMCLib/src/xmc4_scu.o
 .text.XMC_SCU_INTERUPT_GetEventStatus
                0x08000550       0x18 ./Libraries/XMCLib/src/xmc4_scu.o
                0x08000550                XMC_SCU_INTERUPT_GetEventStatus
 .text.XMC_SCU_INTERRUPT_ClearEventStatus
                0x08000568       0x1c ./Libraries/XMCLib/src/xmc4_scu.o
                0x08000568                XMC_SCU_INTERRUPT_ClearEventStatus
 .text.XMC_SCU_CLOCK_Init
                0x08000584       0xec ./Libraries/XMCLib/src/xmc4_scu.o
                0x08000584                XMC_SCU_CLOCK_Init
 .text.XMC_SCU_RESET_DeassertPeripheralReset
                0x08000670       0x38 ./Libraries/XMCLib/src/xmc4_scu.o
                0x08000670                XMC_SCU_RESET_DeassertPeripheralReset
 .text.XMC_SCU_RESET_IsPeripheralResetAsserted
                0x080006a8       0x48 ./Libraries/XMCLib/src/xmc4_scu.o
                0x080006a8                XMC_SCU_RESET_IsPeripheralResetAsserted
 .text.XMC_SCU_CLOCK_GetPeripheralClockFrequency
                0x080006f0       0x20 ./Libraries/XMCLib/src/xmc4_scu.o
                0x080006f0                XMC_SCU_CLOCK_GetPeripheralClockFrequency
 .text.XMC_SCU_CLOCK_SetSystemClockSource
                0x08000710       0x28 ./Libraries/XMCLib/src/xmc4_scu.o
                0x08000710                XMC_SCU_CLOCK_SetSystemClockSource
 .text.XMC_SCU_CLOCK_SetUsbClockSource
                0x08000738       0x28 ./Libraries/XMCLib/src/xmc4_scu.o
                0x08000738                XMC_SCU_CLOCK_SetUsbClockSource
 .text.XMC_SCU_CLOCK_SetWdtClockSource
                0x08000760       0x28 ./Libraries/XMCLib/src/xmc4_scu.o
                0x08000760                XMC_SCU_CLOCK_SetWdtClockSource
 .text.XMC_SCU_CLOCK_SetSystemPllClockSource
                0x08000788       0x40 ./Libraries/XMCLib/src/xmc4_scu.o
                0x08000788                XMC_SCU_CLOCK_SetSystemPllClockSource
 .text.XMC_SCU_HIB_SetRtcClockSource
                0x080007c8       0x3c ./Libraries/XMCLib/src/xmc4_scu.o
                0x080007c8                XMC_SCU_HIB_SetRtcClockSource
 .text.XMC_SCU_HIB_SetStandbyClockSource
                0x08000804       0x3c ./Libraries/XMCLib/src/xmc4_scu.o
                0x08000804                XMC_SCU_HIB_SetStandbyClockSource
 .text.XMC_SCU_CLOCK_SetSystemClockDivider
                0x08000840       0x28 ./Libraries/XMCLib/src/xmc4_scu.o
                0x08000840                XMC_SCU_CLOCK_SetSystemClockDivider
 .text.XMC_SCU_CLOCK_SetCcuClockDivider
                0x08000868       0x28 ./Libraries/XMCLib/src/xmc4_scu.o
                0x08000868                XMC_SCU_CLOCK_SetCcuClockDivider
 .text.XMC_SCU_CLOCK_SetCpuClockDivider
                0x08000890       0x28 ./Libraries/XMCLib/src/xmc4_scu.o
                0x08000890                XMC_SCU_CLOCK_SetCpuClockDivider
 .text.XMC_SCU_CLOCK_SetPeripheralClockDivider
                0x080008b8       0x28 ./Libraries/XMCLib/src/xmc4_scu.o
                0x080008b8                XMC_SCU_CLOCK_SetPeripheralClockDivider
 .text.XMC_SCU_CLOCK_SetUsbClockDivider
                0x080008e0       0x28 ./Libraries/XMCLib/src/xmc4_scu.o
                0x080008e0                XMC_SCU_CLOCK_SetUsbClockDivider
 .text.XMC_SCU_CLOCK_SetEbuClockDivider
                0x08000908       0x28 ./Libraries/XMCLib/src/xmc4_scu.o
                0x08000908                XMC_SCU_CLOCK_SetEbuClockDivider
 .text.XMC_SCU_CLOCK_SetWdtClockDivider
                0x08000930       0x28 ./Libraries/XMCLib/src/xmc4_scu.o
                0x08000930                XMC_SCU_CLOCK_SetWdtClockDivider
 .text.XMC_SCU_CLOCK_UngatePeripheralClock
                0x08000958       0x38 ./Libraries/XMCLib/src/xmc4_scu.o
                0x08000958                XMC_SCU_CLOCK_UngatePeripheralClock
 .text.XMC_SCU_CLOCK_IsPeripheralClockGated
                0x08000990       0x48 ./Libraries/XMCLib/src/xmc4_scu.o
                0x08000990                XMC_SCU_CLOCK_IsPeripheralClockGated
 .text.XMC_SCU_CLOCK_StartUsbPll
                0x080009d8       0x74 ./Libraries/XMCLib/src/xmc4_scu.o
                0x080009d8                XMC_SCU_CLOCK_StartUsbPll
 .text.XMC_SCU_CLOCK_SetBackupClockCalibrationMode
                0x08000a4c       0x4c ./Libraries/XMCLib/src/xmc4_scu.o
                0x08000a4c                XMC_SCU_CLOCK_SetBackupClockCalibrationMode
 .text.XMC_SCU_HIB_EnableHibernateDomain
                0x08000a98       0x58 ./Libraries/XMCLib/src/xmc4_scu.o
                0x08000a98                XMC_SCU_HIB_EnableHibernateDomain
 .text.XMC_SCU_CLOCK_IsLowPowerOscillatorStable
                0x08000af0       0x24 ./Libraries/XMCLib/src/xmc4_scu.o
                0x08000af0                XMC_SCU_CLOCK_IsLowPowerOscillatorStable
 .text.XMC_SCU_CLOCK_EnableLowPowerOscillator
                0x08000b14       0x70 ./Libraries/XMCLib/src/xmc4_scu.o
                0x08000b14                XMC_SCU_CLOCK_EnableLowPowerOscillator
 .text.XMC_SCU_CLOCK_EnableHighPerformanceOscillator
                0x08000b84       0x50 ./Libraries/XMCLib/src/xmc4_scu.o
                0x08000b84                XMC_SCU_CLOCK_EnableHighPerformanceOscillator
 .text.XMC_SCU_CLOCK_IsHighPerformanceOscillatorStable
                0x08000bd4       0x28 ./Libraries/XMCLib/src/xmc4_scu.o
                0x08000bd4                XMC_SCU_CLOCK_IsHighPerformanceOscillatorStable
 .text.XMC_SCU_CLOCK_EnableSystemPll
                0x08000bfc       0x20 ./Libraries/XMCLib/src/xmc4_scu.o
                0x08000bfc                XMC_SCU_CLOCK_EnableSystemPll
 .text.XMC_SCU_CLOCK_DisableSystemPll
                0x08000c1c       0x20 ./Libraries/XMCLib/src/xmc4_scu.o
                0x08000c1c                XMC_SCU_CLOCK_DisableSystemPll
 .text.XMC_SCU_CLOCK_StartSystemPll
                0x08000c3c      0x174 ./Libraries/XMCLib/src/xmc4_scu.o
                0x08000c3c                XMC_SCU_CLOCK_StartSystemPll
 .text.XMC_SCU_CLOCK_StepSystemPllFrequency
                0x08000db0       0x2c ./Libraries/XMCLib/src/xmc4_scu.o
                0x08000db0                XMC_SCU_CLOCK_StepSystemPllFrequency
 .text.XMC_GPIO_SetHardwareControl
                0x08000ddc       0x44 ./Libraries/XMCLib/src/xmc_gpio.o
                0x08000ddc                XMC_GPIO_SetHardwareControl
 .text.XMC_SPI_CH_Init
                0x08000e20       0x80 ./Libraries/XMCLib/src/xmc_spi.o
                0x08000e20                XMC_SPI_CH_Init
 .text.XMC_SPI_CH_EnableSlaveSelect
                0x08000ea0       0x2c ./Libraries/XMCLib/src/xmc_spi.o
                0x08000ea0                XMC_SPI_CH_EnableSlaveSelect
 .text.XMC_SPI_CH_GetReceivedData
                0x08000ecc       0x34 ./Libraries/XMCLib/src/xmc_spi.o
                0x08000ecc                XMC_SPI_CH_GetReceivedData
 .text.XMC_SPI_CH_DisableEvent
                0x08000f00       0x38 ./Libraries/XMCLib/src/xmc_spi.o
                0x08000f00                XMC_SPI_CH_DisableEvent
 .text.XMC_USIC_CH_Enable
                0x08000f38       0x98 ./Libraries/XMCLib/src/xmc_usic.o
                0x08000f38                XMC_USIC_CH_Enable
 .text.XMC_USIC_CH_SetBaudrate
                0x08000fd0       0xe0 ./Libraries/XMCLib/src/xmc_usic.o
                0x08000fd0                XMC_USIC_CH_SetBaudrate
 .text.XMC_USIC_CH_SetBaudrateEx
                0x080010b0      0x100 ./Libraries/XMCLib/src/xmc_usic.o
                0x080010b0                XMC_USIC_CH_SetBaudrateEx
 .text.XMC_USIC_CH_TXFIFO_Configure
                0x080011b0       0x50 ./Libraries/XMCLib/src/xmc_usic.o
                0x080011b0                XMC_USIC_CH_TXFIFO_Configure
 .text.XMC_USIC_CH_RXFIFO_Configure
                0x08001200       0x54 ./Libraries/XMCLib/src/xmc_usic.o
                0x08001200                XMC_USIC_CH_RXFIFO_Configure
 .text.XMC_USIC_CH_RXFIFO_SetSizeTriggerLimit
                0x08001254       0x44 ./Libraries/XMCLib/src/xmc_usic.o
                0x08001254                XMC_USIC_CH_RXFIFO_SetSizeTriggerLimit
 .text.XMC_USIC_CH_SetInterruptNodePointer
                0x08001298       0x38 ./Libraries/XMCLib/src/xmc_usic.o
                0x08001298                XMC_USIC_CH_SetInterruptNodePointer
 .text.XMC_USIC_CH_TXFIFO_SetInterruptNodePointer
                0x080012d0       0x3c ./Libraries/XMCLib/src/xmc_usic.o
                0x080012d0                XMC_USIC_CH_TXFIFO_SetInterruptNodePointer
 .text.XMC_USIC_CH_RXFIFO_SetInterruptNodePointer
                0x0800130c       0x3c ./Libraries/XMCLib/src/xmc_usic.o
                0x0800130c                XMC_USIC_CH_RXFIFO_SetInterruptNodePointer
 .text.XMC_USIC_Enable
                0x08001348       0xc0 ./Libraries/XMCLib/src/xmc_usic.o
                0x08001348                XMC_USIC_Enable
 .text._init    0x08001408        0xc ./Libraries/Newlib/syscalls.o
                0x08001408                _init
 .text.XMC_USIC_CH_WriteToTBUFTCI
                0x08001414       0x24 ./Dave/Generated/SPI_MASTER/spi_master.o
 .text.XMC_USIC_CH_EnableEvent
                0x08001438       0x20 ./Dave/Generated/SPI_MASTER/spi_master.o
 .text.XMC_USIC_CH_DisableEvent
                0x08001458       0x24 ./Dave/Generated/SPI_MASTER/spi_master.o
 .text.XMC_USIC_CH_GetTransmitBufferStatus
                0x0800147c       0x20 ./Dave/Generated/SPI_MASTER/spi_master.o
 .text.XMC_USIC_CH_GetReceiveBufferStatus
                0x0800149c       0x1c ./Dave/Generated/SPI_MASTER/spi_master.o
 .text.XMC_USIC_CH_TriggerServiceRequest
                0x080014b8       0x20 ./Dave/Generated/SPI_MASTER/spi_master.o
 .text.XMC_USIC_CH_TXFIFO_EnableEvent
                0x080014d8       0x24 ./Dave/Generated/SPI_MASTER/spi_master.o
 .text.XMC_USIC_CH_TXFIFO_DisableEvent
                0x080014fc       0x28 ./Dave/Generated/SPI_MASTER/spi_master.o
 .text.XMC_USIC_CH_TXFIFO_PutDataHPCMode
                0x08001524       0x24 ./Dave/Generated/SPI_MASTER/spi_master.o
 .text.XMC_USIC_CH_TXFIFO_Flush
                0x08001548       0x1c ./Dave/Generated/SPI_MASTER/spi_master.o
 .text.XMC_USIC_CH_TXFIFO_IsFull
                0x08001564       0x28 ./Dave/Generated/SPI_MASTER/spi_master.o
 .text.XMC_USIC_CH_TXFIFO_IsEmpty
                0x0800158c       0x28 ./Dave/Generated/SPI_MASTER/spi_master.o
 .text.XMC_USIC_CH_RXFIFO_DisableEvent
                0x080015b4       0x28 ./Dave/Generated/SPI_MASTER/spi_master.o
 .text.XMC_USIC_CH_RXFIFO_IsEmpty
                0x080015dc       0x28 ./Dave/Generated/SPI_MASTER/spi_master.o
 .text.XMC_SPI_CH_SetTransmitMode
                0x08001604       0x2c ./Dave/Generated/SPI_MASTER/spi_master.o
 .text.SPI_MASTER_Init
                0x08001630       0x20 ./Dave/Generated/SPI_MASTER/spi_master.o
                0x08001630                SPI_MASTER_Init
 .text.SPI_MASTER_Transmit
                0x08001650       0x34 ./Dave/Generated/SPI_MASTER/spi_master.o
                0x08001650                SPI_MASTER_Transmit
 .text.SPI_MASTER_StartTransmitIRQ
                0x08001684       0xec ./Dave/Generated/SPI_MASTER/spi_master.o
                0x08001684                SPI_MASTER_StartTransmitIRQ
 .text.SPI_MASTER_lTransmitHandler
                0x08001770      0x1c8 ./Dave/Generated/SPI_MASTER/spi_master.o
                0x08001770                SPI_MASTER_lTransmitHandler
 .text.SPI_MASTER_lReceiveHandler
                0x08001938      0x1a4 ./Dave/Generated/SPI_MASTER/spi_master.o
                0x08001938                SPI_MASTER_lReceiveHandler
 .text.SPI_MASTER_lFIFORead
                0x08001adc       0xc4 ./Dave/Generated/SPI_MASTER/spi_master.o
 .text.SPI_MASTER_lReconfigureRxFIFO
                0x08001ba0       0x70 ./Dave/Generated/SPI_MASTER/spi_master.o
 .text.__NVIC_GetPriorityGrouping
                0x08001c10       0x1c ./Dave/Generated/SPI_MASTER/spi_master_conf.o
 .text.__NVIC_EnableIRQ
                0x08001c2c       0x38 ./Dave/Generated/SPI_MASTER/spi_master_conf.o
 .text.__NVIC_SetPriority
                0x08001c64       0x54 ./Dave/Generated/SPI_MASTER/spi_master_conf.o
 .text.NVIC_EncodePriority
                0x08001cb8       0x64 ./Dave/Generated/SPI_MASTER/spi_master_conf.o
 .text.XMC_USIC_CH_SetInputSource
                0x08001d1c       0x3c ./Dave/Generated/SPI_MASTER/spi_master_conf.o
 .text.XMC_USIC_CH_SetWordLength
                0x08001d58       0x2c ./Dave/Generated/SPI_MASTER/spi_master_conf.o
 .text.XMC_USIC_CH_SetFrameLength
                0x08001d84       0x2c ./Dave/Generated/SPI_MASTER/spi_master_conf.o
 .text.XMC_USIC_CH_ConfigureShiftClockOutput
                0x08001db0       0x2c ./Dave/Generated/SPI_MASTER/spi_master_conf.o
 .text.XMC_USIC_CH_SetMode
                0x08001ddc       0x28 ./Dave/Generated/SPI_MASTER/spi_master_conf.o
 .text.XMC_SPI_CH_Start
                0x08001e04       0x18 ./Dave/Generated/SPI_MASTER/spi_master_conf.o
 .text.XMC_SPI_CH_SetBitOrderMsbFirst
                0x08001e1c       0x20 ./Dave/Generated/SPI_MASTER/spi_master_conf.o
 .text.XMC_SPI_CH_SetSlaveSelectDelay
                0x08001e3c       0x2c ./Dave/Generated/SPI_MASTER/spi_master_conf.o
 .text.XMC_SPI_CH_ConfigureShiftClockOutput
                0x08001e68       0x1c ./Dave/Generated/SPI_MASTER/spi_master_conf.o
 .text.XMC_SPI_CH_SetWordLength
                0x08001e84       0x1c ./Dave/Generated/SPI_MASTER/spi_master_conf.o
 .text.XMC_SPI_CH_SetFrameLength
                0x08001ea0       0x1c ./Dave/Generated/SPI_MASTER/spi_master_conf.o
 .text.XMC_SPI_CH_SetInputSource
                0x08001ebc       0x44 ./Dave/Generated/SPI_MASTER/spi_master_conf.o
 .text.SPI_MASTER_0_lInit
                0x08001f00      0x128 ./Dave/Generated/SPI_MASTER/spi_master_conf.o
 .text.USIC2_3_IRQHandler
                0x08002028       0x10 ./Dave/Generated/SPI_MASTER/spi_master_conf.o
                0x08002028                USIC2_3_IRQHandler
 .text.USIC2_2_IRQHandler
                0x08002038       0x10 ./Dave/Generated/SPI_MASTER/spi_master_conf.o
                0x08002038                USIC2_2_IRQHandler
 .text.DIGITAL_IO_Init
                0x08002048       0x40 ./Dave/Generated/DIGITAL_IO/digital_io.o
                0x08002048                DIGITAL_IO_Init
 .text.__NVIC_SetPriorityGrouping
                0x08002088       0x48 ./Dave/Generated/CPU_CTRL_XMC4/cpu_ctrl_xmc4_conf.o
 .text.SystemCoreSetup
                0x080020d0       0xa0 ./Dave/Generated/CPU_CTRL_XMC4/cpu_ctrl_xmc4_conf.o
                0x080020d0                SystemCoreSetup
 .text.CLOCK_XMC4_Init
                0x08002170       0x20 ./Dave/Generated/CLOCK_XMC4/clock_xmc4.o
                0x08002170                CLOCK_XMC4_Init
 .text.OSCHP_GetFrequency
                0x08002190       0x14 ./Dave/Generated/CLOCK_XMC4/clock_xmc4.o
                0x08002190                OSCHP_GetFrequency
 .text.SystemCoreClockSetup
                0x080021a4       0x54 ./Dave/Generated/CLOCK_XMC4/clock_xmc4_conf.o
                0x080021a4                SystemCoreClockSetup
 .text.DAVE_Init
                0x080021f8       0x74 ./Dave/Generated/DAVE.o
                0x080021f8                DAVE_Init
 .text.XMC_GPIO_SetOutputHigh
                0x0800226c       0x20 ./display_functions.o
 .text.XMC_GPIO_SetOutputLow
                0x0800228c       0x24 ./display_functions.o
 .text.DIGITAL_IO_SetOutputHigh
                0x080022b0       0x20 ./display_functions.o
 .text.DIGITAL_IO_SetOutputLow
                0x080022d0       0x20 ./display_functions.o
 .text.display_setup
                0x080022f0      0x210 ./display_functions.o
                0x080022f0                display_setup
 .text.OLED_Command_160128RGB
                0x08002500       0x3c ./display_functions.o
                0x08002500                OLED_Command_160128RGB
 .text.OLED_Data_160128RGB
                0x0800253c       0x20 ./display_functions.o
                0x0800253c                OLED_Data_160128RGB
 .text.OLED_Text_160128RGB
                0x0800255c       0x90 ./display_functions.o
                0x0800255c                OLED_Text_160128RGB
 .text.OLED_SetColumnAddress_160128RGB
                0x080025ec       0x34 ./display_functions.o
                0x080025ec                OLED_SetColumnAddress_160128RGB
 .text.OLED_SetRowAddress_160128RGB
                0x08002620       0x34 ./display_functions.o
                0x08002620                OLED_SetRowAddress_160128RGB
 .text.OLED_FillScreen_160128RGB
                0x08002654       0x34 ./display_functions.o
                0x08002654                OLED_FillScreen_160128RGB
 .text.OLED_SetPosition_160128RGB
                0x08002688       0x34 ./display_functions.o
                0x08002688                OLED_SetPosition_160128RGB
 .text.OLED_WriteMemoryStart_160128RGB
                0x080026bc        0xc ./display_functions.o
                0x080026bc                OLED_WriteMemoryStart_160128RGB
 .text.OLED_Pixel_160128RGB
                0x080026c8       0x30 ./display_functions.o
                0x080026c8                OLED_Pixel_160128RGB
 .text.OLED_SerialPixelData_160128RGB
                0x080026f8       0x3c ./display_functions.o
                0x080026f8                OLED_SerialPixelData_160128RGB
 .text.main     0x08002734       0x1c ./main.o
                0x08002734                main
 .text.__libc_init_array
                0x08002750       0x4c c:/dave_4-4-2_64bit_2018-02-23/dave_4-4-2_64bit_2018-02-23/dave-ide-4.4.2-64bit/eclipse/arm-gcc-49/bin/../lib/gcc/arm-none-eabi/4.9.3/../../../../arm-none-eabi/lib/armv7e-m/softfp\libg_nano.a(lib_a-init.o)
                0x08002750                __libc_init_array
 *(.init)
 *(.fini)
 *crtbegin.o(.ctors)
 *crtbegin?.o(.ctors)
 *(EXCLUDE_FILE(*crtend.o *crtend?.o) .ctors)
 *(SORT(.ctors.*))
 *(.ctors)
 *crtbegin.o(.dtors)
 *crtbegin?.o(.dtors)
 *(EXCLUDE_FILE(*crtend.o *crtend?.o) .dtors)
 *(SORT(.dtors.*))
 *(.dtors)
 *(.rodata .rodata.*)
 .rodata.SPI_MASTER_0_MOSI
                0x0800279c        0x8 ./Dave/Generated/SPI_MASTER/spi_master_conf.o
                0x0800279c                SPI_MASTER_0_MOSI
 .rodata.SPI_MASTER_0_MISO
                0x080027a4        0x8 ./Dave/Generated/SPI_MASTER/spi_master_conf.o
                0x080027a4                SPI_MASTER_0_MISO
 .rodata.SPI_MASTER_0_SCLKOUT
                0x080027ac        0x8 ./Dave/Generated/SPI_MASTER/spi_master_conf.o
                0x080027ac                SPI_MASTER_0_SCLKOUT
 .rodata.SPI_MASTER_0_SCLKOUT_Config
                0x080027b4       0x14 ./Dave/Generated/SPI_MASTER/spi_master_conf.o
                0x080027b4                SPI_MASTER_0_SCLKOUT_Config
 .rodata.SPI_MASTER_0_SS_0
                0x080027c8        0x8 ./Dave/Generated/SPI_MASTER/spi_master_conf.o
                0x080027c8                SPI_MASTER_0_SS_0
 .rodata.SPI_MASTER_0_SS_0_Config
                0x080027d0       0x14 ./Dave/Generated/SPI_MASTER/spi_master_conf.o
                0x080027d0                SPI_MASTER_0_SS_0_Config
 .rodata.SPI_MASTER_0_Config
                0x080027e4       0x8c ./Dave/Generated/SPI_MASTER/spi_master_conf.o
                0x080027e4                SPI_MASTER_0_Config
 .rodata.RESET  0x08002870       0x14 ./Dave/Generated/DIGITAL_IO/digital_io_conf.o
                0x08002870                RESET
 .rodata.REGISTER_SIGNAL
                0x08002884       0x14 ./Dave/Generated/DIGITAL_IO/digital_io_conf.o
                0x08002884                REGISTER_SIGNAL
 .rodata.OLED_CS
                0x08002898       0x14 ./Dave/Generated/DIGITAL_IO/digital_io_conf.o
                0x08002898                OLED_CS
 .rodata        0x080028ac       0x14 ./Dave/Generated/CLOCK_XMC4/clock_xmc4_conf.o
 *(.gnu.linkonce.r*)
 *(vtable)
                0x080028c0                . = ALIGN (0x4)

.glue_7         0x080028c0        0x0 load address 0x0c0028c0
 .glue_7        0x00000000        0x0 linker stubs

.glue_7t        0x080028c0        0x0 load address 0x0c0028c0
 .glue_7t       0x00000000        0x0 linker stubs

.vfp11_veneer   0x080028c0        0x0 load address 0x0c0028c0
 .vfp11_veneer  0x00000000        0x0 linker stubs

.v4_bx          0x080028c0        0x0 load address 0x0c0028c0
 .v4_bx         0x00000000        0x0 linker stubs

.iplt           0x080028c0        0x0 load address 0x0c0028c0
 .iplt          0x00000000        0x0 ./Startup/startup_XMC4700.o

.rel.dyn        0x080028c0        0x0 load address 0x0c0028c0
 .rel.iplt      0x00000000        0x0 ./Startup/startup_XMC4700.o

.eh_frame_hdr
 *(.eh_frame_hdr)

.eh_frame
 *(.eh_frame)

.ARM.extab
 *(.ARM.extab* .gnu.linkonce.armextab.*)
                0x080028c0                . = ALIGN (0x4)
                0x080028c0                __exidx_start = .

.ARM.exidx
 *(.ARM.exidx* .gnu.linkonce.armexidx.*)
                0x080028c0                __exidx_end = .
                0x080028c0                . = ALIGN (0x4)

Stack           0x1ffe8000      0x800
                0x1ffe8000                __stack_start = .
                0x1ffe8800                . = (. + stack_size)
 *fill*         0x1ffe8000      0x800 
                0x1ffe8800                __stack_end = .
                0x1ffe8800                __initial_sp = .

.ram_code       0x1ffe8800        0x0 load address 0x0c0028c0
                0x1ffe8800                . = ALIGN (0x4)
                0x1ffe8800                __ram_code_start = .
 *(.ram_code)
                0x1ffe8800                . = ALIGN (0x4)
                0x1ffe8800                __ram_code_end = .
                0x0c0028c0                __ram_code_load = LOADADDR (.ram_code)
                0x00000000                __ram_code_size = (__ram_code_end - __ram_code_start)

.data           0x1ffe8800      0x238 load address 0x0c0028c0
                0x1ffe8800                . = ALIGN (0x4)
                0x1ffe8800                __data_start = .
 *(.data)
 *(.data*)
 .data.SPI_MASTER_0_MOSI_Config
                0x1ffe8800       0x14 ./Dave/Generated/SPI_MASTER/spi_master_conf.o
                0x1ffe8800                SPI_MASTER_0_MOSI_Config
 .data.SPI_MASTER_0_Channel_Config
                0x1ffe8814        0xc ./Dave/Generated/SPI_MASTER/spi_master_conf.o
                0x1ffe8814                SPI_MASTER_0_Channel_Config
 .data.SPI_MASTER_0_runtime
                0x1ffe8820       0x24 ./Dave/Generated/SPI_MASTER/spi_master_conf.o
                0x1ffe8820                SPI_MASTER_0_runtime
 .data.SPI_MASTER_0
                0x1ffe8844        0xc ./Dave/Generated/SPI_MASTER/spi_master_conf.o
                0x1ffe8844                SPI_MASTER_0
 .data.Ascii_1  0x1ffe8850      0x1e8 ./display_functions.o
                0x1ffe8850                Ascii_1
 *(*.data)
 *(.gnu.linkonce.d*)
                0x1ffe8a38                . = ALIGN (0x4)
                0x1ffe8a38                PROVIDE (__preinit_array_start, .)
 *(.preinit_array)
                0x1ffe8a38                PROVIDE (__preinit_array_end, .)
                0x1ffe8a38                . = ALIGN (0x4)
                0x1ffe8a38                PROVIDE (__init_array_start, .)
 *(SORT(.init_array.*))
 *(.init_array)
                0x1ffe8a38                PROVIDE (__init_array_end, .)
                0x1ffe8a38                . = ALIGN (0x4)
                0x1ffe8a38                PROVIDE (__fini_array_start, .)
 *(SORT(.fini_array.*))
 *(.fini_array)
                0x1ffe8a38                PROVIDE (__fini_array_end, .)
                0x1ffe8a38                . = ALIGN (0x4)
                0x1ffe8a38                __data_end = .
                0x0c0028c0                __data_load = LOADADDR (.data)
                0x00000238                __data_size = (__data_end - __data_start)
                0x00002af8                __text_size = (((__exidx_end - sText) + __data_size) + __ram_code_size)
                0x08002af8                eText = (sText + __text_size)

.igot.plt       0x1ffe8a38        0x0 load address 0x0c002af8
 .igot.plt      0x00000000        0x0 ./Startup/startup_XMC4700.o

.bss            0x1ffe8a38       0x18 load address 0x0c002af8
                0x1ffe8a38                . = ALIGN (0x4)
                0x1ffe8a38                __bss_start = .
 *(.bss)
 *(.bss*)
 .bss.SPI_MASTER_0_MISO_Config
                0x1ffe8a38       0x14 ./Dave/Generated/SPI_MASTER/spi_master_conf.o
                0x1ffe8a38                SPI_MASTER_0_MISO_Config
 .bss.CLOCK_XMC4_0
                0x1ffe8a4c        0x4 ./Dave/Generated/CLOCK_XMC4/clock_xmc4_conf.o
                0x1ffe8a4c                CLOCK_XMC4_0
 *(COMMON)
 *(.gnu.linkonce.b*)
                0x1ffe8a50                . = ALIGN (0x4)
                0x1ffe8a50                __bss_end = .
                0x00000018                __bss_size = (__bss_end - __bss_start)
                0x000175b0                __shift_loc = (__bss_end >= ORIGIN (DSRAM_1_system))?0x0:(ORIGIN (DSRAM_1_system) - __bss_end)

USB_RAM         0x20000000        0x0
                0x20000000                . = ALIGN (0x4)
                0x20000000                USB_RAM_start = .
 *(USB_RAM)
                0x20000000                . = ALIGN (0x4)
                0x20000000                USB_RAM_end = .
                0x00000000                USB_RAM_size = (USB_RAM_end - USB_RAM_start)

ETH_RAM         0x20000000        0x0
                0x20000000                . = ALIGN (0x4)
                0x20000000                ETH_RAM_start = .
 *(ETH_RAM)
                0x20000000                . = ALIGN (0x4)
                0x20000000                ETH_RAM_end = .
                0x20000000                . = ALIGN (0x8)
                0x20000000                Heap_Bank1_Start = .
                0x00000000                ETH_RAM_size = (ETH_RAM_end - ETH_RAM_start)

.no_init        0x2003ffc0       0x14
                0x2003ffc0                Heap_Bank1_End = .
 *(.no_init)
 .no_init       0x2003ffc0       0x14 ./Startup/system_XMC4700.o
                0x2003ffc0                SystemCoreClock
                0x2003ffc4                g_chipid
                0x0003ffc0                Heap_Bank1_Size = (Heap_Bank1_End - Heap_Bank1_Start)
                0x00000001                ASSERT ((Heap_Bank1_Start <= Heap_Bank1_End), region SRAM_combined overflowed no_init section)

/DISCARD/
 *(.comment)

.stab
 *(.stab)

.stabstr
 *(.stabstr)

.debug
 *(.debug)

.line
 *(.line)

.debug_srcinfo
 *(.debug_srcinfo)

.debug_sfnames
 *(.debug_sfnames)

.debug_aranges  0x00000000      0x9b8
 *(.debug_aranges)
 .debug_aranges
                0x00000000       0x20 ./Startup/startup_XMC4700.o
 .debug_aranges
                0x00000020       0x48 ./Startup/system_XMC4700.o
 .debug_aranges
                0x00000068       0x28 ./Libraries/XMCLib/src/xmc4_gpio.o
 .debug_aranges
                0x00000090      0x3e0 ./Libraries/XMCLib/src/xmc4_scu.o
 .debug_aranges
                0x00000470       0x28 ./Libraries/XMCLib/src/xmc_gpio.o
 .debug_aranges
                0x00000498       0x88 ./Libraries/XMCLib/src/xmc_spi.o
 .debug_aranges
                0x00000520       0xb0 ./Libraries/XMCLib/src/xmc_usic.o
 .debug_aranges
                0x000005d0       0x28 ./Libraries/Newlib/syscalls.o
 .debug_aranges
                0x000005f8      0x180 ./Dave/Generated/SPI_MASTER/spi_master.o
 .debug_aranges
                0x00000778       0xb0 ./Dave/Generated/SPI_MASTER/spi_master_conf.o
 .debug_aranges
                0x00000828       0x28 ./Dave/Generated/DIGITAL_IO/digital_io.o
 .debug_aranges
                0x00000850       0x18 ./Dave/Generated/DIGITAL_IO/digital_io_conf.o
 .debug_aranges
                0x00000868       0x28 ./Dave/Generated/CPU_CTRL_XMC4/cpu_ctrl_xmc4_conf.o
 .debug_aranges
                0x00000890       0x38 ./Dave/Generated/CLOCK_XMC4/clock_xmc4.o
 .debug_aranges
                0x000008c8       0x20 ./Dave/Generated/CLOCK_XMC4/clock_xmc4_conf.o
 .debug_aranges
                0x000008e8       0x20 ./Dave/Generated/DAVE.o
 .debug_aranges
                0x00000908       0x90 ./display_functions.o
 .debug_aranges
                0x00000998       0x20 ./main.o

.debug_pubnames
 *(.debug_pubnames)

.debug_pubtypes
 *(.debug_pubtypes)

.debug_info     0x00000000     0xc735
 *(.debug_info .gnu.linkonce.wi.*)
 .debug_info    0x00000000       0xb6 ./Startup/startup_XMC4700.o
 .debug_info    0x000000b6      0x9dc ./Startup/system_XMC4700.o
 .debug_info    0x00000a92      0x4db ./Libraries/XMCLib/src/xmc4_gpio.o
 .debug_info    0x00000f6d     0x2423 ./Libraries/XMCLib/src/xmc4_scu.o
 .debug_info    0x00003390      0x456 ./Libraries/XMCLib/src/xmc_gpio.o
 .debug_info    0x000037e6      0xb4f ./Libraries/XMCLib/src/xmc_spi.o
 .debug_info    0x00004335      0xec7 ./Libraries/XMCLib/src/xmc_usic.o
 .debug_info    0x000051fc      0x11f ./Libraries/Newlib/syscalls.o
 .debug_info    0x0000531b     0x1d3e ./Dave/Generated/SPI_MASTER/spi_master.o
 .debug_info    0x00007059     0x1ac2 ./Dave/Generated/SPI_MASTER/spi_master_conf.o
 .debug_info    0x00008b1b      0x595 ./Dave/Generated/DIGITAL_IO/digital_io.o
 .debug_info    0x000090b0      0x4f4 ./Dave/Generated/DIGITAL_IO/digital_io_conf.o
 .debug_info    0x000095a4      0x52e ./Dave/Generated/CPU_CTRL_XMC4/cpu_ctrl_xmc4_conf.o
 .debug_info    0x00009ad2      0x2dd ./Dave/Generated/CLOCK_XMC4/clock_xmc4.o
 .debug_info    0x00009daf      0x43e ./Dave/Generated/CLOCK_XMC4/clock_xmc4_conf.o
 .debug_info    0x0000a1ed      0xf77 ./Dave/Generated/DAVE.o
 .debug_info    0x0000b164     0x13f6 ./display_functions.o
 .debug_info    0x0000c55a      0x1db ./main.o

.debug_abbrev   0x00000000     0x1da0
 *(.debug_abbrev)
 .debug_abbrev  0x00000000       0x14 ./Startup/startup_XMC4700.o
 .debug_abbrev  0x00000014      0x1f1 ./Startup/system_XMC4700.o
 .debug_abbrev  0x00000205      0x153 ./Libraries/XMCLib/src/xmc4_gpio.o
 .debug_abbrev  0x00000358      0x2bf ./Libraries/XMCLib/src/xmc4_scu.o
 .debug_abbrev  0x00000617      0x144 ./Libraries/XMCLib/src/xmc_gpio.o
 .debug_abbrev  0x0000075b      0x279 ./Libraries/XMCLib/src/xmc_spi.o
 .debug_abbrev  0x000009d4      0x24c ./Libraries/XMCLib/src/xmc_usic.o
 .debug_abbrev  0x00000c20       0xbd ./Libraries/Newlib/syscalls.o
 .debug_abbrev  0x00000cdd      0x287 ./Dave/Generated/SPI_MASTER/spi_master.o
 .debug_abbrev  0x00000f64      0x27b ./Dave/Generated/SPI_MASTER/spi_master_conf.o
 .debug_abbrev  0x000011df      0x171 ./Dave/Generated/DIGITAL_IO/digital_io.o
 .debug_abbrev  0x00001350      0x126 ./Dave/Generated/DIGITAL_IO/digital_io_conf.o
 .debug_abbrev  0x00001476      0x1b4 ./Dave/Generated/CPU_CTRL_XMC4/cpu_ctrl_xmc4_conf.o
 .debug_abbrev  0x0000162a      0x13d ./Dave/Generated/CLOCK_XMC4/clock_xmc4.o
 .debug_abbrev  0x00001767      0x134 ./Dave/Generated/CLOCK_XMC4/clock_xmc4_conf.o
 .debug_abbrev  0x0000189b      0x1a4 ./Dave/Generated/DAVE.o
 .debug_abbrev  0x00001a3f      0x276 ./display_functions.o
 .debug_abbrev  0x00001cb5       0xeb ./main.o

.debug_line     0x00000000     0x5169
 *(.debug_line)
 .debug_line    0x00000000       0x87 ./Startup/startup_XMC4700.o
 .debug_line    0x00000087      0x39d ./Startup/system_XMC4700.o
 .debug_line    0x00000424      0x2d5 ./Libraries/XMCLib/src/xmc4_gpio.o
 .debug_line    0x000006f9      0xed9 ./Libraries/XMCLib/src/xmc4_scu.o
 .debug_line    0x000015d2      0x2c2 ./Libraries/XMCLib/src/xmc_gpio.o
 .debug_line    0x00001894      0x4c0 ./Libraries/XMCLib/src/xmc_spi.o
 .debug_line    0x00001d54      0x5ff ./Libraries/XMCLib/src/xmc_usic.o
 .debug_line    0x00002353       0xf2 ./Libraries/Newlib/syscalls.o
 .debug_line    0x00002445      0x980 ./Dave/Generated/SPI_MASTER/spi_master.o
 .debug_line    0x00002dc5      0x552 ./Dave/Generated/SPI_MASTER/spi_master_conf.o
 .debug_line    0x00003317      0x366 ./Dave/Generated/DIGITAL_IO/digital_io.o
 .debug_line    0x0000367d      0x2b6 ./Dave/Generated/DIGITAL_IO/digital_io_conf.o
 .debug_line    0x00003933      0x32f ./Dave/Generated/CPU_CTRL_XMC4/cpu_ctrl_xmc4_conf.o
 .debug_line    0x00003c62      0x39c ./Dave/Generated/CLOCK_XMC4/clock_xmc4.o
 .debug_line    0x00003ffe      0x372 ./Dave/Generated/CLOCK_XMC4/clock_xmc4_conf.o
 .debug_line    0x00004370      0x44c ./Dave/Generated/DAVE.o
 .debug_line    0x000047bc      0x67a ./display_functions.o
 .debug_line    0x00004e36      0x333 ./main.o

.debug_frame    0x00000000     0x2824
 *(.debug_frame)
 .debug_frame   0x00000000       0xec ./Startup/system_XMC4700.o
 .debug_frame   0x000000ec       0x60 ./Libraries/XMCLib/src/xmc4_gpio.o
 .debug_frame   0x0000014c     0x1238 ./Libraries/XMCLib/src/xmc4_scu.o
 .debug_frame   0x00001384       0x60 ./Libraries/XMCLib/src/xmc_gpio.o
 .debug_frame   0x000013e4      0x240 ./Libraries/XMCLib/src/xmc_spi.o
 .debug_frame   0x00001624      0x308 ./Libraries/XMCLib/src/xmc_usic.o
 .debug_frame   0x0000192c       0x5c ./Libraries/Newlib/syscalls.o
 .debug_frame   0x00001988      0x71c ./Dave/Generated/SPI_MASTER/spi_master.o
 .debug_frame   0x000020a4      0x2ec ./Dave/Generated/SPI_MASTER/spi_master_conf.o
 .debug_frame   0x00002390       0x60 ./Dave/Generated/DIGITAL_IO/digital_io.o
 .debug_frame   0x000023f0       0x60 ./Dave/Generated/CPU_CTRL_XMC4/cpu_ctrl_xmc4_conf.o
 .debug_frame   0x00002450       0xac ./Dave/Generated/CLOCK_XMC4/clock_xmc4.o
 .debug_frame   0x000024fc       0x3c ./Dave/Generated/CLOCK_XMC4/clock_xmc4_conf.o
 .debug_frame   0x00002538       0x38 ./Dave/Generated/DAVE.o
 .debug_frame   0x00002570      0x258 ./display_functions.o
 .debug_frame   0x000027c8       0x30 ./main.o
 .debug_frame   0x000027f8       0x2c c:/dave_4-4-2_64bit_2018-02-23/dave_4-4-2_64bit_2018-02-23/dave-ide-4.4.2-64bit/eclipse/arm-gcc-49/bin/../lib/gcc/arm-none-eabi/4.9.3/../../../../arm-none-eabi/lib/armv7e-m/softfp\libg_nano.a(lib_a-init.o)

.debug_str      0x00000000     0x671a
 *(.debug_str)
 .debug_str     0x00000000      0x5ea ./Startup/system_XMC4700.o
                                0x661 (size before relaxing)
 .debug_str     0x000005ea      0x544 ./Libraries/XMCLib/src/xmc4_gpio.o
                                0x815 (size before relaxing)
 .debug_str     0x00000b2e     0x2383 ./Libraries/XMCLib/src/xmc4_scu.o
                               0x290d (size before relaxing)
 .debug_str     0x00002eb1       0xca ./Libraries/XMCLib/src/xmc_gpio.o
                                0x6c3 (size before relaxing)
 .debug_str     0x00002f7b      0xaf4 ./Libraries/XMCLib/src/xmc_spi.o
                                0xdf7 (size before relaxing)
 .debug_str     0x00003a6f      0xa03 ./Libraries/XMCLib/src/xmc_usic.o
                               0x1501 (size before relaxing)
 .debug_str     0x00004472       0x75 ./Libraries/Newlib/syscalls.o
                                0x251 (size before relaxing)
 .debug_str     0x000044e7     0x13be ./Dave/Generated/SPI_MASTER/spi_master.o
                               0x23f4 (size before relaxing)
 .debug_str     0x000058a5      0x8ce ./Dave/Generated/SPI_MASTER/spi_master_conf.o
                               0x2614 (size before relaxing)
 .debug_str     0x00006173       0xdf ./Dave/Generated/DIGITAL_IO/digital_io.o
                                0x952 (size before relaxing)
 .debug_str     0x00006252       0x47 ./Dave/Generated/DIGITAL_IO/digital_io_conf.o
                                0x8b1 (size before relaxing)
 .debug_str     0x00006299       0x94 ./Dave/Generated/CPU_CTRL_XMC4/cpu_ctrl_xmc4_conf.o
                                0x455 (size before relaxing)
 .debug_str     0x0000632d       0xf3 ./Dave/Generated/CLOCK_XMC4/clock_xmc4.o
                                0x406 (size before relaxing)
 .debug_str     0x00006420       0x50 ./Dave/Generated/CLOCK_XMC4/clock_xmc4_conf.o
                                0x7e6 (size before relaxing)
 .debug_str     0x00006470       0x65 ./Dave/Generated/DAVE.o
                               0x1600 (size before relaxing)
 .debug_str     0x000064d5      0x23b ./display_functions.o
                               0x1a57 (size before relaxing)
 .debug_str     0x00006710        0xa ./main.o
                                0x2f5 (size before relaxing)

.debug_loc      0x00000000     0x522c
 *(.debug_loc)
 .debug_loc     0x00000000      0x1a4 ./Startup/system_XMC4700.o
 .debug_loc     0x000001a4       0xb8 ./Libraries/XMCLib/src/xmc4_gpio.o
 .debug_loc     0x0000025c     0x2618 ./Libraries/XMCLib/src/xmc4_scu.o
 .debug_loc     0x00002874       0xb8 ./Libraries/XMCLib/src/xmc_gpio.o
 .debug_loc     0x0000292c      0x4b6 ./Libraries/XMCLib/src/xmc_spi.o
 .debug_loc     0x00002de2      0x66a ./Libraries/XMCLib/src/xmc_usic.o
 .debug_loc     0x0000344c       0x94 ./Libraries/Newlib/syscalls.o
 .debug_loc     0x000034e0      0xf24 ./Dave/Generated/SPI_MASTER/spi_master.o
 .debug_loc     0x00004404      0x614 ./Dave/Generated/SPI_MASTER/spi_master_conf.o
 .debug_loc     0x00004a18       0xac ./Dave/Generated/DIGITAL_IO/digital_io.o
 .debug_loc     0x00004ac4       0xac ./Dave/Generated/CPU_CTRL_XMC4/cpu_ctrl_xmc4_conf.o
 .debug_loc     0x00004b70      0x14c ./Dave/Generated/CLOCK_XMC4/clock_xmc4.o
 .debug_loc     0x00004cbc       0x50 ./Dave/Generated/CLOCK_XMC4/clock_xmc4_conf.o
 .debug_loc     0x00004d0c       0x50 ./Dave/Generated/DAVE.o
 .debug_loc     0x00004d5c      0x498 ./display_functions.o
 .debug_loc     0x000051f4       0x38 ./main.o

.debug_macinfo
 *(.debug_macinfo)

.debug_ranges   0x00000000      0x880
 *(.debug_ranges)
 .debug_ranges  0x00000000       0x38 ./Startup/system_XMC4700.o
 .debug_ranges  0x00000038       0x18 ./Libraries/XMCLib/src/xmc4_gpio.o
 .debug_ranges  0x00000050      0x3d0 ./Libraries/XMCLib/src/xmc4_scu.o
 .debug_ranges  0x00000420       0x18 ./Libraries/XMCLib/src/xmc_gpio.o
 .debug_ranges  0x00000438       0x78 ./Libraries/XMCLib/src/xmc_spi.o
 .debug_ranges  0x000004b0       0xa0 ./Libraries/XMCLib/src/xmc_usic.o
 .debug_ranges  0x00000550       0x18 ./Libraries/Newlib/syscalls.o
 .debug_ranges  0x00000568      0x170 ./Dave/Generated/SPI_MASTER/spi_master.o
 .debug_ranges  0x000006d8       0xa0 ./Dave/Generated/SPI_MASTER/spi_master_conf.o
 .debug_ranges  0x00000778       0x18 ./Dave/Generated/DIGITAL_IO/digital_io.o
 .debug_ranges  0x00000790       0x18 ./Dave/Generated/CPU_CTRL_XMC4/cpu_ctrl_xmc4_conf.o
 .debug_ranges  0x000007a8       0x28 ./Dave/Generated/CLOCK_XMC4/clock_xmc4.o
 .debug_ranges  0x000007d0       0x10 ./Dave/Generated/CLOCK_XMC4/clock_xmc4_conf.o
 .debug_ranges  0x000007e0       0x10 ./Dave/Generated/DAVE.o
 .debug_ranges  0x000007f0       0x80 ./display_functions.o
 .debug_ranges  0x00000870       0x10 ./main.o

.debug_weaknames
 *(.debug_weaknames)

.debug_funcnames
 *(.debug_funcnames)

.debug_typenames
 *(.debug_typenames)

.debug_varnames
 *(.debug_varnames)

.build_attributes
                0x00000000      0x3fe
 *(.ARM.attributes)
 .ARM.attributes
                0x00000000       0x25 ./Startup/startup_XMC4700.o
 .ARM.attributes
                0x00000025       0x37 ./Startup/system_XMC4700.o
 .ARM.attributes
                0x0000005c       0x37 ./Libraries/XMCLib/src/xmc4_gpio.o
 .ARM.attributes
                0x00000093       0x37 ./Libraries/XMCLib/src/xmc4_scu.o
 .ARM.attributes
                0x000000ca       0x37 ./Libraries/XMCLib/src/xmc_gpio.o
 .ARM.attributes
                0x00000101       0x37 ./Libraries/XMCLib/src/xmc_spi.o
 .ARM.attributes
                0x00000138       0x37 ./Libraries/XMCLib/src/xmc_usic.o
 .ARM.attributes
                0x0000016f       0x37 ./Libraries/Newlib/syscalls.o
 .ARM.attributes
                0x000001a6       0x37 ./Dave/Generated/SPI_MASTER/spi_master.o
 .ARM.attributes
                0x000001dd       0x37 ./Dave/Generated/SPI_MASTER/spi_master_conf.o
 .ARM.attributes
                0x00000214       0x37 ./Dave/Generated/DIGITAL_IO/digital_io.o
 .ARM.attributes
                0x0000024b       0x37 ./Dave/Generated/DIGITAL_IO/digital_io_conf.o
 .ARM.attributes
                0x00000282       0x37 ./Dave/Generated/CPU_CTRL_XMC4/cpu_ctrl_xmc4_conf.o
 .ARM.attributes
                0x000002b9       0x37 ./Dave/Generated/CLOCK_XMC4/clock_xmc4.o
 .ARM.attributes
                0x000002f0       0x37 ./Dave/Generated/CLOCK_XMC4/clock_xmc4_conf.o
 .ARM.attributes
                0x00000327       0x37 ./Dave/Generated/DAVE.o
 .ARM.attributes
                0x0000035e       0x37 ./display_functions.o
 .ARM.attributes
                0x00000395       0x37 ./main.o
 .ARM.attributes
                0x000003cc       0x32 c:/dave_4-4-2_64bit_2018-02-23/dave_4-4-2_64bit_2018-02-23/dave-ide-4.4.2-64bit/eclipse/arm-gcc-49/bin/../lib/gcc/arm-none-eabi/4.9.3/../../../../arm-none-eabi/lib/armv7e-m/softfp\libg_nano.a(lib_a-init.o)
OUTPUT(NewHaven_Display.elf elf32-littlearm)
