21:16:56 **** Build of configuration Debug for project NewHaven_Display ****
"\"C:\\Users\\Ricardo\\Downloads\\DAVE_4-4-2_64bit_2018-02-23\\DAVE-IDE-4.4.2-64Bit\\eclipse\\ARM-GCC-49\\bin\\make\"" --output-sync -j8 all 
'Building file: ../Startup/startup_XMC4700.S'
'Invoking: ARM-GCC Assembler'
"C:/Users/Ricardo/Downloads/DAVE_4-4-2_64bit_2018-02-23/DAVE-IDE-4.4.2-64Bit/eclipse/ARM-GCC-49/bin/arm-none-eabi-gcc" -MMD -MT "Startup/startup_XMC4700.o" -x assembler-with-cpp -DXMC4700_F144x2048 -I"C:/Users/Ricardo/Desktop/ISEP/XMC_Relax_Kit_Projects/NewHaven_Display/NewHaven_Display/Libraries/XMCLib/inc" -I"C:/Users/Ricardo/Desktop/ISEP/XMC_Relax_Kit_Projects/NewHaven_Display/NewHaven_Display" -I"C:/Users/Ricardo/Desktop/ISEP/XMC_Relax_Kit_Projects/NewHaven_Display/NewHaven_Display/Dave/Generated" -Wall -Wa,-adhlns="Startup/startup_XMC4700.o.lst" -mfloat-abi=softfp -c -fmessage-length=0 -MMD -MP -MF"Startup/startup_XMC4700.d" -MT"Startup/startup_XMC4700.d Startup/startup_XMC4700.o" -mcpu=cortex-m4 -mfpu=fpv4-sp-d16 -mthumb -g -gdwarf-2 -o "Startup/startup_XMC4700.o" "../Startup/startup_XMC4700.S" 
'Finished building: ../Startup/startup_XMC4700.S'

'Building file: ../Libraries/XMCLib/src/xmc4_eru.c'
'Invoking: ARM-GCC C Compiler'
"C:/Users/Ricardo/Downloads/DAVE_4-4-2_64bit_2018-02-23/DAVE-IDE-4.4.2-64Bit/eclipse/ARM-GCC-49/bin/arm-none-eabi-gcc" -MMD -MT "Libraries/XMCLib/src/xmc4_eru.o" -DXMC4700_F144x2048 -I"C:/Users/Ricardo/Desktop/ISEP/XMC_Relax_Kit_Projects/NewHaven_Display/NewHaven_Display/Libraries/XMCLib/inc" -I"C:/Users/Ricardo/Desktop/ISEP/XMC_Relax_Kit_Projects/NewHaven_Display/NewHaven_Display/Libraries/CMSIS/Include" -I"C:/Users/Ricardo/Desktop/ISEP/XMC_Relax_Kit_Projects/NewHaven_Display/NewHaven_Display/Libraries/CMSIS/Infineon/XMC4700_series/Include" -I"C:/Users/Ricardo/Desktop/ISEP/XMC_Relax_Kit_Projects/NewHaven_Display/NewHaven_Display" -I"C:/Users/Ricardo/Desktop/ISEP/XMC_Relax_Kit_Projects/NewHaven_Display/NewHaven_Display/Dave/Generated" -I"C:/Users/Ricardo/Desktop/ISEP/XMC_Relax_Kit_Projects/NewHaven_Display/NewHaven_Display/Libraries" -O0 -ffunction-sections -fdata-sections -Wall -std=gnu99 -mfloat-abi=softfp -Wa,-adhlns="Libraries/XMCLib/src/xmc4_eru.o.lst" -pipe -c -fmessage-length=0 -MMD -MP -MF"Libraries/XMCLib/src/xmc4_eru.d" -MT"Libraries/XMCLib/src/xmc4_eru.d Libraries/XMCLib/src/xmc4_eru.o" -mcpu=cortex-m4 -mfpu=fpv4-sp-d16 -mthumb -g -gdwarf-2 -o "Libraries/XMCLib/src/xmc4_eru.o" "../Libraries/XMCLib/src/xmc4_eru.c" 
'Finished building: ../Libraries/XMCLib/src/xmc4_eru.c'

'Building file: ../Startup/system_XMC4700.c'
'Invoking: ARM-GCC C Compiler'
"C:/Users/Ricardo/Downloads/DAVE_4-4-2_64bit_2018-02-23/DAVE-IDE-4.4.2-64Bit/eclipse/ARM-GCC-49/bin/arm-none-eabi-gcc" -MMD -MT "Startup/system_XMC4700.o" -DXMC4700_F144x2048 -I"C:/Users/Ricardo/Desktop/ISEP/XMC_Relax_Kit_Projects/NewHaven_Display/NewHaven_Display/Libraries/XMCLib/inc" -I"C:/Users/Ricardo/Desktop/ISEP/XMC_Relax_Kit_Projects/NewHaven_Display/NewHaven_Display/Libraries/CMSIS/Include" -I"C:/Users/Ricardo/Desktop/ISEP/XMC_Relax_Kit_Projects/NewHaven_Display/NewHaven_Display/Libraries/CMSIS/Infineon/XMC4700_series/Include" -I"C:/Users/Ricardo/Desktop/ISEP/XMC_Relax_Kit_Projects/NewHaven_Display/NewHaven_Display" -I"C:/Users/Ricardo/Desktop/ISEP/XMC_Relax_Kit_Projects/NewHaven_Display/NewHaven_Display/Dave/Generated" -I"C:/Users/Ricardo/Desktop/ISEP/XMC_Relax_Kit_Projects/NewHaven_Display/NewHaven_Display/Libraries" -O0 -ffunction-sections -fdata-sections -Wall -std=gnu99 -mfloat-abi=softfp -Wa,-adhlns="Startup/system_XMC4700.o.lst" -pipe -c -fmessage-length=0 -MMD -MP -MF"Startup/system_XMC4700.d" -MT"Startup/system_XMC4700.d Startup/system_XMC4700.o" -mcpu=cortex-m4 -mfpu=fpv4-sp-d16 -mthumb -g -gdwarf-2 -o "Startup/system_XMC4700.o" "../Startup/system_XMC4700.c" 
'Finished building: ../Startup/system_XMC4700.c'

'Building file: ../Libraries/XMCLib/src/xmc4_flash.c'
'Invoking: ARM-GCC C Compiler'
"C:/Users/Ricardo/Downloads/DAVE_4-4-2_64bit_2018-02-23/DAVE-IDE-4.4.2-64Bit/eclipse/ARM-GCC-49/bin/arm-none-eabi-gcc" -MMD -MT "Libraries/XMCLib/src/xmc4_flash.o" -DXMC4700_F144x2048 -I"C:/Users/Ricardo/Desktop/ISEP/XMC_Relax_Kit_Projects/NewHaven_Display/NewHaven_Display/Libraries/XMCLib/inc" -I"C:/Users/Ricardo/Desktop/ISEP/XMC_Relax_Kit_Projects/NewHaven_Display/NewHaven_Display/Libraries/CMSIS/Include" -I"C:/Users/Ricardo/Desktop/ISEP/XMC_Relax_Kit_Projects/NewHaven_Display/NewHaven_Display/Libraries/CMSIS/Infineon/XMC4700_series/Include" -I"C:/Users/Ricardo/Desktop/ISEP/XMC_Relax_Kit_Projects/NewHaven_Display/NewHaven_Display" -I"C:/Users/Ricardo/Desktop/ISEP/XMC_Relax_Kit_Projects/NewHaven_Display/NewHaven_Display/Dave/Generated" -I"C:/Users/Ricardo/Desktop/ISEP/XMC_Relax_Kit_Projects/NewHaven_Display/NewHaven_Display/Libraries" -O0 -ffunction-sections -fdata-sections -Wall -std=gnu99 -mfloat-abi=softfp -Wa,-adhlns="Libraries/XMCLib/src/xmc4_flash.o.lst" -pipe -c -fmessage-length=0 -MMD -MP -MF"Libraries/XMCLib/src/xmc4_flash.d" -MT"Libraries/XMCLib/src/xmc4_flash.d Libraries/XMCLib/src/xmc4_flash.o" -mcpu=cortex-m4 -mfpu=fpv4-sp-d16 -mthumb -g -gdwarf-2 -o "Libraries/XMCLib/src/xmc4_flash.o" "../Libraries/XMCLib/src/xmc4_flash.c" 
'Finished building: ../Libraries/XMCLib/src/xmc4_flash.c'

'Building file: ../Libraries/XMCLib/src/xmc4_gpio.c'
'Invoking: ARM-GCC C Compiler'
"C:/Users/Ricardo/Downloads/DAVE_4-4-2_64bit_2018-02-23/DAVE-IDE-4.4.2-64Bit/eclipse/ARM-GCC-49/bin/arm-none-eabi-gcc" -MMD -MT "Libraries/XMCLib/src/xmc4_gpio.o" -DXMC4700_F144x2048 -I"C:/Users/Ricardo/Desktop/ISEP/XMC_Relax_Kit_Projects/NewHaven_Display/NewHaven_Display/Libraries/XMCLib/inc" -I"C:/Users/Ricardo/Desktop/ISEP/XMC_Relax_Kit_Projects/NewHaven_Display/NewHaven_Display/Libraries/CMSIS/Include" -I"C:/Users/Ricardo/Desktop/ISEP/XMC_Relax_Kit_Projects/NewHaven_Display/NewHaven_Display/Libraries/CMSIS/Infineon/XMC4700_series/Include" -I"C:/Users/Ricardo/Desktop/ISEP/XMC_Relax_Kit_Projects/NewHaven_Display/NewHaven_Display" -I"C:/Users/Ricardo/Desktop/ISEP/XMC_Relax_Kit_Projects/NewHaven_Display/NewHaven_Display/Dave/Generated" -I"C:/Users/Ricardo/Desktop/ISEP/XMC_Relax_Kit_Projects/NewHaven_Display/NewHaven_Display/Libraries" -O0 -ffunction-sections -fdata-sections -Wall -std=gnu99 -mfloat-abi=softfp -Wa,-adhlns="Libraries/XMCLib/src/xmc4_gpio.o.lst" -pipe -c -fmessage-length=0 -MMD -MP -MF"Libraries/XMCLib/src/xmc4_gpio.d" -MT"Libraries/XMCLib/src/xmc4_gpio.d Libraries/XMCLib/src/xmc4_gpio.o" -mcpu=cortex-m4 -mfpu=fpv4-sp-d16 -mthumb -g -gdwarf-2 -o "Libraries/XMCLib/src/xmc4_gpio.o" "../Libraries/XMCLib/src/xmc4_gpio.c" 
'Finished building: ../Libraries/XMCLib/src/xmc4_gpio.c'

'Building file: ../Libraries/XMCLib/src/xmc4_rtc.c'
'Invoking: ARM-GCC C Compiler'
"C:/Users/Ricardo/Downloads/DAVE_4-4-2_64bit_2018-02-23/DAVE-IDE-4.4.2-64Bit/eclipse/ARM-GCC-49/bin/arm-none-eabi-gcc" -MMD -MT "Libraries/XMCLib/src/xmc4_rtc.o" -DXMC4700_F144x2048 -I"C:/Users/Ricardo/Desktop/ISEP/XMC_Relax_Kit_Projects/NewHaven_Display/NewHaven_Display/Libraries/XMCLib/inc" -I"C:/Users/Ricardo/Desktop/ISEP/XMC_Relax_Kit_Projects/NewHaven_Display/NewHaven_Display/Libraries/CMSIS/Include" -I"C:/Users/Ricardo/Desktop/ISEP/XMC_Relax_Kit_Projects/NewHaven_Display/NewHaven_Display/Libraries/CMSIS/Infineon/XMC4700_series/Include" -I"C:/Users/Ricardo/Desktop/ISEP/XMC_Relax_Kit_Projects/NewHaven_Display/NewHaven_Display" -I"C:/Users/Ricardo/Desktop/ISEP/XMC_Relax_Kit_Projects/NewHaven_Display/NewHaven_Display/Dave/Generated" -I"C:/Users/Ricardo/Desktop/ISEP/XMC_Relax_Kit_Projects/NewHaven_Display/NewHaven_Display/Libraries" -O0 -ffunction-sections -fdata-sections -Wall -std=gnu99 -mfloat-abi=softfp -Wa,-adhlns="Libraries/XMCLib/src/xmc4_rtc.o.lst" -pipe -c -fmessage-length=0 -MMD -MP -MF"Libraries/XMCLib/src/xmc4_rtc.d" -MT"Libraries/XMCLib/src/xmc4_rtc.d Libraries/XMCLib/src/xmc4_rtc.o" -mcpu=cortex-m4 -mfpu=fpv4-sp-d16 -mthumb -g -gdwarf-2 -o "Libraries/XMCLib/src/xmc4_rtc.o" "../Libraries/XMCLib/src/xmc4_rtc.c" 
'Finished building: ../Libraries/XMCLib/src/xmc4_rtc.c'

'Building file: ../Libraries/XMCLib/src/xmc_can.c'
'Invoking: ARM-GCC C Compiler'
"C:/Users/Ricardo/Downloads/DAVE_4-4-2_64bit_2018-02-23/DAVE-IDE-4.4.2-64Bit/eclipse/ARM-GCC-49/bin/arm-none-eabi-gcc" -MMD -MT "Libraries/XMCLib/src/xmc_can.o" -DXMC4700_F144x2048 -I"C:/Users/Ricardo/Desktop/ISEP/XMC_Relax_Kit_Projects/NewHaven_Display/NewHaven_Display/Libraries/XMCLib/inc" -I"C:/Users/Ricardo/Desktop/ISEP/XMC_Relax_Kit_Projects/NewHaven_Display/NewHaven_Display/Libraries/CMSIS/Include" -I"C:/Users/Ricardo/Desktop/ISEP/XMC_Relax_Kit_Projects/NewHaven_Display/NewHaven_Display/Libraries/CMSIS/Infineon/XMC4700_series/Include" -I"C:/Users/Ricardo/Desktop/ISEP/XMC_Relax_Kit_Projects/NewHaven_Display/NewHaven_Display" -I"C:/Users/Ricardo/Desktop/ISEP/XMC_Relax_Kit_Projects/NewHaven_Display/NewHaven_Display/Dave/Generated" -I"C:/Users/Ricardo/Desktop/ISEP/XMC_Relax_Kit_Projects/NewHaven_Display/NewHaven_Display/Libraries" -O0 -ffunction-sections -fdata-sections -Wall -std=gnu99 -mfloat-abi=softfp -Wa,-adhlns="Libraries/XMCLib/src/xmc_can.o.lst" -pipe -c -fmessage-length=0 -MMD -MP -MF"Libraries/XMCLib/src/xmc_can.d" -MT"Libraries/XMCLib/src/xmc_can.d Libraries/XMCLib/src/xmc_can.o" -mcpu=cortex-m4 -mfpu=fpv4-sp-d16 -mthumb -g -gdwarf-2 -o "Libraries/XMCLib/src/xmc_can.o" "../Libraries/XMCLib/src/xmc_can.c" 
'Finished building: ../Libraries/XMCLib/src/xmc_can.c'

'Building file: ../Libraries/XMCLib/src/xmc4_scu.c'
'Invoking: ARM-GCC C Compiler'
"C:/Users/Ricardo/Downloads/DAVE_4-4-2_64bit_2018-02-23/DAVE-IDE-4.4.2-64Bit/eclipse/ARM-GCC-49/bin/arm-none-eabi-gcc" -MMD -MT "Libraries/XMCLib/src/xmc4_scu.o" -DXMC4700_F144x2048 -I"C:/Users/Ricardo/Desktop/ISEP/XMC_Relax_Kit_Projects/NewHaven_Display/NewHaven_Display/Libraries/XMCLib/inc" -I"C:/Users/Ricardo/Desktop/ISEP/XMC_Relax_Kit_Projects/NewHaven_Display/NewHaven_Display/Libraries/CMSIS/Include" -I"C:/Users/Ricardo/Desktop/ISEP/XMC_Relax_Kit_Projects/NewHaven_Display/NewHaven_Display/Libraries/CMSIS/Infineon/XMC4700_series/Include" -I"C:/Users/Ricardo/Desktop/ISEP/XMC_Relax_Kit_Projects/NewHaven_Display/NewHaven_Display" -I"C:/Users/Ricardo/Desktop/ISEP/XMC_Relax_Kit_Projects/NewHaven_Display/NewHaven_Display/Dave/Generated" -I"C:/Users/Ricardo/Desktop/ISEP/XMC_Relax_Kit_Projects/NewHaven_Display/NewHaven_Display/Libraries" -O0 -ffunction-sections -fdata-sections -Wall -std=gnu99 -mfloat-abi=softfp -Wa,-adhlns="Libraries/XMCLib/src/xmc4_scu.o.lst" -pipe -c -fmessage-length=0 -MMD -MP -MF"Libraries/XMCLib/src/xmc4_scu.d" -MT"Libraries/XMCLib/src/xmc4_scu.d Libraries/XMCLib/src/xmc4_scu.o" -mcpu=cortex-m4 -mfpu=fpv4-sp-d16 -mthumb -g -gdwarf-2 -o "Libraries/XMCLib/src/xmc4_scu.o" "../Libraries/XMCLib/src/xmc4_scu.c" 
'Finished building: ../Libraries/XMCLib/src/xmc4_scu.c'

'Building file: ../Libraries/XMCLib/src/xmc_ccu4.c'
'Invoking: ARM-GCC C Compiler'
"C:/Users/Ricardo/Downloads/DAVE_4-4-2_64bit_2018-02-23/DAVE-IDE-4.4.2-64Bit/eclipse/ARM-GCC-49/bin/arm-none-eabi-gcc" -MMD -MT "Libraries/XMCLib/src/xmc_ccu4.o" -DXMC4700_F144x2048 -I"C:/Users/Ricardo/Desktop/ISEP/XMC_Relax_Kit_Projects/NewHaven_Display/NewHaven_Display/Libraries/XMCLib/inc" -I"C:/Users/Ricardo/Desktop/ISEP/XMC_Relax_Kit_Projects/NewHaven_Display/NewHaven_Display/Libraries/CMSIS/Include" -I"C:/Users/Ricardo/Desktop/ISEP/XMC_Relax_Kit_Projects/NewHaven_Display/NewHaven_Display/Libraries/CMSIS/Infineon/XMC4700_series/Include" -I"C:/Users/Ricardo/Desktop/ISEP/XMC_Relax_Kit_Projects/NewHaven_Display/NewHaven_Display" -I"C:/Users/Ricardo/Desktop/ISEP/XMC_Relax_Kit_Projects/NewHaven_Display/NewHaven_Display/Dave/Generated" -I"C:/Users/Ricardo/Desktop/ISEP/XMC_Relax_Kit_Projects/NewHaven_Display/NewHaven_Display/Libraries" -O0 -ffunction-sections -fdata-sections -Wall -std=gnu99 -mfloat-abi=softfp -Wa,-adhlns="Libraries/XMCLib/src/xmc_ccu4.o.lst" -pipe -c -fmessage-length=0 -MMD -MP -MF"Libraries/XMCLib/src/xmc_ccu4.d" -MT"Libraries/XMCLib/src/xmc_ccu4.d Libraries/XMCLib/src/xmc_ccu4.o" -mcpu=cortex-m4 -mfpu=fpv4-sp-d16 -mthumb -g -gdwarf-2 -o "Libraries/XMCLib/src/xmc_ccu4.o" "../Libraries/XMCLib/src/xmc_ccu4.c" 
'Finished building: ../Libraries/XMCLib/src/xmc_ccu4.c'

'Building file: ../Libraries/XMCLib/src/xmc_common.c'
'Invoking: ARM-GCC C Compiler'
"C:/Users/Ricardo/Downloads/DAVE_4-4-2_64bit_2018-02-23/DAVE-IDE-4.4.2-64Bit/eclipse/ARM-GCC-49/bin/arm-none-eabi-gcc" -MMD -MT "Libraries/XMCLib/src/xmc_common.o" -DXMC4700_F144x2048 -I"C:/Users/Ricardo/Desktop/ISEP/XMC_Relax_Kit_Projects/NewHaven_Display/NewHaven_Display/Libraries/XMCLib/inc" -I"C:/Users/Ricardo/Desktop/ISEP/XMC_Relax_Kit_Projects/NewHaven_Display/NewHaven_Display/Libraries/CMSIS/Include" -I"C:/Users/Ricardo/Desktop/ISEP/XMC_Relax_Kit_Projects/NewHaven_Display/NewHaven_Display/Libraries/CMSIS/Infineon/XMC4700_series/Include" -I"C:/Users/Ricardo/Desktop/ISEP/XMC_Relax_Kit_Projects/NewHaven_Display/NewHaven_Display" -I"C:/Users/Ricardo/Desktop/ISEP/XMC_Relax_Kit_Projects/NewHaven_Display/NewHaven_Display/Dave/Generated" -I"C:/Users/Ricardo/Desktop/ISEP/XMC_Relax_Kit_Projects/NewHaven_Display/NewHaven_Display/Libraries" -O0 -ffunction-sections -fdata-sections -Wall -std=gnu99 -mfloat-abi=softfp -Wa,-adhlns="Libraries/XMCLib/src/xmc_common.o.lst" -pipe -c -fmessage-length=0 -MMD -MP -MF"Libraries/XMCLib/src/xmc_common.d" -MT"Libraries/XMCLib/src/xmc_common.d Libraries/XMCLib/src/xmc_common.o" -mcpu=cortex-m4 -mfpu=fpv4-sp-d16 -mthumb -g -gdwarf-2 -o "Libraries/XMCLib/src/xmc_common.o" "../Libraries/XMCLib/src/xmc_common.c" 
'Finished building: ../Libraries/XMCLib/src/xmc_common.c'

'Building file: ../Libraries/XMCLib/src/xmc_ccu8.c'
'Invoking: ARM-GCC C Compiler'
"C:/Users/Ricardo/Downloads/DAVE_4-4-2_64bit_2018-02-23/DAVE-IDE-4.4.2-64Bit/eclipse/ARM-GCC-49/bin/arm-none-eabi-gcc" -MMD -MT "Libraries/XMCLib/src/xmc_ccu8.o" -DXMC4700_F144x2048 -I"C:/Users/Ricardo/Desktop/ISEP/XMC_Relax_Kit_Projects/NewHaven_Display/NewHaven_Display/Libraries/XMCLib/inc" -I"C:/Users/Ricardo/Desktop/ISEP/XMC_Relax_Kit_Projects/NewHaven_Display/NewHaven_Display/Libraries/CMSIS/Include" -I"C:/Users/Ricardo/Desktop/ISEP/XMC_Relax_Kit_Projects/NewHaven_Display/NewHaven_Display/Libraries/CMSIS/Infineon/XMC4700_series/Include" -I"C:/Users/Ricardo/Desktop/ISEP/XMC_Relax_Kit_Projects/NewHaven_Display/NewHaven_Display" -I"C:/Users/Ricardo/Desktop/ISEP/XMC_Relax_Kit_Projects/NewHaven_Display/NewHaven_Display/Dave/Generated" -I"C:/Users/Ricardo/Desktop/ISEP/XMC_Relax_Kit_Projects/NewHaven_Display/NewHaven_Display/Libraries" -O0 -ffunction-sections -fdata-sections -Wall -std=gnu99 -mfloat-abi=softfp -Wa,-adhlns="Libraries/XMCLib/src/xmc_ccu8.o.lst" -pipe -c -fmessage-length=0 -MMD -MP -MF"Libraries/XMCLib/src/xmc_ccu8.d" -MT"Libraries/XMCLib/src/xmc_ccu8.d Libraries/XMCLib/src/xmc_ccu8.o" -mcpu=cortex-m4 -mfpu=fpv4-sp-d16 -mthumb -g -gdwarf-2 -o "Libraries/XMCLib/src/xmc_ccu8.o" "../Libraries/XMCLib/src/xmc_ccu8.c" 
'Finished building: ../Libraries/XMCLib/src/xmc_ccu8.c'

'Building file: ../Libraries/XMCLib/src/xmc_dac.c'
'Invoking: ARM-GCC C Compiler'
"C:/Users/Ricardo/Downloads/DAVE_4-4-2_64bit_2018-02-23/DAVE-IDE-4.4.2-64Bit/eclipse/ARM-GCC-49/bin/arm-none-eabi-gcc" -MMD -MT "Libraries/XMCLib/src/xmc_dac.o" -DXMC4700_F144x2048 -I"C:/Users/Ricardo/Desktop/ISEP/XMC_Relax_Kit_Projects/NewHaven_Display/NewHaven_Display/Libraries/XMCLib/inc" -I"C:/Users/Ricardo/Desktop/ISEP/XMC_Relax_Kit_Projects/NewHaven_Display/NewHaven_Display/Libraries/CMSIS/Include" -I"C:/Users/Ricardo/Desktop/ISEP/XMC_Relax_Kit_Projects/NewHaven_Display/NewHaven_Display/Libraries/CMSIS/Infineon/XMC4700_series/Include" -I"C:/Users/Ricardo/Desktop/ISEP/XMC_Relax_Kit_Projects/NewHaven_Display/NewHaven_Display" -I"C:/Users/Ricardo/Desktop/ISEP/XMC_Relax_Kit_Projects/NewHaven_Display/NewHaven_Display/Dave/Generated" -I"C:/Users/Ricardo/Desktop/ISEP/XMC_Relax_Kit_Projects/NewHaven_Display/NewHaven_Display/Libraries" -O0 -ffunction-sections -fdata-sections -Wall -std=gnu99 -mfloat-abi=softfp -Wa,-adhlns="Libraries/XMCLib/src/xmc_dac.o.lst" -pipe -c -fmessage-length=0 -MMD -MP -MF"Libraries/XMCLib/src/xmc_dac.d" -MT"Libraries/XMCLib/src/xmc_dac.d Libraries/XMCLib/src/xmc_dac.o" -mcpu=cortex-m4 -mfpu=fpv4-sp-d16 -mthumb -g -gdwarf-2 -o "Libraries/XMCLib/src/xmc_dac.o" "../Libraries/XMCLib/src/xmc_dac.c" 
'Finished building: ../Libraries/XMCLib/src/xmc_dac.c'

'Building file: ../Libraries/XMCLib/src/xmc_dsd.c'
'Invoking: ARM-GCC C Compiler'
"C:/Users/Ricardo/Downloads/DAVE_4-4-2_64bit_2018-02-23/DAVE-IDE-4.4.2-64Bit/eclipse/ARM-GCC-49/bin/arm-none-eabi-gcc" -MMD -MT "Libraries/XMCLib/src/xmc_dsd.o" -DXMC4700_F144x2048 -I"C:/Users/Ricardo/Desktop/ISEP/XMC_Relax_Kit_Projects/NewHaven_Display/NewHaven_Display/Libraries/XMCLib/inc" -I"C:/Users/Ricardo/Desktop/ISEP/XMC_Relax_Kit_Projects/NewHaven_Display/NewHaven_Display/Libraries/CMSIS/Include" -I"C:/Users/Ricardo/Desktop/ISEP/XMC_Relax_Kit_Projects/NewHaven_Display/NewHaven_Display/Libraries/CMSIS/Infineon/XMC4700_series/Include" -I"C:/Users/Ricardo/Desktop/ISEP/XMC_Relax_Kit_Projects/NewHaven_Display/NewHaven_Display" -I"C:/Users/Ricardo/Desktop/ISEP/XMC_Relax_Kit_Projects/NewHaven_Display/NewHaven_Display/Dave/Generated" -I"C:/Users/Ricardo/Desktop/ISEP/XMC_Relax_Kit_Projects/NewHaven_Display/NewHaven_Display/Libraries" -O0 -ffunction-sections -fdata-sections -Wall -std=gnu99 -mfloat-abi=softfp -Wa,-adhlns="Libraries/XMCLib/src/xmc_dsd.o.lst" -pipe -c -fmessage-length=0 -MMD -MP -MF"Libraries/XMCLib/src/xmc_dsd.d" -MT"Libraries/XMCLib/src/xmc_dsd.d Libraries/XMCLib/src/xmc_dsd.o" -mcpu=cortex-m4 -mfpu=fpv4-sp-d16 -mthumb -g -gdwarf-2 -o "Libraries/XMCLib/src/xmc_dsd.o" "../Libraries/XMCLib/src/xmc_dsd.c" 
'Finished building: ../Libraries/XMCLib/src/xmc_dsd.c'

'Building file: ../Libraries/XMCLib/src/xmc_dma.c'
'Invoking: ARM-GCC C Compiler'
"C:/Users/Ricardo/Downloads/DAVE_4-4-2_64bit_2018-02-23/DAVE-IDE-4.4.2-64Bit/eclipse/ARM-GCC-49/bin/arm-none-eabi-gcc" -MMD -MT "Libraries/XMCLib/src/xmc_dma.o" -DXMC4700_F144x2048 -I"C:/Users/Ricardo/Desktop/ISEP/XMC_Relax_Kit_Projects/NewHaven_Display/NewHaven_Display/Libraries/XMCLib/inc" -I"C:/Users/Ricardo/Desktop/ISEP/XMC_Relax_Kit_Projects/NewHaven_Display/NewHaven_Display/Libraries/CMSIS/Include" -I"C:/Users/Ricardo/Desktop/ISEP/XMC_Relax_Kit_Projects/NewHaven_Display/NewHaven_Display/Libraries/CMSIS/Infineon/XMC4700_series/Include" -I"C:/Users/Ricardo/Desktop/ISEP/XMC_Relax_Kit_Projects/NewHaven_Display/NewHaven_Display" -I"C:/Users/Ricardo/Desktop/ISEP/XMC_Relax_Kit_Projects/NewHaven_Display/NewHaven_Display/Dave/Generated" -I"C:/Users/Ricardo/Desktop/ISEP/XMC_Relax_Kit_Projects/NewHaven_Display/NewHaven_Display/Libraries" -O0 -ffunction-sections -fdata-sections -Wall -std=gnu99 -mfloat-abi=softfp -Wa,-adhlns="Libraries/XMCLib/src/xmc_dma.o.lst" -pipe -c -fmessage-length=0 -MMD -MP -MF"Libraries/XMCLib/src/xmc_dma.d" -MT"Libraries/XMCLib/src/xmc_dma.d Libraries/XMCLib/src/xmc_dma.o" -mcpu=cortex-m4 -mfpu=fpv4-sp-d16 -mthumb -g -gdwarf-2 -o "Libraries/XMCLib/src/xmc_dma.o" "../Libraries/XMCLib/src/xmc_dma.c" 
'Finished building: ../Libraries/XMCLib/src/xmc_dma.c'

'Building file: ../Libraries/XMCLib/src/xmc_ebu.c'
'Invoking: ARM-GCC C Compiler'
"C:/Users/Ricardo/Downloads/DAVE_4-4-2_64bit_2018-02-23/DAVE-IDE-4.4.2-64Bit/eclipse/ARM-GCC-49/bin/arm-none-eabi-gcc" -MMD -MT "Libraries/XMCLib/src/xmc_ebu.o" -DXMC4700_F144x2048 -I"C:/Users/Ricardo/Desktop/ISEP/XMC_Relax_Kit_Projects/NewHaven_Display/NewHaven_Display/Libraries/XMCLib/inc" -I"C:/Users/Ricardo/Desktop/ISEP/XMC_Relax_Kit_Projects/NewHaven_Display/NewHaven_Display/Libraries/CMSIS/Include" -I"C:/Users/Ricardo/Desktop/ISEP/XMC_Relax_Kit_Projects/NewHaven_Display/NewHaven_Display/Libraries/CMSIS/Infineon/XMC4700_series/Include" -I"C:/Users/Ricardo/Desktop/ISEP/XMC_Relax_Kit_Projects/NewHaven_Display/NewHaven_Display" -I"C:/Users/Ricardo/Desktop/ISEP/XMC_Relax_Kit_Projects/NewHaven_Display/NewHaven_Display/Dave/Generated" -I"C:/Users/Ricardo/Desktop/ISEP/XMC_Relax_Kit_Projects/NewHaven_Display/NewHaven_Display/Libraries" -O0 -ffunction-sections -fdata-sections -Wall -std=gnu99 -mfloat-abi=softfp -Wa,-adhlns="Libraries/XMCLib/src/xmc_ebu.o.lst" -pipe -c -fmessage-length=0 -MMD -MP -MF"Libraries/XMCLib/src/xmc_ebu.d" -MT"Libraries/XMCLib/src/xmc_ebu.d Libraries/XMCLib/src/xmc_ebu.o" -mcpu=cortex-m4 -mfpu=fpv4-sp-d16 -mthumb -g -gdwarf-2 -o "Libraries/XMCLib/src/xmc_ebu.o" "../Libraries/XMCLib/src/xmc_ebu.c" 
'Finished building: ../Libraries/XMCLib/src/xmc_ebu.c'

'Building file: ../Libraries/XMCLib/src/xmc_ecat.c'
'Invoking: ARM-GCC C Compiler'
"C:/Users/Ricardo/Downloads/DAVE_4-4-2_64bit_2018-02-23/DAVE-IDE-4.4.2-64Bit/eclipse/ARM-GCC-49/bin/arm-none-eabi-gcc" -MMD -MT "Libraries/XMCLib/src/xmc_ecat.o" -DXMC4700_F144x2048 -I"C:/Users/Ricardo/Desktop/ISEP/XMC_Relax_Kit_Projects/NewHaven_Display/NewHaven_Display/Libraries/XMCLib/inc" -I"C:/Users/Ricardo/Desktop/ISEP/XMC_Relax_Kit_Projects/NewHaven_Display/NewHaven_Display/Libraries/CMSIS/Include" -I"C:/Users/Ricardo/Desktop/ISEP/XMC_Relax_Kit_Projects/NewHaven_Display/NewHaven_Display/Libraries/CMSIS/Infineon/XMC4700_series/Include" -I"C:/Users/Ricardo/Desktop/ISEP/XMC_Relax_Kit_Projects/NewHaven_Display/NewHaven_Display" -I"C:/Users/Ricardo/Desktop/ISEP/XMC_Relax_Kit_Projects/NewHaven_Display/NewHaven_Display/Dave/Generated" -I"C:/Users/Ricardo/Desktop/ISEP/XMC_Relax_Kit_Projects/NewHaven_Display/NewHaven_Display/Libraries" -O0 -ffunction-sections -fdata-sections -Wall -std=gnu99 -mfloat-abi=softfp -Wa,-adhlns="Libraries/XMCLib/src/xmc_ecat.o.lst" -pipe -c -fmessage-length=0 -MMD -MP -MF"Libraries/XMCLib/src/xmc_ecat.d" -MT"Libraries/XMCLib/src/xmc_ecat.d Libraries/XMCLib/src/xmc_ecat.o" -mcpu=cortex-m4 -mfpu=fpv4-sp-d16 -mthumb -g -gdwarf-2 -o "Libraries/XMCLib/src/xmc_ecat.o" "../Libraries/XMCLib/src/xmc_ecat.c" 
'Finished building: ../Libraries/XMCLib/src/xmc_ecat.c'

'Building file: ../Libraries/XMCLib/src/xmc_eru.c'
'Invoking: ARM-GCC C Compiler'
"C:/Users/Ricardo/Downloads/DAVE_4-4-2_64bit_2018-02-23/DAVE-IDE-4.4.2-64Bit/eclipse/ARM-GCC-49/bin/arm-none-eabi-gcc" -MMD -MT "Libraries/XMCLib/src/xmc_eru.o" -DXMC4700_F144x2048 -I"C:/Users/Ricardo/Desktop/ISEP/XMC_Relax_Kit_Projects/NewHaven_Display/NewHaven_Display/Libraries/XMCLib/inc" -I"C:/Users/Ricardo/Desktop/ISEP/XMC_Relax_Kit_Projects/NewHaven_Display/NewHaven_Display/Libraries/CMSIS/Include" -I"C:/Users/Ricardo/Desktop/ISEP/XMC_Relax_Kit_Projects/NewHaven_Display/NewHaven_Display/Libraries/CMSIS/Infineon/XMC4700_series/Include" -I"C:/Users/Ricardo/Desktop/ISEP/XMC_Relax_Kit_Projects/NewHaven_Display/NewHaven_Display" -I"C:/Users/Ricardo/Desktop/ISEP/XMC_Relax_Kit_Projects/NewHaven_Display/NewHaven_Display/Dave/Generated" -I"C:/Users/Ricardo/Desktop/ISEP/XMC_Relax_Kit_Projects/NewHaven_Display/NewHaven_Display/Libraries" -O0 -ffunction-sections -fdata-sections -Wall -std=gnu99 -mfloat-abi=softfp -Wa,-adhlns="Libraries/XMCLib/src/xmc_eru.o.lst" -pipe -c -fmessage-length=0 -MMD -MP -MF"Libraries/XMCLib/src/xmc_eru.d" -MT"Libraries/XMCLib/src/xmc_eru.d Libraries/XMCLib/src/xmc_eru.o" -mcpu=cortex-m4 -mfpu=fpv4-sp-d16 -mthumb -g -gdwarf-2 -o "Libraries/XMCLib/src/xmc_eru.o" "../Libraries/XMCLib/src/xmc_eru.c" 
'Finished building: ../Libraries/XMCLib/src/xmc_eru.c'

'Building file: ../Libraries/XMCLib/src/xmc_eth_phy_ksz8031rnl.c'
'Invoking: ARM-GCC C Compiler'
"C:/Users/Ricardo/Downloads/DAVE_4-4-2_64bit_2018-02-23/DAVE-IDE-4.4.2-64Bit/eclipse/ARM-GCC-49/bin/arm-none-eabi-gcc" -MMD -MT "Libraries/XMCLib/src/xmc_eth_phy_ksz8031rnl.o" -DXMC4700_F144x2048 -I"C:/Users/Ricardo/Desktop/ISEP/XMC_Relax_Kit_Projects/NewHaven_Display/NewHaven_Display/Libraries/XMCLib/inc" -I"C:/Users/Ricardo/Desktop/ISEP/XMC_Relax_Kit_Projects/NewHaven_Display/NewHaven_Display/Libraries/CMSIS/Include" -I"C:/Users/Ricardo/Desktop/ISEP/XMC_Relax_Kit_Projects/NewHaven_Display/NewHaven_Display/Libraries/CMSIS/Infineon/XMC4700_series/Include" -I"C:/Users/Ricardo/Desktop/ISEP/XMC_Relax_Kit_Projects/NewHaven_Display/NewHaven_Display" -I"C:/Users/Ricardo/Desktop/ISEP/XMC_Relax_Kit_Projects/NewHaven_Display/NewHaven_Display/Dave/Generated" -I"C:/Users/Ricardo/Desktop/ISEP/XMC_Relax_Kit_Projects/NewHaven_Display/NewHaven_Display/Libraries" -O0 -ffunction-sections -fdata-sections -Wall -std=gnu99 -mfloat-abi=softfp -Wa,-adhlns="Libraries/XMCLib/src/xmc_eth_phy_ksz8031rnl.o.lst" -pipe -c -fmessage-length=0 -MMD -MP -MF"Libraries/XMCLib/src/xmc_eth_phy_ksz8031rnl.d" -MT"Libraries/XMCLib/src/xmc_eth_phy_ksz8031rnl.d Libraries/XMCLib/src/xmc_eth_phy_ksz8031rnl.o" -mcpu=cortex-m4 -mfpu=fpv4-sp-d16 -mthumb -g -gdwarf-2 -o "Libraries/XMCLib/src/xmc_eth_phy_ksz8031rnl.o" "../Libraries/XMCLib/src/xmc_eth_phy_ksz8031rnl.c" 
'Finished building: ../Libraries/XMCLib/src/xmc_eth_phy_ksz8031rnl.c'

'Building file: ../Libraries/XMCLib/src/xmc_eth_phy_dp83848.c'
'Invoking: ARM-GCC C Compiler'
"C:/Users/Ricardo/Downloads/DAVE_4-4-2_64bit_2018-02-23/DAVE-IDE-4.4.2-64Bit/eclipse/ARM-GCC-49/bin/arm-none-eabi-gcc" -MMD -MT "Libraries/XMCLib/src/xmc_eth_phy_dp83848.o" -DXMC4700_F144x2048 -I"C:/Users/Ricardo/Desktop/ISEP/XMC_Relax_Kit_Projects/NewHaven_Display/NewHaven_Display/Libraries/XMCLib/inc" -I"C:/Users/Ricardo/Desktop/ISEP/XMC_Relax_Kit_Projects/NewHaven_Display/NewHaven_Display/Libraries/CMSIS/Include" -I"C:/Users/Ricardo/Desktop/ISEP/XMC_Relax_Kit_Projects/NewHaven_Display/NewHaven_Display/Libraries/CMSIS/Infineon/XMC4700_series/Include" -I"C:/Users/Ricardo/Desktop/ISEP/XMC_Relax_Kit_Projects/NewHaven_Display/NewHaven_Display" -I"C:/Users/Ricardo/Desktop/ISEP/XMC_Relax_Kit_Projects/NewHaven_Display/NewHaven_Display/Dave/Generated" -I"C:/Users/Ricardo/Desktop/ISEP/XMC_Relax_Kit_Projects/NewHaven_Display/NewHaven_Display/Libraries" -O0 -ffunction-sections -fdata-sections -Wall -std=gnu99 -mfloat-abi=softfp -Wa,-adhlns="Libraries/XMCLib/src/xmc_eth_phy_dp83848.o.lst" -pipe -c -fmessage-length=0 -MMD -MP -MF"Libraries/XMCLib/src/xmc_eth_phy_dp83848.d" -MT"Libraries/XMCLib/src/xmc_eth_phy_dp83848.d Libraries/XMCLib/src/xmc_eth_phy_dp83848.o" -mcpu=cortex-m4 -mfpu=fpv4-sp-d16 -mthumb -g -gdwarf-2 -o "Libraries/XMCLib/src/xmc_eth_phy_dp83848.o" "../Libraries/XMCLib/src/xmc_eth_phy_dp83848.c" 
'Finished building: ../Libraries/XMCLib/src/xmc_eth_phy_dp83848.c'

'Building file: ../Libraries/XMCLib/src/xmc_eth_phy_ksz8081rnb.c'
'Invoking: ARM-GCC C Compiler'
"C:/Users/Ricardo/Downloads/DAVE_4-4-2_64bit_2018-02-23/DAVE-IDE-4.4.2-64Bit/eclipse/ARM-GCC-49/bin/arm-none-eabi-gcc" -MMD -MT "Libraries/XMCLib/src/xmc_eth_phy_ksz8081rnb.o" -DXMC4700_F144x2048 -I"C:/Users/Ricardo/Desktop/ISEP/XMC_Relax_Kit_Projects/NewHaven_Display/NewHaven_Display/Libraries/XMCLib/inc" -I"C:/Users/Ricardo/Desktop/ISEP/XMC_Relax_Kit_Projects/NewHaven_Display/NewHaven_Display/Libraries/CMSIS/Include" -I"C:/Users/Ricardo/Desktop/ISEP/XMC_Relax_Kit_Projects/NewHaven_Display/NewHaven_Display/Libraries/CMSIS/Infineon/XMC4700_series/Include" -I"C:/Users/Ricardo/Desktop/ISEP/XMC_Relax_Kit_Projects/NewHaven_Display/NewHaven_Display" -I"C:/Users/Ricardo/Desktop/ISEP/XMC_Relax_Kit_Projects/NewHaven_Display/NewHaven_Display/Dave/Generated" -I"C:/Users/Ricardo/Desktop/ISEP/XMC_Relax_Kit_Projects/NewHaven_Display/NewHaven_Display/Libraries" -O0 -ffunction-sections -fdata-sections -Wall -std=gnu99 -mfloat-abi=softfp -Wa,-adhlns="Libraries/XMCLib/src/xmc_eth_phy_ksz8081rnb.o.lst" -pipe -c -fmessage-length=0 -MMD -MP -MF"Libraries/XMCLib/src/xmc_eth_phy_ksz8081rnb.d" -MT"Libraries/XMCLib/src/xmc_eth_phy_ksz8081rnb.d Libraries/XMCLib/src/xmc_eth_phy_ksz8081rnb.o" -mcpu=cortex-m4 -mfpu=fpv4-sp-d16 -mthumb -g -gdwarf-2 -o "Libraries/XMCLib/src/xmc_eth_phy_ksz8081rnb.o" "../Libraries/XMCLib/src/xmc_eth_phy_ksz8081rnb.c" 
'Finished building: ../Libraries/XMCLib/src/xmc_eth_phy_ksz8081rnb.c'

'Building file: ../Libraries/XMCLib/src/xmc_eth_mac.c'
'Invoking: ARM-GCC C Compiler'
"C:/Users/Ricardo/Downloads/DAVE_4-4-2_64bit_2018-02-23/DAVE-IDE-4.4.2-64Bit/eclipse/ARM-GCC-49/bin/arm-none-eabi-gcc" -MMD -MT "Libraries/XMCLib/src/xmc_eth_mac.o" -DXMC4700_F144x2048 -I"C:/Users/Ricardo/Desktop/ISEP/XMC_Relax_Kit_Projects/NewHaven_Display/NewHaven_Display/Libraries/XMCLib/inc" -I"C:/Users/Ricardo/Desktop/ISEP/XMC_Relax_Kit_Projects/NewHaven_Display/NewHaven_Display/Libraries/CMSIS/Include" -I"C:/Users/Ricardo/Desktop/ISEP/XMC_Relax_Kit_Projects/NewHaven_Display/NewHaven_Display/Libraries/CMSIS/Infineon/XMC4700_series/Include" -I"C:/Users/Ricardo/Desktop/ISEP/XMC_Relax_Kit_Projects/NewHaven_Display/NewHaven_Display" -I"C:/Users/Ricardo/Desktop/ISEP/XMC_Relax_Kit_Projects/NewHaven_Display/NewHaven_Display/Dave/Generated" -I"C:/Users/Ricardo/Desktop/ISEP/XMC_Relax_Kit_Projects/NewHaven_Display/NewHaven_Display/Libraries" -O0 -ffunction-sections -fdata-sections -Wall -std=gnu99 -mfloat-abi=softfp -Wa,-adhlns="Libraries/XMCLib/src/xmc_eth_mac.o.lst" -pipe -c -fmessage-length=0 -MMD -MP -MF"Libraries/XMCLib/src/xmc_eth_mac.d" -MT"Libraries/XMCLib/src/xmc_eth_mac.d Libraries/XMCLib/src/xmc_eth_mac.o" -mcpu=cortex-m4 -mfpu=fpv4-sp-d16 -mthumb -g -gdwarf-2 -o "Libraries/XMCLib/src/xmc_eth_mac.o" "../Libraries/XMCLib/src/xmc_eth_mac.c" 
'Finished building: ../Libraries/XMCLib/src/xmc_eth_mac.c'

'Building file: ../Libraries/XMCLib/src/xmc_fce.c'
'Invoking: ARM-GCC C Compiler'
"C:/Users/Ricardo/Downloads/DAVE_4-4-2_64bit_2018-02-23/DAVE-IDE-4.4.2-64Bit/eclipse/ARM-GCC-49/bin/arm-none-eabi-gcc" -MMD -MT "Libraries/XMCLib/src/xmc_fce.o" -DXMC4700_F144x2048 -I"C:/Users/Ricardo/Desktop/ISEP/XMC_Relax_Kit_Projects/NewHaven_Display/NewHaven_Display/Libraries/XMCLib/inc" -I"C:/Users/Ricardo/Desktop/ISEP/XMC_Relax_Kit_Projects/NewHaven_Display/NewHaven_Display/Libraries/CMSIS/Include" -I"C:/Users/Ricardo/Desktop/ISEP/XMC_Relax_Kit_Projects/NewHaven_Display/NewHaven_Display/Libraries/CMSIS/Infineon/XMC4700_series/Include" -I"C:/Users/Ricardo/Desktop/ISEP/XMC_Relax_Kit_Projects/NewHaven_Display/NewHaven_Display" -I"C:/Users/Ricardo/Desktop/ISEP/XMC_Relax_Kit_Projects/NewHaven_Display/NewHaven_Display/Dave/Generated" -I"C:/Users/Ricardo/Desktop/ISEP/XMC_Relax_Kit_Projects/NewHaven_Display/NewHaven_Display/Libraries" -O0 -ffunction-sections -fdata-sections -Wall -std=gnu99 -mfloat-abi=softfp -Wa,-adhlns="Libraries/XMCLib/src/xmc_fce.o.lst" -pipe -c -fmessage-length=0 -MMD -MP -MF"Libraries/XMCLib/src/xmc_fce.d" -MT"Libraries/XMCLib/src/xmc_fce.d Libraries/XMCLib/src/xmc_fce.o" -mcpu=cortex-m4 -mfpu=fpv4-sp-d16 -mthumb -g -gdwarf-2 -o "Libraries/XMCLib/src/xmc_fce.o" "../Libraries/XMCLib/src/xmc_fce.c" 
'Finished building: ../Libraries/XMCLib/src/xmc_fce.c'

'Building file: ../Libraries/XMCLib/src/xmc_hrpwm.c'
'Invoking: ARM-GCC C Compiler'
"C:/Users/Ricardo/Downloads/DAVE_4-4-2_64bit_2018-02-23/DAVE-IDE-4.4.2-64Bit/eclipse/ARM-GCC-49/bin/arm-none-eabi-gcc" -MMD -MT "Libraries/XMCLib/src/xmc_hrpwm.o" -DXMC4700_F144x2048 -I"C:/Users/Ricardo/Desktop/ISEP/XMC_Relax_Kit_Projects/NewHaven_Display/NewHaven_Display/Libraries/XMCLib/inc" -I"C:/Users/Ricardo/Desktop/ISEP/XMC_Relax_Kit_Projects/NewHaven_Display/NewHaven_Display/Libraries/CMSIS/Include" -I"C:/Users/Ricardo/Desktop/ISEP/XMC_Relax_Kit_Projects/NewHaven_Display/NewHaven_Display/Libraries/CMSIS/Infineon/XMC4700_series/Include" -I"C:/Users/Ricardo/Desktop/ISEP/XMC_Relax_Kit_Projects/NewHaven_Display/NewHaven_Display" -I"C:/Users/Ricardo/Desktop/ISEP/XMC_Relax_Kit_Projects/NewHaven_Display/NewHaven_Display/Dave/Generated" -I"C:/Users/Ricardo/Desktop/ISEP/XMC_Relax_Kit_Projects/NewHaven_Display/NewHaven_Display/Libraries" -O0 -ffunction-sections -fdata-sections -Wall -std=gnu99 -mfloat-abi=softfp -Wa,-adhlns="Libraries/XMCLib/src/xmc_hrpwm.o.lst" -pipe -c -fmessage-length=0 -MMD -MP -MF"Libraries/XMCLib/src/xmc_hrpwm.d" -MT"Libraries/XMCLib/src/xmc_hrpwm.d Libraries/XMCLib/src/xmc_hrpwm.o" -mcpu=cortex-m4 -mfpu=fpv4-sp-d16 -mthumb -g -gdwarf-2 -o "Libraries/XMCLib/src/xmc_hrpwm.o" "../Libraries/XMCLib/src/xmc_hrpwm.c" 
'Finished building: ../Libraries/XMCLib/src/xmc_hrpwm.c'

'Building file: ../Libraries/XMCLib/src/xmc_gpio.c'
'Invoking: ARM-GCC C Compiler'
"C:/Users/Ricardo/Downloads/DAVE_4-4-2_64bit_2018-02-23/DAVE-IDE-4.4.2-64Bit/eclipse/ARM-GCC-49/bin/arm-none-eabi-gcc" -MMD -MT "Libraries/XMCLib/src/xmc_gpio.o" -DXMC4700_F144x2048 -I"C:/Users/Ricardo/Desktop/ISEP/XMC_Relax_Kit_Projects/NewHaven_Display/NewHaven_Display/Libraries/XMCLib/inc" -I"C:/Users/Ricardo/Desktop/ISEP/XMC_Relax_Kit_Projects/NewHaven_Display/NewHaven_Display/Libraries/CMSIS/Include" -I"C:/Users/Ricardo/Desktop/ISEP/XMC_Relax_Kit_Projects/NewHaven_Display/NewHaven_Display/Libraries/CMSIS/Infineon/XMC4700_series/Include" -I"C:/Users/Ricardo/Desktop/ISEP/XMC_Relax_Kit_Projects/NewHaven_Display/NewHaven_Display" -I"C:/Users/Ricardo/Desktop/ISEP/XMC_Relax_Kit_Projects/NewHaven_Display/NewHaven_Display/Dave/Generated" -I"C:/Users/Ricardo/Desktop/ISEP/XMC_Relax_Kit_Projects/NewHaven_Display/NewHaven_Display/Libraries" -O0 -ffunction-sections -fdata-sections -Wall -std=gnu99 -mfloat-abi=softfp -Wa,-adhlns="Libraries/XMCLib/src/xmc_gpio.o.lst" -pipe -c -fmessage-length=0 -MMD -MP -MF"Libraries/XMCLib/src/xmc_gpio.d" -MT"Libraries/XMCLib/src/xmc_gpio.d Libraries/XMCLib/src/xmc_gpio.o" -mcpu=cortex-m4 -mfpu=fpv4-sp-d16 -mthumb -g -gdwarf-2 -o "Libraries/XMCLib/src/xmc_gpio.o" "../Libraries/XMCLib/src/xmc_gpio.c" 
'Finished building: ../Libraries/XMCLib/src/xmc_gpio.c'

'Building file: ../Libraries/XMCLib/src/xmc_i2c.c'
'Invoking: ARM-GCC C Compiler'
"C:/Users/Ricardo/Downloads/DAVE_4-4-2_64bit_2018-02-23/DAVE-IDE-4.4.2-64Bit/eclipse/ARM-GCC-49/bin/arm-none-eabi-gcc" -MMD -MT "Libraries/XMCLib/src/xmc_i2c.o" -DXMC4700_F144x2048 -I"C:/Users/Ricardo/Desktop/ISEP/XMC_Relax_Kit_Projects/NewHaven_Display/NewHaven_Display/Libraries/XMCLib/inc" -I"C:/Users/Ricardo/Desktop/ISEP/XMC_Relax_Kit_Projects/NewHaven_Display/NewHaven_Display/Libraries/CMSIS/Include" -I"C:/Users/Ricardo/Desktop/ISEP/XMC_Relax_Kit_Projects/NewHaven_Display/NewHaven_Display/Libraries/CMSIS/Infineon/XMC4700_series/Include" -I"C:/Users/Ricardo/Desktop/ISEP/XMC_Relax_Kit_Projects/NewHaven_Display/NewHaven_Display" -I"C:/Users/Ricardo/Desktop/ISEP/XMC_Relax_Kit_Projects/NewHaven_Display/NewHaven_Display/Dave/Generated" -I"C:/Users/Ricardo/Desktop/ISEP/XMC_Relax_Kit_Projects/NewHaven_Display/NewHaven_Display/Libraries" -O0 -ffunction-sections -fdata-sections -Wall -std=gnu99 -mfloat-abi=softfp -Wa,-adhlns="Libraries/XMCLib/src/xmc_i2c.o.lst" -pipe -c -fmessage-length=0 -MMD -MP -MF"Libraries/XMCLib/src/xmc_i2c.d" -MT"Libraries/XMCLib/src/xmc_i2c.d Libraries/XMCLib/src/xmc_i2c.o" -mcpu=cortex-m4 -mfpu=fpv4-sp-d16 -mthumb -g -gdwarf-2 -o "Libraries/XMCLib/src/xmc_i2c.o" "../Libraries/XMCLib/src/xmc_i2c.c" 
'Finished building: ../Libraries/XMCLib/src/xmc_i2c.c'

'Building file: ../Libraries/XMCLib/src/xmc_ledts.c'
'Invoking: ARM-GCC C Compiler'
"C:/Users/Ricardo/Downloads/DAVE_4-4-2_64bit_2018-02-23/DAVE-IDE-4.4.2-64Bit/eclipse/ARM-GCC-49/bin/arm-none-eabi-gcc" -MMD -MT "Libraries/XMCLib/src/xmc_ledts.o" -DXMC4700_F144x2048 -I"C:/Users/Ricardo/Desktop/ISEP/XMC_Relax_Kit_Projects/NewHaven_Display/NewHaven_Display/Libraries/XMCLib/inc" -I"C:/Users/Ricardo/Desktop/ISEP/XMC_Relax_Kit_Projects/NewHaven_Display/NewHaven_Display/Libraries/CMSIS/Include" -I"C:/Users/Ricardo/Desktop/ISEP/XMC_Relax_Kit_Projects/NewHaven_Display/NewHaven_Display/Libraries/CMSIS/Infineon/XMC4700_series/Include" -I"C:/Users/Ricardo/Desktop/ISEP/XMC_Relax_Kit_Projects/NewHaven_Display/NewHaven_Display" -I"C:/Users/Ricardo/Desktop/ISEP/XMC_Relax_Kit_Projects/NewHaven_Display/NewHaven_Display/Dave/Generated" -I"C:/Users/Ricardo/Desktop/ISEP/XMC_Relax_Kit_Projects/NewHaven_Display/NewHaven_Display/Libraries" -O0 -ffunction-sections -fdata-sections -Wall -std=gnu99 -mfloat-abi=softfp -Wa,-adhlns="Libraries/XMCLib/src/xmc_ledts.o.lst" -pipe -c -fmessage-length=0 -MMD -MP -MF"Libraries/XMCLib/src/xmc_ledts.d" -MT"Libraries/XMCLib/src/xmc_ledts.d Libraries/XMCLib/src/xmc_ledts.o" -mcpu=cortex-m4 -mfpu=fpv4-sp-d16 -mthumb -g -gdwarf-2 -o "Libraries/XMCLib/src/xmc_ledts.o" "../Libraries/XMCLib/src/xmc_ledts.c" 
'Finished building: ../Libraries/XMCLib/src/xmc_ledts.c'

'Building file: ../Libraries/XMCLib/src/xmc_i2s.c'
'Invoking: ARM-GCC C Compiler'
"C:/Users/Ricardo/Downloads/DAVE_4-4-2_64bit_2018-02-23/DAVE-IDE-4.4.2-64Bit/eclipse/ARM-GCC-49/bin/arm-none-eabi-gcc" -MMD -MT "Libraries/XMCLib/src/xmc_i2s.o" -DXMC4700_F144x2048 -I"C:/Users/Ricardo/Desktop/ISEP/XMC_Relax_Kit_Projects/NewHaven_Display/NewHaven_Display/Libraries/XMCLib/inc" -I"C:/Users/Ricardo/Desktop/ISEP/XMC_Relax_Kit_Projects/NewHaven_Display/NewHaven_Display/Libraries/CMSIS/Include" -I"C:/Users/Ricardo/Desktop/ISEP/XMC_Relax_Kit_Projects/NewHaven_Display/NewHaven_Display/Libraries/CMSIS/Infineon/XMC4700_series/Include" -I"C:/Users/Ricardo/Desktop/ISEP/XMC_Relax_Kit_Projects/NewHaven_Display/NewHaven_Display" -I"C:/Users/Ricardo/Desktop/ISEP/XMC_Relax_Kit_Projects/NewHaven_Display/NewHaven_Display/Dave/Generated" -I"C:/Users/Ricardo/Desktop/ISEP/XMC_Relax_Kit_Projects/NewHaven_Display/NewHaven_Display/Libraries" -O0 -ffunction-sections -fdata-sections -Wall -std=gnu99 -mfloat-abi=softfp -Wa,-adhlns="Libraries/XMCLib/src/xmc_i2s.o.lst" -pipe -c -fmessage-length=0 -MMD -MP -MF"Libraries/XMCLib/src/xmc_i2s.d" -MT"Libraries/XMCLib/src/xmc_i2s.d Libraries/XMCLib/src/xmc_i2s.o" -mcpu=cortex-m4 -mfpu=fpv4-sp-d16 -mthumb -g -gdwarf-2 -o "Libraries/XMCLib/src/xmc_i2s.o" "../Libraries/XMCLib/src/xmc_i2s.c" 
'Finished building: ../Libraries/XMCLib/src/xmc_i2s.c'

'Building file: ../Libraries/XMCLib/src/xmc_posif.c'
'Invoking: ARM-GCC C Compiler'
"C:/Users/Ricardo/Downloads/DAVE_4-4-2_64bit_2018-02-23/DAVE-IDE-4.4.2-64Bit/eclipse/ARM-GCC-49/bin/arm-none-eabi-gcc" -MMD -MT "Libraries/XMCLib/src/xmc_posif.o" -DXMC4700_F144x2048 -I"C:/Users/Ricardo/Desktop/ISEP/XMC_Relax_Kit_Projects/NewHaven_Display/NewHaven_Display/Libraries/XMCLib/inc" -I"C:/Users/Ricardo/Desktop/ISEP/XMC_Relax_Kit_Projects/NewHaven_Display/NewHaven_Display/Libraries/CMSIS/Include" -I"C:/Users/Ricardo/Desktop/ISEP/XMC_Relax_Kit_Projects/NewHaven_Display/NewHaven_Display/Libraries/CMSIS/Infineon/XMC4700_series/Include" -I"C:/Users/Ricardo/Desktop/ISEP/XMC_Relax_Kit_Projects/NewHaven_Display/NewHaven_Display" -I"C:/Users/Ricardo/Desktop/ISEP/XMC_Relax_Kit_Projects/NewHaven_Display/NewHaven_Display/Dave/Generated" -I"C:/Users/Ricardo/Desktop/ISEP/XMC_Relax_Kit_Projects/NewHaven_Display/NewHaven_Display/Libraries" -O0 -ffunction-sections -fdata-sections -Wall -std=gnu99 -mfloat-abi=softfp -Wa,-adhlns="Libraries/XMCLib/src/xmc_posif.o.lst" -pipe -c -fmessage-length=0 -MMD -MP -MF"Libraries/XMCLib/src/xmc_posif.d" -MT"Libraries/XMCLib/src/xmc_posif.d Libraries/XMCLib/src/xmc_posif.o" -mcpu=cortex-m4 -mfpu=fpv4-sp-d16 -mthumb -g -gdwarf-2 -o "Libraries/XMCLib/src/xmc_posif.o" "../Libraries/XMCLib/src/xmc_posif.c" 
'Finished building: ../Libraries/XMCLib/src/xmc_posif.c'

'Building file: ../Libraries/XMCLib/src/xmc_sdmmc.c'
'Invoking: ARM-GCC C Compiler'
"C:/Users/Ricardo/Downloads/DAVE_4-4-2_64bit_2018-02-23/DAVE-IDE-4.4.2-64Bit/eclipse/ARM-GCC-49/bin/arm-none-eabi-gcc" -MMD -MT "Libraries/XMCLib/src/xmc_sdmmc.o" -DXMC4700_F144x2048 -I"C:/Users/Ricardo/Desktop/ISEP/XMC_Relax_Kit_Projects/NewHaven_Display/NewHaven_Display/Libraries/XMCLib/inc" -I"C:/Users/Ricardo/Desktop/ISEP/XMC_Relax_Kit_Projects/NewHaven_Display/NewHaven_Display/Libraries/CMSIS/Include" -I"C:/Users/Ricardo/Desktop/ISEP/XMC_Relax_Kit_Projects/NewHaven_Display/NewHaven_Display/Libraries/CMSIS/Infineon/XMC4700_series/Include" -I"C:/Users/Ricardo/Desktop/ISEP/XMC_Relax_Kit_Projects/NewHaven_Display/NewHaven_Display" -I"C:/Users/Ricardo/Desktop/ISEP/XMC_Relax_Kit_Projects/NewHaven_Display/NewHaven_Display/Dave/Generated" -I"C:/Users/Ricardo/Desktop/ISEP/XMC_Relax_Kit_Projects/NewHaven_Display/NewHaven_Display/Libraries" -O0 -ffunction-sections -fdata-sections -Wall -std=gnu99 -mfloat-abi=softfp -Wa,-adhlns="Libraries/XMCLib/src/xmc_sdmmc.o.lst" -pipe -c -fmessage-length=0 -MMD -MP -MF"Libraries/XMCLib/src/xmc_sdmmc.d" -MT"Libraries/XMCLib/src/xmc_sdmmc.d Libraries/XMCLib/src/xmc_sdmmc.o" -mcpu=cortex-m4 -mfpu=fpv4-sp-d16 -mthumb -g -gdwarf-2 -o "Libraries/XMCLib/src/xmc_sdmmc.o" "../Libraries/XMCLib/src/xmc_sdmmc.c" 
'Finished building: ../Libraries/XMCLib/src/xmc_sdmmc.c'

'Building file: ../Libraries/XMCLib/src/xmc_rtc.c'
'Invoking: ARM-GCC C Compiler'
"C:/Users/Ricardo/Downloads/DAVE_4-4-2_64bit_2018-02-23/DAVE-IDE-4.4.2-64Bit/eclipse/ARM-GCC-49/bin/arm-none-eabi-gcc" -MMD -MT "Libraries/XMCLib/src/xmc_rtc.o" -DXMC4700_F144x2048 -I"C:/Users/Ricardo/Desktop/ISEP/XMC_Relax_Kit_Projects/NewHaven_Display/NewHaven_Display/Libraries/XMCLib/inc" -I"C:/Users/Ricardo/Desktop/ISEP/XMC_Relax_Kit_Projects/NewHaven_Display/NewHaven_Display/Libraries/CMSIS/Include" -I"C:/Users/Ricardo/Desktop/ISEP/XMC_Relax_Kit_Projects/NewHaven_Display/NewHaven_Display/Libraries/CMSIS/Infineon/XMC4700_series/Include" -I"C:/Users/Ricardo/Desktop/ISEP/XMC_Relax_Kit_Projects/NewHaven_Display/NewHaven_Display" -I"C:/Users/Ricardo/Desktop/ISEP/XMC_Relax_Kit_Projects/NewHaven_Display/NewHaven_Display/Dave/Generated" -I"C:/Users/Ricardo/Desktop/ISEP/XMC_Relax_Kit_Projects/NewHaven_Display/NewHaven_Display/Libraries" -O0 -ffunction-sections -fdata-sections -Wall -std=gnu99 -mfloat-abi=softfp -Wa,-adhlns="Libraries/XMCLib/src/xmc_rtc.o.lst" -pipe -c -fmessage-length=0 -MMD -MP -MF"Libraries/XMCLib/src/xmc_rtc.d" -MT"Libraries/XMCLib/src/xmc_rtc.d Libraries/XMCLib/src/xmc_rtc.o" -mcpu=cortex-m4 -mfpu=fpv4-sp-d16 -mthumb -g -gdwarf-2 -o "Libraries/XMCLib/src/xmc_rtc.o" "../Libraries/XMCLib/src/xmc_rtc.c" 
'Finished building: ../Libraries/XMCLib/src/xmc_rtc.c'

'Building file: ../Libraries/XMCLib/src/xmc_spi.c'
'Invoking: ARM-GCC C Compiler'
"C:/Users/Ricardo/Downloads/DAVE_4-4-2_64bit_2018-02-23/DAVE-IDE-4.4.2-64Bit/eclipse/ARM-GCC-49/bin/arm-none-eabi-gcc" -MMD -MT "Libraries/XMCLib/src/xmc_spi.o" -DXMC4700_F144x2048 -I"C:/Users/Ricardo/Desktop/ISEP/XMC_Relax_Kit_Projects/NewHaven_Display/NewHaven_Display/Libraries/XMCLib/inc" -I"C:/Users/Ricardo/Desktop/ISEP/XMC_Relax_Kit_Projects/NewHaven_Display/NewHaven_Display/Libraries/CMSIS/Include" -I"C:/Users/Ricardo/Desktop/ISEP/XMC_Relax_Kit_Projects/NewHaven_Display/NewHaven_Display/Libraries/CMSIS/Infineon/XMC4700_series/Include" -I"C:/Users/Ricardo/Desktop/ISEP/XMC_Relax_Kit_Projects/NewHaven_Display/NewHaven_Display" -I"C:/Users/Ricardo/Desktop/ISEP/XMC_Relax_Kit_Projects/NewHaven_Display/NewHaven_Display/Dave/Generated" -I"C:/Users/Ricardo/Desktop/ISEP/XMC_Relax_Kit_Projects/NewHaven_Display/NewHaven_Display/Libraries" -O0 -ffunction-sections -fdata-sections -Wall -std=gnu99 -mfloat-abi=softfp -Wa,-adhlns="Libraries/XMCLib/src/xmc_spi.o.lst" -pipe -c -fmessage-length=0 -MMD -MP -MF"Libraries/XMCLib/src/xmc_spi.d" -MT"Libraries/XMCLib/src/xmc_spi.d Libraries/XMCLib/src/xmc_spi.o" -mcpu=cortex-m4 -mfpu=fpv4-sp-d16 -mthumb -g -gdwarf-2 -o "Libraries/XMCLib/src/xmc_spi.o" "../Libraries/XMCLib/src/xmc_spi.c" 
'Finished building: ../Libraries/XMCLib/src/xmc_spi.c'

'Building file: ../Libraries/XMCLib/src/xmc_uart.c'
'Invoking: ARM-GCC C Compiler'
"C:/Users/Ricardo/Downloads/DAVE_4-4-2_64bit_2018-02-23/DAVE-IDE-4.4.2-64Bit/eclipse/ARM-GCC-49/bin/arm-none-eabi-gcc" -MMD -MT "Libraries/XMCLib/src/xmc_uart.o" -DXMC4700_F144x2048 -I"C:/Users/Ricardo/Desktop/ISEP/XMC_Relax_Kit_Projects/NewHaven_Display/NewHaven_Display/Libraries/XMCLib/inc" -I"C:/Users/Ricardo/Desktop/ISEP/XMC_Relax_Kit_Projects/NewHaven_Display/NewHaven_Display/Libraries/CMSIS/Include" -I"C:/Users/Ricardo/Desktop/ISEP/XMC_Relax_Kit_Projects/NewHaven_Display/NewHaven_Display/Libraries/CMSIS/Infineon/XMC4700_series/Include" -I"C:/Users/Ricardo/Desktop/ISEP/XMC_Relax_Kit_Projects/NewHaven_Display/NewHaven_Display" -I"C:/Users/Ricardo/Desktop/ISEP/XMC_Relax_Kit_Projects/NewHaven_Display/NewHaven_Display/Dave/Generated" -I"C:/Users/Ricardo/Desktop/ISEP/XMC_Relax_Kit_Projects/NewHaven_Display/NewHaven_Display/Libraries" -O0 -ffunction-sections -fdata-sections -Wall -std=gnu99 -mfloat-abi=softfp -Wa,-adhlns="Libraries/XMCLib/src/xmc_uart.o.lst" -pipe -c -fmessage-length=0 -MMD -MP -MF"Libraries/XMCLib/src/xmc_uart.d" -MT"Libraries/XMCLib/src/xmc_uart.d Libraries/XMCLib/src/xmc_uart.o" -mcpu=cortex-m4 -mfpu=fpv4-sp-d16 -mthumb -g -gdwarf-2 -o "Libraries/XMCLib/src/xmc_uart.o" "../Libraries/XMCLib/src/xmc_uart.c" 
'Finished building: ../Libraries/XMCLib/src/xmc_uart.c'

'Building file: ../Libraries/XMCLib/src/xmc_usbd.c'
'Invoking: ARM-GCC C Compiler'
"C:/Users/Ricardo/Downloads/DAVE_4-4-2_64bit_2018-02-23/DAVE-IDE-4.4.2-64Bit/eclipse/ARM-GCC-49/bin/arm-none-eabi-gcc" -MMD -MT "Libraries/XMCLib/src/xmc_usbd.o" -DXMC4700_F144x2048 -I"C:/Users/Ricardo/Desktop/ISEP/XMC_Relax_Kit_Projects/NewHaven_Display/NewHaven_Display/Libraries/XMCLib/inc" -I"C:/Users/Ricardo/Desktop/ISEP/XMC_Relax_Kit_Projects/NewHaven_Display/NewHaven_Display/Libraries/CMSIS/Include" -I"C:/Users/Ricardo/Desktop/ISEP/XMC_Relax_Kit_Projects/NewHaven_Display/NewHaven_Display/Libraries/CMSIS/Infineon/XMC4700_series/Include" -I"C:/Users/Ricardo/Desktop/ISEP/XMC_Relax_Kit_Projects/NewHaven_Display/NewHaven_Display" -I"C:/Users/Ricardo/Desktop/ISEP/XMC_Relax_Kit_Projects/NewHaven_Display/NewHaven_Display/Dave/Generated" -I"C:/Users/Ricardo/Desktop/ISEP/XMC_Relax_Kit_Projects/NewHaven_Display/NewHaven_Display/Libraries" -O0 -ffunction-sections -fdata-sections -Wall -std=gnu99 -mfloat-abi=softfp -Wa,-adhlns="Libraries/XMCLib/src/xmc_usbd.o.lst" -pipe -c -fmessage-length=0 -MMD -MP -MF"Libraries/XMCLib/src/xmc_usbd.d" -MT"Libraries/XMCLib/src/xmc_usbd.d Libraries/XMCLib/src/xmc_usbd.o" -mcpu=cortex-m4 -mfpu=fpv4-sp-d16 -mthumb -g -gdwarf-2 -o "Libraries/XMCLib/src/xmc_usbd.o" "../Libraries/XMCLib/src/xmc_usbd.c" 
'Finished building: ../Libraries/XMCLib/src/xmc_usbd.c'

'Building file: ../Libraries/XMCLib/src/xmc_usic.c'
'Invoking: ARM-GCC C Compiler'
"C:/Users/Ricardo/Downloads/DAVE_4-4-2_64bit_2018-02-23/DAVE-IDE-4.4.2-64Bit/eclipse/ARM-GCC-49/bin/arm-none-eabi-gcc" -MMD -MT "Libraries/XMCLib/src/xmc_usic.o" -DXMC4700_F144x2048 -I"C:/Users/Ricardo/Desktop/ISEP/XMC_Relax_Kit_Projects/NewHaven_Display/NewHaven_Display/Libraries/XMCLib/inc" -I"C:/Users/Ricardo/Desktop/ISEP/XMC_Relax_Kit_Projects/NewHaven_Display/NewHaven_Display/Libraries/CMSIS/Include" -I"C:/Users/Ricardo/Desktop/ISEP/XMC_Relax_Kit_Projects/NewHaven_Display/NewHaven_Display/Libraries/CMSIS/Infineon/XMC4700_series/Include" -I"C:/Users/Ricardo/Desktop/ISEP/XMC_Relax_Kit_Projects/NewHaven_Display/NewHaven_Display" -I"C:/Users/Ricardo/Desktop/ISEP/XMC_Relax_Kit_Projects/NewHaven_Display/NewHaven_Display/Dave/Generated" -I"C:/Users/Ricardo/Desktop/ISEP/XMC_Relax_Kit_Projects/NewHaven_Display/NewHaven_Display/Libraries" -O0 -ffunction-sections -fdata-sections -Wall -std=gnu99 -mfloat-abi=softfp -Wa,-adhlns="Libraries/XMCLib/src/xmc_usic.o.lst" -pipe -c -fmessage-length=0 -MMD -MP -MF"Libraries/XMCLib/src/xmc_usic.d" -MT"Libraries/XMCLib/src/xmc_usic.d Libraries/XMCLib/src/xmc_usic.o" -mcpu=cortex-m4 -mfpu=fpv4-sp-d16 -mthumb -g -gdwarf-2 -o "Libraries/XMCLib/src/xmc_usic.o" "../Libraries/XMCLib/src/xmc_usic.c" 
'Finished building: ../Libraries/XMCLib/src/xmc_usic.c'

'Building file: ../Libraries/XMCLib/src/xmc_usbh.c'
'Invoking: ARM-GCC C Compiler'
"C:/Users/Ricardo/Downloads/DAVE_4-4-2_64bit_2018-02-23/DAVE-IDE-4.4.2-64Bit/eclipse/ARM-GCC-49/bin/arm-none-eabi-gcc" -MMD -MT "Libraries/XMCLib/src/xmc_usbh.o" -DXMC4700_F144x2048 -I"C:/Users/Ricardo/Desktop/ISEP/XMC_Relax_Kit_Projects/NewHaven_Display/NewHaven_Display/Libraries/XMCLib/inc" -I"C:/Users/Ricardo/Desktop/ISEP/XMC_Relax_Kit_Projects/NewHaven_Display/NewHaven_Display/Libraries/CMSIS/Include" -I"C:/Users/Ricardo/Desktop/ISEP/XMC_Relax_Kit_Projects/NewHaven_Display/NewHaven_Display/Libraries/CMSIS/Infineon/XMC4700_series/Include" -I"C:/Users/Ricardo/Desktop/ISEP/XMC_Relax_Kit_Projects/NewHaven_Display/NewHaven_Display" -I"C:/Users/Ricardo/Desktop/ISEP/XMC_Relax_Kit_Projects/NewHaven_Display/NewHaven_Display/Dave/Generated" -I"C:/Users/Ricardo/Desktop/ISEP/XMC_Relax_Kit_Projects/NewHaven_Display/NewHaven_Display/Libraries" -O0 -ffunction-sections -fdata-sections -Wall -std=gnu99 -mfloat-abi=softfp -Wa,-adhlns="Libraries/XMCLib/src/xmc_usbh.o.lst" -pipe -c -fmessage-length=0 -MMD -MP -MF"Libraries/XMCLib/src/xmc_usbh.d" -MT"Libraries/XMCLib/src/xmc_usbh.d Libraries/XMCLib/src/xmc_usbh.o" -mcpu=cortex-m4 -mfpu=fpv4-sp-d16 -mthumb -g -gdwarf-2 -o "Libraries/XMCLib/src/xmc_usbh.o" "../Libraries/XMCLib/src/xmc_usbh.c" 
'Finished building: ../Libraries/XMCLib/src/xmc_usbh.c'

'Building file: ../Libraries/Newlib/syscalls.c'
'Invoking: ARM-GCC C Compiler'
"C:/Users/Ricardo/Downloads/DAVE_4-4-2_64bit_2018-02-23/DAVE-IDE-4.4.2-64Bit/eclipse/ARM-GCC-49/bin/arm-none-eabi-gcc" -MMD -MT "Libraries/Newlib/syscalls.o" -DXMC4700_F144x2048 -I"C:/Users/Ricardo/Desktop/ISEP/XMC_Relax_Kit_Projects/NewHaven_Display/NewHaven_Display/Libraries/XMCLib/inc" -I"C:/Users/Ricardo/Desktop/ISEP/XMC_Relax_Kit_Projects/NewHaven_Display/NewHaven_Display/Libraries/CMSIS/Include" -I"C:/Users/Ricardo/Desktop/ISEP/XMC_Relax_Kit_Projects/NewHaven_Display/NewHaven_Display/Libraries/CMSIS/Infineon/XMC4700_series/Include" -I"C:/Users/Ricardo/Desktop/ISEP/XMC_Relax_Kit_Projects/NewHaven_Display/NewHaven_Display" -I"C:/Users/Ricardo/Desktop/ISEP/XMC_Relax_Kit_Projects/NewHaven_Display/NewHaven_Display/Dave/Generated" -I"C:/Users/Ricardo/Desktop/ISEP/XMC_Relax_Kit_Projects/NewHaven_Display/NewHaven_Display/Libraries" -O0 -ffunction-sections -fdata-sections -Wall -std=gnu99 -mfloat-abi=softfp -Wa,-adhlns="Libraries/Newlib/syscalls.o.lst" -pipe -c -fmessage-length=0 -MMD -MP -MF"Libraries/Newlib/syscalls.d" -MT"Libraries/Newlib/syscalls.d Libraries/Newlib/syscalls.o" -mcpu=cortex-m4 -mfpu=fpv4-sp-d16 -mthumb -g -gdwarf-2 -o "Libraries/Newlib/syscalls.o" "../Libraries/Newlib/syscalls.c" 
'Finished building: ../Libraries/Newlib/syscalls.c'

'Building file: ../Libraries/XMCLib/src/xmc_wdt.c'
'Invoking: ARM-GCC C Compiler'
"C:/Users/Ricardo/Downloads/DAVE_4-4-2_64bit_2018-02-23/DAVE-IDE-4.4.2-64Bit/eclipse/ARM-GCC-49/bin/arm-none-eabi-gcc" -MMD -MT "Libraries/XMCLib/src/xmc_wdt.o" -DXMC4700_F144x2048 -I"C:/Users/Ricardo/Desktop/ISEP/XMC_Relax_Kit_Projects/NewHaven_Display/NewHaven_Display/Libraries/XMCLib/inc" -I"C:/Users/Ricardo/Desktop/ISEP/XMC_Relax_Kit_Projects/NewHaven_Display/NewHaven_Display/Libraries/CMSIS/Include" -I"C:/Users/Ricardo/Desktop/ISEP/XMC_Relax_Kit_Projects/NewHaven_Display/NewHaven_Display/Libraries/CMSIS/Infineon/XMC4700_series/Include" -I"C:/Users/Ricardo/Desktop/ISEP/XMC_Relax_Kit_Projects/NewHaven_Display/NewHaven_Display" -I"C:/Users/Ricardo/Desktop/ISEP/XMC_Relax_Kit_Projects/NewHaven_Display/NewHaven_Display/Dave/Generated" -I"C:/Users/Ricardo/Desktop/ISEP/XMC_Relax_Kit_Projects/NewHaven_Display/NewHaven_Display/Libraries" -O0 -ffunction-sections -fdata-sections -Wall -std=gnu99 -mfloat-abi=softfp -Wa,-adhlns="Libraries/XMCLib/src/xmc_wdt.o.lst" -pipe -c -fmessage-length=0 -MMD -MP -MF"Libraries/XMCLib/src/xmc_wdt.d" -MT"Libraries/XMCLib/src/xmc_wdt.d Libraries/XMCLib/src/xmc_wdt.o" -mcpu=cortex-m4 -mfpu=fpv4-sp-d16 -mthumb -g -gdwarf-2 -o "Libraries/XMCLib/src/xmc_wdt.o" "../Libraries/XMCLib/src/xmc_wdt.c" 
'Finished building: ../Libraries/XMCLib/src/xmc_wdt.c'

'Building file: ../main.c'
../main.c: In function 'main':
'Invoking: ARM-GCC C Compiler'
../main.c:41:3: warning: implicit declaration of function 'setup' [-Wimplicit-function-declaration]
"C:/Users/Ricardo/Downloads/DAVE_4-4-2_64bit_2018-02-23/DAVE-IDE-4.4.2-64Bit/eclipse/ARM-GCC-49/bin/arm-none-eabi-gcc" -MMD -MT "main.o" -DXMC4700_F144x2048 -I"C:/Users/Ricardo/Desktop/ISEP/XMC_Relax_Kit_Projects/NewHaven_Display/NewHaven_Display/Libraries/XMCLib/inc" -I"C:/Users/Ricardo/Desktop/ISEP/XMC_Relax_Kit_Projects/NewHaven_Display/NewHaven_Display/Libraries/CMSIS/Include" -I"C:/Users/Ricardo/Desktop/ISEP/XMC_Relax_Kit_Projects/NewHaven_Display/NewHaven_Display/Libraries/CMSIS/Infineon/XMC4700_series/Include" -I"C:/Users/Ricardo/Desktop/ISEP/XMC_Relax_Kit_Projects/NewHaven_Display/NewHaven_Display" -I"C:/Users/Ricardo/Desktop/ISEP/XMC_Relax_Kit_Projects/NewHaven_Display/NewHaven_Display/Dave/Generated" -I"C:/Users/Ricardo/Desktop/ISEP/XMC_Relax_Kit_Projects/NewHaven_Display/NewHaven_Display/Libraries" -O0 -ffunction-sections -fdata-sections -Wall -std=gnu99 -mfloat-abi=softfp -Wa,-adhlns="main.o.lst" -pipe -c -fmessage-length=0 -MMD -MP -MF"main.d" -MT"main.d main.o" -mcpu=cortex-m4 -mfpu=fpv4-sp-d16 -mthumb -g -gdwarf-2 -o "main.o" "../main.c" 
'Finished building: ../main.c'
   setup();

   ^
../main.c:46:4: warning: implicit declaration of function 'loop' [-Wimplicit-function-declaration]
'Building file: ../Dave/Generated/DAVE.c'
    loop();
'Invoking: ARM-GCC C Compiler'
    ^
"C:/Users/Ricardo/Downloads/DAVE_4-4-2_64bit_2018-02-23/DAVE-IDE-4.4.2-64Bit/eclipse/ARM-GCC-49/bin/arm-none-eabi-gcc" -MMD -MT "Dave/Generated/DAVE.o" -DXMC4700_F144x2048 -I"C:/Users/Ricardo/Desktop/ISEP/XMC_Relax_Kit_Projects/NewHaven_Display/NewHaven_Display/Libraries/XMCLib/inc" -I"C:/Users/Ricardo/Desktop/ISEP/XMC_Relax_Kit_Projects/NewHaven_Display/NewHaven_Display/Libraries/CMSIS/Include" -I"C:/Users/Ricardo/Desktop/ISEP/XMC_Relax_Kit_Projects/NewHaven_Display/NewHaven_Display/Libraries/CMSIS/Infineon/XMC4700_series/Include" -I"C:/Users/Ricardo/Desktop/ISEP/XMC_Relax_Kit_Projects/NewHaven_Display/NewHaven_Display" -I"C:/Users/Ricardo/Desktop/ISEP/XMC_Relax_Kit_Projects/NewHaven_Display/NewHaven_Display/Dave/Generated" -I"C:/Users/Ricardo/Desktop/ISEP/XMC_Relax_Kit_Projects/NewHaven_Display/NewHaven_Display/Libraries" -O0 -ffunction-sections -fdata-sections -Wall -std=gnu99 -mfloat-abi=softfp -Wa,-adhlns="Dave/Generated/DAVE.o.lst" -pipe -c -fmessage-length=0 -MMD -MP -MF"Dave/Generated/DAVE.d" -MT"Dave/Generated/DAVE.d Dave/Generated/DAVE.o" -mcpu=cortex-m4 -mfpu=fpv4-sp-d16 -mthumb -g -gdwarf-2 -o "Dave/Generated/DAVE.o" "../Dave/Generated/DAVE.c" 
'Finished building: ../Dave/Generated/DAVE.c'

'Building file: ../Libraries/XMCLib/src/xmc_vadc.c'
'Invoking: ARM-GCC C Compiler'
"C:/Users/Ricardo/Downloads/DAVE_4-4-2_64bit_2018-02-23/DAVE-IDE-4.4.2-64Bit/eclipse/ARM-GCC-49/bin/arm-none-eabi-gcc" -MMD -MT "Libraries/XMCLib/src/xmc_vadc.o" -DXMC4700_F144x2048 -I"C:/Users/Ricardo/Desktop/ISEP/XMC_Relax_Kit_Projects/NewHaven_Display/NewHaven_Display/Libraries/XMCLib/inc" -I"C:/Users/Ricardo/Desktop/ISEP/XMC_Relax_Kit_Projects/NewHaven_Display/NewHaven_Display/Libraries/CMSIS/Include" -I"C:/Users/Ricardo/Desktop/ISEP/XMC_Relax_Kit_Projects/NewHaven_Display/NewHaven_Display/Libraries/CMSIS/Infineon/XMC4700_series/Include" -I"C:/Users/Ricardo/Desktop/ISEP/XMC_Relax_Kit_Projects/NewHaven_Display/NewHaven_Display" -I"C:/Users/Ricardo/Desktop/ISEP/XMC_Relax_Kit_Projects/NewHaven_Display/NewHaven_Display/Dave/Generated" -I"C:/Users/Ricardo/Desktop/ISEP/XMC_Relax_Kit_Projects/NewHaven_Display/NewHaven_Display/Libraries" -O0 -ffunction-sections -fdata-sections -Wall -std=gnu99 -mfloat-abi=softfp -Wa,-adhlns="Libraries/XMCLib/src/xmc_vadc.o.lst" -pipe -c -fmessage-length=0 -MMD -MP -MF"Libraries/XMCLib/src/xmc_vadc.d" -MT"Libraries/XMCLib/src/xmc_vadc.d Libraries/XMCLib/src/xmc_vadc.o" -mcpu=cortex-m4 -mfpu=fpv4-sp-d16 -mthumb -g -gdwarf-2 -o "Libraries/XMCLib/src/xmc_vadc.o" "../Libraries/XMCLib/src/xmc_vadc.c" 
'Finished building: ../Libraries/XMCLib/src/xmc_vadc.c'

'Building target: NewHaven_Display.elf'
./main.o: In function `main':
'Invoking: ARM-GCC C Linker'
C:\Users\Ricardo\Desktop\ISEP\XMC_Relax_Kit_Projects\NewHaven_Display\NewHaven_Display\Debug/../main.c:41: undefined reference to `setup'
"C:/Users/Ricardo/Downloads/DAVE_4-4-2_64bit_2018-02-23/DAVE-IDE-4.4.2-64Bit/eclipse/ARM-GCC-49/bin/arm-none-eabi-gcc" -T"../linker_script.ld" -nostartfiles -Xlinker --gc-sections -specs=nano.specs -specs=nosys.specs -Wl,-Map,"NewHaven_Display.map" -mfloat-abi=softfp -mfpu=fpv4-sp-d16 -mcpu=cortex-m4 -mthumb -g -gdwarf-2 -o "NewHaven_Display.elf" "@objects.rsp"  -lm
C:\Users\Ricardo\Desktop\ISEP\XMC_Relax_Kit_Projects\NewHaven_Display\NewHaven_Display\Debug/../main.c:46: undefined reference to `loop'
makefile:54: recipe for target 'NewHaven_Display.elf' failed
collect2.exe: error: ld returned 1 exit status
make: *** [NewHaven_Display.elf] Error 1
21:18:05 **** Build of configuration Debug for project NewHaven_Display ****
"\"C:\\Users\\Ricardo\\Downloads\\DAVE_4-4-2_64bit_2018-02-23\\DAVE-IDE-4.4.2-64Bit\\eclipse\\ARM-GCC-49\\bin\\make\"" --output-sync -j8 all 
../main.c: In function 'main':
'Building file: ../main.c'
../main.c:45:4: warning: implicit declaration of function 'loop' [-Wimplicit-function-declaration]
'Invoking: ARM-GCC C Compiler'
    loop();
"C:/Users/Ricardo/Downloads/DAVE_4-4-2_64bit_2018-02-23/DAVE-IDE-4.4.2-64Bit/eclipse/ARM-GCC-49/bin/arm-none-eabi-gcc" -MMD -MT "main.o" -DXMC4700_F144x2048 -I"C:/Users/Ricardo/Desktop/ISEP/XMC_Relax_Kit_Projects/NewHaven_Display/NewHaven_Display/Libraries/XMCLib/inc" -I"C:/Users/Ricardo/Desktop/ISEP/XMC_Relax_Kit_Projects/NewHaven_Display/NewHaven_Display/Libraries/CMSIS/Include" -I"C:/Users/Ricardo/Desktop/ISEP/XMC_Relax_Kit_Projects/NewHaven_Display/NewHaven_Display/Libraries/CMSIS/Infineon/XMC4700_series/Include" -I"C:/Users/Ricardo/Desktop/ISEP/XMC_Relax_Kit_Projects/NewHaven_Display/NewHaven_Display" -I"C:/Users/Ricardo/Desktop/ISEP/XMC_Relax_Kit_Projects/NewHaven_Display/NewHaven_Display/Dave/Generated" -I"C:/Users/Ricardo/Desktop/ISEP/XMC_Relax_Kit_Projects/NewHaven_Display/NewHaven_Display/Libraries" -O0 -ffunction-sections -fdata-sections -Wall -std=gnu99 -mfloat-abi=softfp -Wa,-adhlns="main.o.lst" -pipe -c -fmessage-length=0 -MMD -MP -MF"main.d" -MT"main.d main.o" -mcpu=cortex-m4 -mfpu=fpv4-sp-d16 -mthumb -g -gdwarf-2 -o "main.o" "../main.c" 
    ^
'Finished building: ../main.c'

'Building target: NewHaven_Display.elf'
./main.o: In function `main':
'Invoking: ARM-GCC C Linker'
C:\Users\Ricardo\Desktop\ISEP\XMC_Relax_Kit_Projects\NewHaven_Display\NewHaven_Display\Debug/../main.c:45: undefined reference to `loop'
"C:/Users/Ricardo/Downloads/DAVE_4-4-2_64bit_2018-02-23/DAVE-IDE-4.4.2-64Bit/eclipse/ARM-GCC-49/bin/arm-none-eabi-gcc" -T"../linker_script.ld" -nostartfiles -Xlinker --gc-sections -specs=nano.specs -specs=nosys.specs -Wl,-Map,"NewHaven_Display.map" -mfloat-abi=softfp -mfpu=fpv4-sp-d16 -mcpu=cortex-m4 -mthumb -g -gdwarf-2 -o "NewHaven_Display.elf" "@objects.rsp"  -lm
collect2.exe: error: ld returned 1 exit status
makefile:54: recipe for target 'NewHaven_Display.elf' failed
make: *** [NewHaven_Display.elf] Error 1
21:18:18 **** Build of configuration Debug for project NewHaven_Display ****
"\"C:\\Users\\Ricardo\\Downloads\\DAVE_4-4-2_64bit_2018-02-23\\DAVE-IDE-4.4.2-64Bit\\eclipse\\ARM-GCC-49\\bin\\make\"" --output-sync -j8 all 
'Building file: ../main.c'
'Invoking: ARM-GCC C Compiler'
"C:/Users/Ricardo/Downloads/DAVE_4-4-2_64bit_2018-02-23/DAVE-IDE-4.4.2-64Bit/eclipse/ARM-GCC-49/bin/arm-none-eabi-gcc" -MMD -MT "main.o" -DXMC4700_F144x2048 -I"C:/Users/Ricardo/Desktop/ISEP/XMC_Relax_Kit_Projects/NewHaven_Display/NewHaven_Display/Libraries/XMCLib/inc" -I"C:/Users/Ricardo/Desktop/ISEP/XMC_Relax_Kit_Projects/NewHaven_Display/NewHaven_Display/Libraries/CMSIS/Include" -I"C:/Users/Ricardo/Desktop/ISEP/XMC_Relax_Kit_Projects/NewHaven_Display/NewHaven_Display/Libraries/CMSIS/Infineon/XMC4700_series/Include" -I"C:/Users/Ricardo/Desktop/ISEP/XMC_Relax_Kit_Projects/NewHaven_Display/NewHaven_Display" -I"C:/Users/Ricardo/Desktop/ISEP/XMC_Relax_Kit_Projects/NewHaven_Display/NewHaven_Display/Dave/Generated" -I"C:/Users/Ricardo/Desktop/ISEP/XMC_Relax_Kit_Projects/NewHaven_Display/NewHaven_Display/Libraries" -O0 -ffunction-sections -fdata-sections -Wall -std=gnu99 -mfloat-abi=softfp -Wa,-adhlns="main.o.lst" -pipe -c -fmessage-length=0 -MMD -MP -MF"main.d" -MT"main.d main.o" -mcpu=cortex-m4 -mfpu=fpv4-sp-d16 -mthumb -g -gdwarf-2 -o "main.o" "../main.c" 
'Finished building: ../main.c'

'Building target: NewHaven_Display.elf'
'Invoking: ARM-GCC C Linker'
"C:/Users/Ricardo/Downloads/DAVE_4-4-2_64bit_2018-02-23/DAVE-IDE-4.4.2-64Bit/eclipse/ARM-GCC-49/bin/arm-none-eabi-gcc" -T"../linker_script.ld" -nostartfiles -Xlinker --gc-sections -specs=nano.specs -specs=nosys.specs -Wl,-Map,"NewHaven_Display.map" -mfloat-abi=softfp -mfpu=fpv4-sp-d16 -mcpu=cortex-m4 -mthumb -g -gdwarf-2 -o "NewHaven_Display.elf" "@objects.rsp"  -lm
'Finished building target: NewHaven_Display.elf'

'Invoking: ARM-GCC Create Flash Image'
"C:/Users/Ricardo/Downloads/DAVE_4-4-2_64bit_2018-02-23/DAVE-IDE-4.4.2-64Bit/eclipse/ARM-GCC-49/bin/arm-none-eabi-objcopy" -O ihex "NewHaven_Display.elf" "NewHaven_Display.hex"
'Finished building: NewHaven_Display.hex'

'Invoking: ARM-GCC Print Size'
"C:/Users/Ricardo/Downloads/DAVE_4-4-2_64bit_2018-02-23/DAVE-IDE-4.4.2-64Bit/eclipse/ARM-GCC-49/bin/arm-none-eabi-size" --format=berkeley "NewHaven_Display.elf"
   text	   data	    bss	    dec	    hex	filename
   1732	      0	   2068	   3800	    ed8	NewHaven_Display.elf
'Finished building: NewHaven_Display.siz'

'Invoking: ARM-GCC Create Listing'
"C:/Users/Ricardo/Downloads/DAVE_4-4-2_64bit_2018-02-23/DAVE-IDE-4.4.2-64Bit/eclipse/ARM-GCC-49/bin/arm-none-eabi-objdump" -h -S "NewHaven_Display.elf" > "NewHaven_Display.lst"
'Finished building: NewHaven_Display.lst'

21:18:31 **** Incremental Build of configuration Debug for project NewHaven_Display ****
"\"C:\\Users\\Ricardo\\Downloads\\DAVE_4-4-2_64bit_2018-02-23\\DAVE-IDE-4.4.2-64Bit\\eclipse\\ARM-GCC-49\\bin\\make\"" --output-sync -j8 all 
'Invoking: ARM-GCC Print Size'
"C:/Users/Ricardo/Downloads/DAVE_4-4-2_64bit_2018-02-23/DAVE-IDE-4.4.2-64Bit/eclipse/ARM-GCC-49/bin/arm-none-eabi-size" --format=berkeley "NewHaven_Display.elf"
   text	   data	    bss	    dec	    hex	filename
   1732	      0	   2068	   3800	    ed8	NewHaven_Display.elf
'Finished building: NewHaven_Display.siz'

21:24:37 **** Incremental Build of configuration Debug for project NewHaven_Display ****
"\"C:\\Users\\Ricardo\\Downloads\\DAVE_4-4-2_64bit_2018-02-23\\DAVE-IDE-4.4.2-64Bit\\eclipse\\ARM-GCC-49\\bin\\make\"" --output-sync -j8 all 
'Invoking: ARM-GCC Print Size'
"C:/Users/Ricardo/Downloads/DAVE_4-4-2_64bit_2018-02-23/DAVE-IDE-4.4.2-64Bit/eclipse/ARM-GCC-49/bin/arm-none-eabi-size" --format=berkeley "NewHaven_Display.elf"
   text	   data	    bss	    dec	    hex	filename
   1732	      0	   2068	   3800	    ed8	NewHaven_Display.elf
'Finished building: NewHaven_Display.siz'

21:32:54 **** Incremental Build of configuration Debug for project NewHaven_Display ****
"\"C:\\Users\\Ricardo\\Downloads\\DAVE_4-4-2_64bit_2018-02-23\\DAVE-IDE-4.4.2-64Bit\\eclipse\\ARM-GCC-49\\bin\\make\"" --output-sync -j8 all 
'Invoking: ARM-GCC Print Size'
"C:/Users/Ricardo/Downloads/DAVE_4-4-2_64bit_2018-02-23/DAVE-IDE-4.4.2-64Bit/eclipse/ARM-GCC-49/bin/arm-none-eabi-size" --format=berkeley "NewHaven_Display.elf"
   text	   data	    bss	    dec	    hex	filename
   1732	      0	   2068	   3800	    ed8	NewHaven_Display.elf
'Finished building: NewHaven_Display.siz'

21:34:26 **** Incremental Build of configuration Debug for project NewHaven_Display ****
"\"C:\\Users\\Ricardo\\Downloads\\DAVE_4-4-2_64bit_2018-02-23\\DAVE-IDE-4.4.2-64Bit\\eclipse\\ARM-GCC-49\\bin\\make\"" --output-sync -j8 all 
'Building file: ../Dave/Generated/DAVE.c'
'Invoking: ARM-GCC C Compiler'
"C:/Users/Ricardo/Downloads/DAVE_4-4-2_64bit_2018-02-23/DAVE-IDE-4.4.2-64Bit/eclipse/ARM-GCC-49/bin/arm-none-eabi-gcc" -MMD -MT "Dave/Generated/DAVE.o" -DXMC4700_F144x2048 -I"C:/Users/Ricardo/Desktop/ISEP/XMC_Relax_Kit_Projects/NewHaven_Display/NewHaven_Display/Libraries/XMCLib/inc" -I"C:/Users/Ricardo/Desktop/ISEP/XMC_Relax_Kit_Projects/NewHaven_Display/NewHaven_Display/Libraries/CMSIS/Include" -I"C:/Users/Ricardo/Desktop/ISEP/XMC_Relax_Kit_Projects/NewHaven_Display/NewHaven_Display/Libraries/CMSIS/Infineon/XMC4700_series/Include" -I"C:/Users/Ricardo/Desktop/ISEP/XMC_Relax_Kit_Projects/NewHaven_Display/NewHaven_Display" -I"C:/Users/Ricardo/Desktop/ISEP/XMC_Relax_Kit_Projects/NewHaven_Display/NewHaven_Display/Dave/Generated" -I"C:/Users/Ricardo/Desktop/ISEP/XMC_Relax_Kit_Projects/NewHaven_Display/NewHaven_Display/Libraries" -O0 -ffunction-sections -fdata-sections -Wall -std=gnu99 -mfloat-abi=softfp -Wa,-adhlns="Dave/Generated/DAVE.o.lst" -pipe -c -fmessage-length=0 -MMD -MP -MF"Dave/Generated/DAVE.d" -MT"Dave/Generated/DAVE.d Dave/Generated/DAVE.o" -mcpu=cortex-m4 -mfpu=fpv4-sp-d16 -mthumb -g -gdwarf-2 -o "Dave/Generated/DAVE.o" "../Dave/Generated/DAVE.c" 
'Finished building: ../Dave/Generated/DAVE.c'

'Building file: ../main.c'
'Invoking: ARM-GCC C Compiler'
"C:/Users/Ricardo/Downloads/DAVE_4-4-2_64bit_2018-02-23/DAVE-IDE-4.4.2-64Bit/eclipse/ARM-GCC-49/bin/arm-none-eabi-gcc" -MMD -MT "main.o" -DXMC4700_F144x2048 -I"C:/Users/Ricardo/Desktop/ISEP/XMC_Relax_Kit_Projects/NewHaven_Display/NewHaven_Display/Libraries/XMCLib/inc" -I"C:/Users/Ricardo/Desktop/ISEP/XMC_Relax_Kit_Projects/NewHaven_Display/NewHaven_Display/Libraries/CMSIS/Include" -I"C:/Users/Ricardo/Desktop/ISEP/XMC_Relax_Kit_Projects/NewHaven_Display/NewHaven_Display/Libraries/CMSIS/Infineon/XMC4700_series/Include" -I"C:/Users/Ricardo/Desktop/ISEP/XMC_Relax_Kit_Projects/NewHaven_Display/NewHaven_Display" -I"C:/Users/Ricardo/Desktop/ISEP/XMC_Relax_Kit_Projects/NewHaven_Display/NewHaven_Display/Dave/Generated" -I"C:/Users/Ricardo/Desktop/ISEP/XMC_Relax_Kit_Projects/NewHaven_Display/NewHaven_Display/Libraries" -O0 -ffunction-sections -fdata-sections -Wall -std=gnu99 -mfloat-abi=softfp -Wa,-adhlns="main.o.lst" -pipe -c -fmessage-length=0 -MMD -MP -MF"main.d" -MT"main.d main.o" -mcpu=cortex-m4 -mfpu=fpv4-sp-d16 -mthumb -g -gdwarf-2 -o "main.o" "../main.c" 
'Finished building: ../main.c'

'Building file: ../Dave/Generated/DIGITAL_IO/digital_io.c'
'Invoking: ARM-GCC C Compiler'
"C:/Users/Ricardo/Downloads/DAVE_4-4-2_64bit_2018-02-23/DAVE-IDE-4.4.2-64Bit/eclipse/ARM-GCC-49/bin/arm-none-eabi-gcc" -MMD -MT "Dave/Generated/DIGITAL_IO/digital_io.o" -DXMC4700_F144x2048 -I"C:/Users/Ricardo/Desktop/ISEP/XMC_Relax_Kit_Projects/NewHaven_Display/NewHaven_Display/Libraries/XMCLib/inc" -I"C:/Users/Ricardo/Desktop/ISEP/XMC_Relax_Kit_Projects/NewHaven_Display/NewHaven_Display/Libraries/CMSIS/Include" -I"C:/Users/Ricardo/Desktop/ISEP/XMC_Relax_Kit_Projects/NewHaven_Display/NewHaven_Display/Libraries/CMSIS/Infineon/XMC4700_series/Include" -I"C:/Users/Ricardo/Desktop/ISEP/XMC_Relax_Kit_Projects/NewHaven_Display/NewHaven_Display" -I"C:/Users/Ricardo/Desktop/ISEP/XMC_Relax_Kit_Projects/NewHaven_Display/NewHaven_Display/Dave/Generated" -I"C:/Users/Ricardo/Desktop/ISEP/XMC_Relax_Kit_Projects/NewHaven_Display/NewHaven_Display/Libraries" -O0 -ffunction-sections -fdata-sections -Wall -std=gnu99 -mfloat-abi=softfp -Wa,-adhlns="Dave/Generated/DIGITAL_IO/digital_io.o.lst" -pipe -c -fmessage-length=0 -MMD -MP -MF"Dave/Generated/DIGITAL_IO/digital_io.d" -MT"Dave/Generated/DIGITAL_IO/digital_io.d Dave/Generated/DIGITAL_IO/digital_io.o" -mcpu=cortex-m4 -mfpu=fpv4-sp-d16 -mthumb -g -gdwarf-2 -o "Dave/Generated/DIGITAL_IO/digital_io.o" "../Dave/Generated/DIGITAL_IO/digital_io.c" 
'Finished building: ../Dave/Generated/DIGITAL_IO/digital_io.c'

'Building file: ../Dave/Generated/SPI_MASTER/spi_master.c'
'Invoking: ARM-GCC C Compiler'
"C:/Users/Ricardo/Downloads/DAVE_4-4-2_64bit_2018-02-23/DAVE-IDE-4.4.2-64Bit/eclipse/ARM-GCC-49/bin/arm-none-eabi-gcc" -MMD -MT "Dave/Generated/SPI_MASTER/spi_master.o" -DXMC4700_F144x2048 -I"C:/Users/Ricardo/Desktop/ISEP/XMC_Relax_Kit_Projects/NewHaven_Display/NewHaven_Display/Libraries/XMCLib/inc" -I"C:/Users/Ricardo/Desktop/ISEP/XMC_Relax_Kit_Projects/NewHaven_Display/NewHaven_Display/Libraries/CMSIS/Include" -I"C:/Users/Ricardo/Desktop/ISEP/XMC_Relax_Kit_Projects/NewHaven_Display/NewHaven_Display/Libraries/CMSIS/Infineon/XMC4700_series/Include" -I"C:/Users/Ricardo/Desktop/ISEP/XMC_Relax_Kit_Projects/NewHaven_Display/NewHaven_Display" -I"C:/Users/Ricardo/Desktop/ISEP/XMC_Relax_Kit_Projects/NewHaven_Display/NewHaven_Display/Dave/Generated" -I"C:/Users/Ricardo/Desktop/ISEP/XMC_Relax_Kit_Projects/NewHaven_Display/NewHaven_Display/Libraries" -O0 -ffunction-sections -fdata-sections -Wall -std=gnu99 -mfloat-abi=softfp -Wa,-adhlns="Dave/Generated/SPI_MASTER/spi_master.o.lst" -pipe -c -fmessage-length=0 -MMD -MP -MF"Dave/Generated/SPI_MASTER/spi_master.d" -MT"Dave/Generated/SPI_MASTER/spi_master.d Dave/Generated/SPI_MASTER/spi_master.o" -mcpu=cortex-m4 -mfpu=fpv4-sp-d16 -mthumb -g -gdwarf-2 -o "Dave/Generated/SPI_MASTER/spi_master.o" "../Dave/Generated/SPI_MASTER/spi_master.c" 
'Finished building: ../Dave/Generated/SPI_MASTER/spi_master.c'

'Building file: ../Dave/Generated/SPI_MASTER/spi_master_conf.c'
'Invoking: ARM-GCC C Compiler'
"C:/Users/Ricardo/Downloads/DAVE_4-4-2_64bit_2018-02-23/DAVE-IDE-4.4.2-64Bit/eclipse/ARM-GCC-49/bin/arm-none-eabi-gcc" -MMD -MT "Dave/Generated/SPI_MASTER/spi_master_conf.o" -DXMC4700_F144x2048 -I"C:/Users/Ricardo/Desktop/ISEP/XMC_Relax_Kit_Projects/NewHaven_Display/NewHaven_Display/Libraries/XMCLib/inc" -I"C:/Users/Ricardo/Desktop/ISEP/XMC_Relax_Kit_Projects/NewHaven_Display/NewHaven_Display/Libraries/CMSIS/Include" -I"C:/Users/Ricardo/Desktop/ISEP/XMC_Relax_Kit_Projects/NewHaven_Display/NewHaven_Display/Libraries/CMSIS/Infineon/XMC4700_series/Include" -I"C:/Users/Ricardo/Desktop/ISEP/XMC_Relax_Kit_Projects/NewHaven_Display/NewHaven_Display" -I"C:/Users/Ricardo/Desktop/ISEP/XMC_Relax_Kit_Projects/NewHaven_Display/NewHaven_Display/Dave/Generated" -I"C:/Users/Ricardo/Desktop/ISEP/XMC_Relax_Kit_Projects/NewHaven_Display/NewHaven_Display/Libraries" -O0 -ffunction-sections -fdata-sections -Wall -std=gnu99 -mfloat-abi=softfp -Wa,-adhlns="Dave/Generated/SPI_MASTER/spi_master_conf.o.lst" -pipe -c -fmessage-length=0 -MMD -MP -MF"Dave/Generated/SPI_MASTER/spi_master_conf.d" -MT"Dave/Generated/SPI_MASTER/spi_master_conf.d Dave/Generated/SPI_MASTER/spi_master_conf.o" -mcpu=cortex-m4 -mfpu=fpv4-sp-d16 -mthumb -g -gdwarf-2 -o "Dave/Generated/SPI_MASTER/spi_master_conf.o" "../Dave/Generated/SPI_MASTER/spi_master_conf.c" 
'Finished building: ../Dave/Generated/SPI_MASTER/spi_master_conf.c'

'Building file: ../Dave/Generated/DIGITAL_IO/digital_io_conf.c'
'Invoking: ARM-GCC C Compiler'
"C:/Users/Ricardo/Downloads/DAVE_4-4-2_64bit_2018-02-23/DAVE-IDE-4.4.2-64Bit/eclipse/ARM-GCC-49/bin/arm-none-eabi-gcc" -MMD -MT "Dave/Generated/DIGITAL_IO/digital_io_conf.o" -DXMC4700_F144x2048 -I"C:/Users/Ricardo/Desktop/ISEP/XMC_Relax_Kit_Projects/NewHaven_Display/NewHaven_Display/Libraries/XMCLib/inc" -I"C:/Users/Ricardo/Desktop/ISEP/XMC_Relax_Kit_Projects/NewHaven_Display/NewHaven_Display/Libraries/CMSIS/Include" -I"C:/Users/Ricardo/Desktop/ISEP/XMC_Relax_Kit_Projects/NewHaven_Display/NewHaven_Display/Libraries/CMSIS/Infineon/XMC4700_series/Include" -I"C:/Users/Ricardo/Desktop/ISEP/XMC_Relax_Kit_Projects/NewHaven_Display/NewHaven_Display" -I"C:/Users/Ricardo/Desktop/ISEP/XMC_Relax_Kit_Projects/NewHaven_Display/NewHaven_Display/Dave/Generated" -I"C:/Users/Ricardo/Desktop/ISEP/XMC_Relax_Kit_Projects/NewHaven_Display/NewHaven_Display/Libraries" -O0 -ffunction-sections -fdata-sections -Wall -std=gnu99 -mfloat-abi=softfp -Wa,-adhlns="Dave/Generated/DIGITAL_IO/digital_io_conf.o.lst" -pipe -c -fmessage-length=0 -MMD -MP -MF"Dave/Generated/DIGITAL_IO/digital_io_conf.d" -MT"Dave/Generated/DIGITAL_IO/digital_io_conf.d Dave/Generated/DIGITAL_IO/digital_io_conf.o" -mcpu=cortex-m4 -mfpu=fpv4-sp-d16 -mthumb -g -gdwarf-2 -o "Dave/Generated/DIGITAL_IO/digital_io_conf.o" "../Dave/Generated/DIGITAL_IO/digital_io_conf.c" 
'Finished building: ../Dave/Generated/DIGITAL_IO/digital_io_conf.c'

'Building file: ../Dave/Generated/CPU_CTRL_XMC4/cpu_ctrl_xmc4.c'
'Invoking: ARM-GCC C Compiler'
"C:/Users/Ricardo/Downloads/DAVE_4-4-2_64bit_2018-02-23/DAVE-IDE-4.4.2-64Bit/eclipse/ARM-GCC-49/bin/arm-none-eabi-gcc" -MMD -MT "Dave/Generated/CPU_CTRL_XMC4/cpu_ctrl_xmc4.o" -DXMC4700_F144x2048 -I"C:/Users/Ricardo/Desktop/ISEP/XMC_Relax_Kit_Projects/NewHaven_Display/NewHaven_Display/Libraries/XMCLib/inc" -I"C:/Users/Ricardo/Desktop/ISEP/XMC_Relax_Kit_Projects/NewHaven_Display/NewHaven_Display/Libraries/CMSIS/Include" -I"C:/Users/Ricardo/Desktop/ISEP/XMC_Relax_Kit_Projects/NewHaven_Display/NewHaven_Display/Libraries/CMSIS/Infineon/XMC4700_series/Include" -I"C:/Users/Ricardo/Desktop/ISEP/XMC_Relax_Kit_Projects/NewHaven_Display/NewHaven_Display" -I"C:/Users/Ricardo/Desktop/ISEP/XMC_Relax_Kit_Projects/NewHaven_Display/NewHaven_Display/Dave/Generated" -I"C:/Users/Ricardo/Desktop/ISEP/XMC_Relax_Kit_Projects/NewHaven_Display/NewHaven_Display/Libraries" -O0 -ffunction-sections -fdata-sections -Wall -std=gnu99 -mfloat-abi=softfp -Wa,-adhlns="Dave/Generated/CPU_CTRL_XMC4/cpu_ctrl_xmc4.o.lst" -pipe -c -fmessage-length=0 -MMD -MP -MF"Dave/Generated/CPU_CTRL_XMC4/cpu_ctrl_xmc4.d" -MT"Dave/Generated/CPU_CTRL_XMC4/cpu_ctrl_xmc4.d Dave/Generated/CPU_CTRL_XMC4/cpu_ctrl_xmc4.o" -mcpu=cortex-m4 -mfpu=fpv4-sp-d16 -mthumb -g -gdwarf-2 -o "Dave/Generated/CPU_CTRL_XMC4/cpu_ctrl_xmc4.o" "../Dave/Generated/CPU_CTRL_XMC4/cpu_ctrl_xmc4.c" 
'Finished building: ../Dave/Generated/CPU_CTRL_XMC4/cpu_ctrl_xmc4.c'

'Building file: ../Dave/Generated/CPU_CTRL_XMC4/cpu_ctrl_xmc4_conf.c'
'Invoking: ARM-GCC C Compiler'
"C:/Users/Ricardo/Downloads/DAVE_4-4-2_64bit_2018-02-23/DAVE-IDE-4.4.2-64Bit/eclipse/ARM-GCC-49/bin/arm-none-eabi-gcc" -MMD -MT "Dave/Generated/CPU_CTRL_XMC4/cpu_ctrl_xmc4_conf.o" -DXMC4700_F144x2048 -I"C:/Users/Ricardo/Desktop/ISEP/XMC_Relax_Kit_Projects/NewHaven_Display/NewHaven_Display/Libraries/XMCLib/inc" -I"C:/Users/Ricardo/Desktop/ISEP/XMC_Relax_Kit_Projects/NewHaven_Display/NewHaven_Display/Libraries/CMSIS/Include" -I"C:/Users/Ricardo/Desktop/ISEP/XMC_Relax_Kit_Projects/NewHaven_Display/NewHaven_Display/Libraries/CMSIS/Infineon/XMC4700_series/Include" -I"C:/Users/Ricardo/Desktop/ISEP/XMC_Relax_Kit_Projects/NewHaven_Display/NewHaven_Display" -I"C:/Users/Ricardo/Desktop/ISEP/XMC_Relax_Kit_Projects/NewHaven_Display/NewHaven_Display/Dave/Generated" -I"C:/Users/Ricardo/Desktop/ISEP/XMC_Relax_Kit_Projects/NewHaven_Display/NewHaven_Display/Libraries" -O0 -ffunction-sections -fdata-sections -Wall -std=gnu99 -mfloat-abi=softfp -Wa,-adhlns="Dave/Generated/CPU_CTRL_XMC4/cpu_ctrl_xmc4_conf.o.lst" -pipe -c -fmessage-length=0 -MMD -MP -MF"Dave/Generated/CPU_CTRL_XMC4/cpu_ctrl_xmc4_conf.d" -MT"Dave/Generated/CPU_CTRL_XMC4/cpu_ctrl_xmc4_conf.d Dave/Generated/CPU_CTRL_XMC4/cpu_ctrl_xmc4_conf.o" -mcpu=cortex-m4 -mfpu=fpv4-sp-d16 -mthumb -g -gdwarf-2 -o "Dave/Generated/CPU_CTRL_XMC4/cpu_ctrl_xmc4_conf.o" "../Dave/Generated/CPU_CTRL_XMC4/cpu_ctrl_xmc4_conf.c" 
'Finished building: ../Dave/Generated/CPU_CTRL_XMC4/cpu_ctrl_xmc4_conf.c'

'Building file: ../Dave/Generated/CLOCK_XMC4/clock_xmc4.c'
'Invoking: ARM-GCC C Compiler'
"C:/Users/Ricardo/Downloads/DAVE_4-4-2_64bit_2018-02-23/DAVE-IDE-4.4.2-64Bit/eclipse/ARM-GCC-49/bin/arm-none-eabi-gcc" -MMD -MT "Dave/Generated/CLOCK_XMC4/clock_xmc4.o" -DXMC4700_F144x2048 -I"C:/Users/Ricardo/Desktop/ISEP/XMC_Relax_Kit_Projects/NewHaven_Display/NewHaven_Display/Libraries/XMCLib/inc" -I"C:/Users/Ricardo/Desktop/ISEP/XMC_Relax_Kit_Projects/NewHaven_Display/NewHaven_Display/Libraries/CMSIS/Include" -I"C:/Users/Ricardo/Desktop/ISEP/XMC_Relax_Kit_Projects/NewHaven_Display/NewHaven_Display/Libraries/CMSIS/Infineon/XMC4700_series/Include" -I"C:/Users/Ricardo/Desktop/ISEP/XMC_Relax_Kit_Projects/NewHaven_Display/NewHaven_Display" -I"C:/Users/Ricardo/Desktop/ISEP/XMC_Relax_Kit_Projects/NewHaven_Display/NewHaven_Display/Dave/Generated" -I"C:/Users/Ricardo/Desktop/ISEP/XMC_Relax_Kit_Projects/NewHaven_Display/NewHaven_Display/Libraries" -O0 -ffunction-sections -fdata-sections -Wall -std=gnu99 -mfloat-abi=softfp -Wa,-adhlns="Dave/Generated/CLOCK_XMC4/clock_xmc4.o.lst" -pipe -c -fmessage-length=0 -MMD -MP -MF"Dave/Generated/CLOCK_XMC4/clock_xmc4.d" -MT"Dave/Generated/CLOCK_XMC4/clock_xmc4.d Dave/Generated/CLOCK_XMC4/clock_xmc4.o" -mcpu=cortex-m4 -mfpu=fpv4-sp-d16 -mthumb -g -gdwarf-2 -o "Dave/Generated/CLOCK_XMC4/clock_xmc4.o" "../Dave/Generated/CLOCK_XMC4/clock_xmc4.c" 
'Finished building: ../Dave/Generated/CLOCK_XMC4/clock_xmc4.c'

'Building file: ../Dave/Generated/CLOCK_XMC4/clock_xmc4_conf.c'
'Invoking: ARM-GCC C Compiler'
"C:/Users/Ricardo/Downloads/DAVE_4-4-2_64bit_2018-02-23/DAVE-IDE-4.4.2-64Bit/eclipse/ARM-GCC-49/bin/arm-none-eabi-gcc" -MMD -MT "Dave/Generated/CLOCK_XMC4/clock_xmc4_conf.o" -DXMC4700_F144x2048 -I"C:/Users/Ricardo/Desktop/ISEP/XMC_Relax_Kit_Projects/NewHaven_Display/NewHaven_Display/Libraries/XMCLib/inc" -I"C:/Users/Ricardo/Desktop/ISEP/XMC_Relax_Kit_Projects/NewHaven_Display/NewHaven_Display/Libraries/CMSIS/Include" -I"C:/Users/Ricardo/Desktop/ISEP/XMC_Relax_Kit_Projects/NewHaven_Display/NewHaven_Display/Libraries/CMSIS/Infineon/XMC4700_series/Include" -I"C:/Users/Ricardo/Desktop/ISEP/XMC_Relax_Kit_Projects/NewHaven_Display/NewHaven_Display" -I"C:/Users/Ricardo/Desktop/ISEP/XMC_Relax_Kit_Projects/NewHaven_Display/NewHaven_Display/Dave/Generated" -I"C:/Users/Ricardo/Desktop/ISEP/XMC_Relax_Kit_Projects/NewHaven_Display/NewHaven_Display/Libraries" -O0 -ffunction-sections -fdata-sections -Wall -std=gnu99 -mfloat-abi=softfp -Wa,-adhlns="Dave/Generated/CLOCK_XMC4/clock_xmc4_conf.o.lst" -pipe -c -fmessage-length=0 -MMD -MP -MF"Dave/Generated/CLOCK_XMC4/clock_xmc4_conf.d" -MT"Dave/Generated/CLOCK_XMC4/clock_xmc4_conf.d Dave/Generated/CLOCK_XMC4/clock_xmc4_conf.o" -mcpu=cortex-m4 -mfpu=fpv4-sp-d16 -mthumb -g -gdwarf-2 -o "Dave/Generated/CLOCK_XMC4/clock_xmc4_conf.o" "../Dave/Generated/CLOCK_XMC4/clock_xmc4_conf.c" 
'Finished building: ../Dave/Generated/CLOCK_XMC4/clock_xmc4_conf.c'

'Building target: NewHaven_Display.elf'
'Invoking: ARM-GCC C Linker'
"C:/Users/Ricardo/Downloads/DAVE_4-4-2_64bit_2018-02-23/DAVE-IDE-4.4.2-64Bit/eclipse/ARM-GCC-49/bin/arm-none-eabi-gcc" -T"../linker_script.ld" -nostartfiles -Xlinker --gc-sections -specs=nano.specs -specs=nosys.specs -Wl,-Map,"NewHaven_Display.map" -mfloat-abi=softfp -mfpu=fpv4-sp-d16 -mcpu=cortex-m4 -mthumb -g -gdwarf-2 -o "NewHaven_Display.elf" "@objects.rsp"  -lm
'Finished building target: NewHaven_Display.elf'

'Invoking: ARM-GCC Create Flash Image'
"C:/Users/Ricardo/Downloads/DAVE_4-4-2_64bit_2018-02-23/DAVE-IDE-4.4.2-64Bit/eclipse/ARM-GCC-49/bin/arm-none-eabi-objcopy" -O ihex "NewHaven_Display.elf" "NewHaven_Display.hex"
'Finished building: NewHaven_Display.hex'

'Invoking: ARM-GCC Print Size'
"C:/Users/Ricardo/Downloads/DAVE_4-4-2_64bit_2018-02-23/DAVE-IDE-4.4.2-64Bit/eclipse/ARM-GCC-49/bin/arm-none-eabi-size" --format=berkeley "NewHaven_Display.elf"
   text	   data	    bss	    dec	    hex	filename
   8700	     80	   2092	  10872	   2a78	NewHaven_Display.elf
'Finished building: NewHaven_Display.siz'

'Invoking: ARM-GCC Create Listing'
"C:/Users/Ricardo/Downloads/DAVE_4-4-2_64bit_2018-02-23/DAVE-IDE-4.4.2-64Bit/eclipse/ARM-GCC-49/bin/arm-none-eabi-objdump" -h -S "NewHaven_Display.elf" > "NewHaven_Display.lst"
'Finished building: NewHaven_Display.lst'

21:42:34 **** Build of configuration Debug for project NewHaven_Display ****
"\"C:\\Users\\Ricardo\\Downloads\\DAVE_4-4-2_64bit_2018-02-23\\DAVE-IDE-4.4.2-64Bit\\eclipse\\ARM-GCC-49\\bin\\make\"" --output-sync -j8 all 
'Building file: ../main.c'
../main.c: In function 'main':
../main.c:42:7: warning: implicit declaration of function 'delay' [-Wimplicit-function-declaration]
'Invoking: ARM-GCC C Compiler'
       delay(2);
[...]
 SPI_MASTER_STATUS_t SPI_MASTER_Transmit(const SPI_MASTER_t *const handle, uint8_t* dataptr, uint32_t count);
                     ^
'Building target: NewHaven_Display.elf'
'Invoking: ARM-GCC C Linker'
"C:/Users/Ricardo/Downloads/DAVE_4-4-2_64bit_2018-02-23/DAVE-IDE-4.4.2-64Bit/eclipse/ARM-GCC-49/bin/arm-none-eabi-gcc" -T"../linker_script.ld" -nostartfiles -Xlinker --gc-sections -specs=nano.specs -specs=nosys.specs -Wl,-Map,"NewHaven_Display.map" -mfloat-abi=softfp -mfpu=fpv4-sp-d16 -mcpu=cortex-m4 -mthumb -g -gdwarf-2 -o "NewHaven_Display.elf" "@objects.rsp"  -lm
makefile:58: recipe for target 'NewHaven_Display.elf' failed
./display_functions.o: In function `display_setup':
C:\Users\Ricardo\Desktop\ISEP\XMC_Relax_Kit_Projects\NewHaven_Display\NewHaven_Display\Debug/../display_functions.c:90: undefined reference to `OLED_NHDText_160128RGB'
collect2.exe: error: ld returned 1 exit status
make: *** [NewHaven_Display.elf] Error 1
23:11:06 **** Build of configuration Debug for project NewHaven_Display ****
"\"C:\\Users\\Ricardo\\Downloads\\DAVE_4-4-2_64bit_2018-02-23\\DAVE-IDE-4.4.2-64Bit\\eclipse\\ARM-GCC-49\\bin\\make\"" --output-sync -j8 all 
../display_functions.c: In function 'OLED_Command_160128RGB':
'Building file: ../display_functions.c'
'Invoking: ARM-GCC C Compiler'
../display_functions.c:95:37: warning: passing argument 2 of 'SPI_MASTER_Transmit' makes pointer from integer without a cast
"C:/Users/Ricardo/Downloads/DAVE_4-4-2_64bit_2018-02-23/DAVE-IDE-4.4.2-64Bit/eclipse/ARM-GCC-49/bin/arm-none-eabi-gcc" -MMD -MT "display_functions.o" -DXMC4700_F144x2048 -I"C:/Users/Ricardo/Desktop/ISEP/XMC_Relax_Kit_Projects/NewHaven_Display/NewHaven_Display/Libraries/XMCLib/inc" -I"C:/Users/Ricardo/Desktop/ISEP/XMC_Relax_Kit_Projects/NewHaven_Display/NewHaven_Display/Libraries/CMSIS/Include" -I"C:/Users/Ricardo/Desktop/ISEP/XMC_Relax_Kit_Projects/NewHaven_Display/NewHaven_Display/Libraries/CMSIS/Infineon/XMC4700_series/Include" -I"C:/Users/Ricardo/Desktop/ISEP/XMC_Relax_Kit_Projects/NewHaven_Display/NewHaven_Display" -I"C:/Users/Ricardo/Desktop/ISEP/XMC_Relax_Kit_Projects/NewHaven_Display/NewHaven_Display/Dave/Generated" -I"C:/Users/Ricardo/Desktop/ISEP/XMC_Relax_Kit_Projects/NewHaven_Display/NewHaven_Display/Libraries" -O0 -ffunction-sections -fdata-sections -Wall -std=gnu99 -mfloat-abi=softfp -Wa,-adhlns="display_functions.o.lst" -pipe -c -fmessage-length=0 -MMD -MP -MF"display_functions.d" -MT"display_functions.d display_functions.o" -mcpu=cortex-m4 -mfpu=fpv4-sp-d16 -mthumb -g -gdwarf-2 -o "display_functions.o" "../display_functions.c" 
  SPI_MASTER_Transmit(&SPI_MASTER_0, command, sizeof(command));
'Finished building: ../display_functions.c'

                                     ^
In file included from C:/Users/Ricardo/Desktop/ISEP/XMC_Relax_Kit_Projects/NewHaven_Display/NewHaven_Display/Dave/Generated/DAVE.h:58:0,
                 from ../display_functions.h:4,
                 from ../display_functions.c:1:
C:/Users/Ricardo/Desktop/ISEP/XMC_Relax_Kit_Projects/NewHaven_Display/NewHaven_Display/Dave/Generated/SPI_MASTER/spi_master.h:610:21: note: expected 'uint8_t *' but argument is of type 'uint8_t'
 SPI_MASTER_STATUS_t SPI_MASTER_Transmit(const SPI_MASTER_t *const handle, uint8_t* dataptr, uint32_t count);
                     ^
../display_functions.c: In function 'OLED_Data_160128RGB':
../display_functions.c:100:37: warning: passing argument 2 of 'SPI_MASTER_Transmit' makes pointer from integer without a cast
  SPI_MASTER_Transmit(&SPI_MASTER_0, data, sizeof(data));
                                     ^
In file included from C:/Users/Ricardo/Desktop/ISEP/XMC_Relax_Kit_Projects/NewHaven_Display/NewHaven_Display/Dave/Generated/DAVE.h:58:0,
                 from ../display_functions.h:4,
                 from ../display_functions.c:1:
C:/Users/Ricardo/Desktop/ISEP/XMC_Relax_Kit_Projects/NewHaven_Display/NewHaven_Display/Dave/Generated/SPI_MASTER/spi_master.h:610:21: note: expected 'uint8_t *' but argument is of type 'uint8_t'
 SPI_MASTER_STATUS_t SPI_MASTER_Transmit(const SPI_MASTER_t *const handle, uint8_t* dataptr, uint32_t count);
                     ^
../display_functions.c: In function 'OLED_SerialPixelData_160128RGB':
../display_functions.c:154:37: warning: passing argument 2 of 'SPI_MASTER_Transmit' makes pointer from integer without a cast
  SPI_MASTER_Transmit(&SPI_MASTER_0, d, sizeof(d));
                                     ^
In file included from C:/Users/Ricardo/Desktop/ISEP/XMC_Relax_Kit_Projects/NewHaven_Display/NewHaven_Display/Dave/Generated/DAVE.h:58:0,
                 from ../display_functions.h:4,
                 from ../display_functions.c:1:
C:/Users/Ricardo/Desktop/ISEP/XMC_Relax_Kit_Projects/NewHaven_Display/NewHaven_Display/Dave/Generated/SPI_MASTER/spi_master.h:610:21: note: expected 'uint8_t *' but argument is of type 'unsigned char'
 SPI_MASTER_STATUS_t SPI_MASTER_Transmit(const SPI_MASTER_t *const handle, uint8_t* dataptr, uint32_t count);
                     ^
'Building target: NewHaven_Display.elf'
'Invoking: ARM-GCC C Linker'
"C:/Users/Ricardo/Downloads/DAVE_4-4-2_64bit_2018-02-23/DAVE-IDE-4.4.2-64Bit/eclipse/ARM-GCC-49/bin/arm-none-eabi-gcc" -T"../linker_script.ld" -nostartfiles -Xlinker --gc-sections -specs=nano.specs -specs=nosys.specs -Wl,-Map,"NewHaven_Display.map" -mfloat-abi=softfp -mfpu=fpv4-sp-d16 -mcpu=cortex-m4 -mthumb -g -gdwarf-2 -o "NewHaven_Display.elf" "@objects.rsp"  -lm
'Finished building target: NewHaven_Display.elf'

'Invoking: ARM-GCC Create Flash Image'
"C:/Users/Ricardo/Downloads/DAVE_4-4-2_64bit_2018-02-23/DAVE-IDE-4.4.2-64Bit/eclipse/ARM-GCC-49/bin/arm-none-eabi-objcopy" -O ihex "NewHaven_Display.elf" "NewHaven_Display.hex"
'Finished building: NewHaven_Display.hex'

'Invoking: ARM-GCC Print Size'
"C:/Users/Ricardo/Downloads/DAVE_4-4-2_64bit_2018-02-23/DAVE-IDE-4.4.2-64Bit/eclipse/ARM-GCC-49/bin/arm-none-eabi-size" --format=berkeley "NewHaven_Display.elf"
   text	   data	    bss	    dec	    hex	filename
  10064	     80	   2092	  12236	   2fcc	NewHaven_Display.elf
'Finished building: NewHaven_Display.siz'

'Invoking: ARM-GCC Create Listing'
"C:/Users/Ricardo/Downloads/DAVE_4-4-2_64bit_2018-02-23/DAVE-IDE-4.4.2-64Bit/eclipse/ARM-GCC-49/bin/arm-none-eabi-objdump" -h -S "NewHaven_Display.elf" > "NewHaven_Display.lst"
'Finished building: NewHaven_Display.lst'

23:11:16 **** Incremental Build of configuration Debug for project NewHaven_Display ****
"\"C:\\Users\\Ricardo\\Downloads\\DAVE_4-4-2_64bit_2018-02-23\\DAVE-IDE-4.4.2-64Bit\\eclipse\\ARM-GCC-49\\bin\\make\"" --output-sync -j8 all 
'Invoking: ARM-GCC Print Size'
"C:/Users/Ricardo/Downloads/DAVE_4-4-2_64bit_2018-02-23/DAVE-IDE-4.4.2-64Bit/eclipse/ARM-GCC-49/bin/arm-none-eabi-size" --format=berkeley "NewHaven_Display.elf"
   text	   data	    bss	    dec	    hex	filename
  10064	     80	   2092	  12236	   2fcc	NewHaven_Display.elf
'Finished building: NewHaven_Display.siz'

23:19:23 **** Build of configuration Debug for project NewHaven_Display ****
"\"C:\\Users\\Ricardo\\Downloads\\DAVE_4-4-2_64bit_2018-02-23\\DAVE-IDE-4.4.2-64Bit\\eclipse\\ARM-GCC-49\\bin\\make\"" --output-sync -j8 all 
'Building file: ../display_functions.c'
../display_functions.c: In function 'OLED_Command_160128RGB':
'Invoking: ARM-GCC C Compiler'
../display_functions.c:110:37: warning: passing argument 2 of 'SPI_MASTER_Transmit' makes pointer from integer without a cast
  SPI_MASTER_Transmit(&SPI_MASTER_0, command, sizeof(command));
"C:/Users/Ricardo/Downloads/DAVE_4-4-2_64bit_2018-02-23/DAVE-IDE-4.4.2-64Bit/eclipse/ARM-GCC-49/bin/arm-none-eabi-gcc" -MMD -MT "display_functions.o" -DXMC4700_F144x2048 -I"C:/Users/Ricardo/Desktop/ISEP/XMC_Relax_Kit_Projects/NewHaven_Display/NewHaven_Display/Libraries/XMCLib/inc" -I"C:/Users/Ricardo/Desktop/ISEP/XMC_Relax_Kit_Projects/NewHaven_Display/NewHaven_Display/Libraries/CMSIS/Include" -I"C:/Users/Ricardo/Desktop/ISEP/XMC_Relax_Kit_Projects/NewHaven_Display/NewHaven_Display/Libraries/CMSIS/Infineon/XMC4700_series/Include" -I"C:/Users/Ricardo/Desktop/ISEP/XMC_Relax_Kit_Projects/NewHaven_Display/NewHaven_Display" -I"C:/Users/Ricardo/Desktop/ISEP/XMC_Relax_Kit_Projects/NewHaven_Display/NewHaven_Display/Dave/Generated" -I"C:/Users/Ricardo/Desktop/ISEP/XMC_Relax_Kit_Projects/NewHaven_Display/NewHaven_Display/Libraries" -O0 -ffunction-sections -fdata-sections -Wall -std=gnu99 -mfloat-abi=softfp -Wa,-adhlns="display_functions.o.lst" -pipe -c -fmessage-length=0 -MMD -MP -MF"display_functions.d" -MT"display_functions.d display_functions.o" -mcpu=cortex-m4 -mfpu=fpv4-sp-d16 -mthumb -g -gdwarf-2 -o "display_functions.o" "../display_functions.c" 
                                     ^
'Finished building: ../display_functions.c'

In file included from C:/Users/Ricardo/Desktop/ISEP/XMC_Relax_Kit_Projects/NewHaven_Display/NewHaven_Display/Dave/Generated/DAVE.h:58:0,
                 from ../display_functions.h:4,
                 from ../display_functions.c:1:
C:/Users/Ricardo/Desktop/ISEP/XMC_Relax_Kit_Projects/NewHaven_Display/NewHaven_Display/Dave/Generated/SPI_MASTER/spi_master.h:610:21: note: expected 'uint8_t *' but argument is of type 'uint8_t'
 SPI_MASTER_STATUS_t SPI_MASTER_Transmit(const SPI_MASTER_t *const handle, uint8_t* dataptr, uint32_t count);
                     ^
../display_functions.c: In function 'OLED_Data_160128RGB':
../display_functions.c:115:37: warning: passing argument 2 of 'SPI_MASTER_Transmit' makes pointer from integer without a cast
  SPI_MASTER_Transmit(&SPI_MASTER_0, data, sizeof(data));
                                     ^
In file included from C:/Users/Ricardo/Desktop/ISEP/XMC_Relax_Kit_Projects/NewHaven_Display/NewHaven_Display/Dave/Generated/DAVE.h:58:0,
                 from ../display_functions.h:4,
                 from ../display_functions.c:1:
C:/Users/Ricardo/Desktop/ISEP/XMC_Relax_Kit_Projects/NewHaven_Display/NewHaven_Display/Dave/Generated/SPI_MASTER/spi_master.h:610:21: note: expected 'uint8_t *' but argument is of type 'uint8_t'
 SPI_MASTER_STATUS_t SPI_MASTER_Transmit(const SPI_MASTER_t *const handle, uint8_t* dataptr, uint32_t count);
                     ^
../display_functions.c: In function 'OLED_SerialPixelData_160128RGB':
../display_functions.c:191:37: warning: passing argument 2 of 'SPI_MASTER_Transmit' makes pointer from integer without a cast
  SPI_MASTER_Transmit(&SPI_MASTER_0, d, sizeof(d));
                                     ^
In file included from C:/Users/Ricardo/Desktop/ISEP/XMC_Relax_Kit_Projects/NewHaven_Display/NewHaven_Display/Dave/Generated/DAVE.h:58:0,
                 from ../display_functions.h:4,
                 from ../display_functions.c:1:
C:/Users/Ricardo/Desktop/ISEP/XMC_Relax_Kit_Projects/NewHaven_Display/NewHaven_Display/Dave/Generated/SPI_MASTER/spi_master.h:610:21: note: expected 'uint8_t *' but argument is of type 'unsigned char'
 SPI_MASTER_STATUS_t SPI_MASTER_Transmit(const SPI_MASTER_t *const handle, uint8_t* dataptr, uint32_t count);
                     ^
'Building target: NewHaven_Display.elf'
'Invoking: ARM-GCC C Linker'
"C:/Users/Ricardo/Downloads/DAVE_4-4-2_64bit_2018-02-23/DAVE-IDE-4.4.2-64Bit/eclipse/ARM-GCC-49/bin/arm-none-eabi-gcc" -T"../linker_script.ld" -nostartfiles -Xlinker --gc-sections -specs=nano.specs -specs=nosys.specs -Wl,-Map,"NewHaven_Display.map" -mfloat-abi=softfp -mfpu=fpv4-sp-d16 -mcpu=cortex-m4 -mthumb -g -gdwarf-2 -o "NewHaven_Display.elf" "@objects.rsp"  -lm
'Finished building target: NewHaven_Display.elf'

'Invoking: ARM-GCC Create Flash Image'
"C:/Users/Ricardo/Downloads/DAVE_4-4-2_64bit_2018-02-23/DAVE-IDE-4.4.2-64Bit/eclipse/ARM-GCC-49/bin/arm-none-eabi-objcopy" -O ihex "NewHaven_Display.elf" "NewHaven_Display.hex"
'Finished building: NewHaven_Display.hex'

'Invoking: ARM-GCC Print Size'
"C:/Users/Ricardo/Downloads/DAVE_4-4-2_64bit_2018-02-23/DAVE-IDE-4.4.2-64Bit/eclipse/ARM-GCC-49/bin/arm-none-eabi-size" --format=berkeley "NewHaven_Display.elf"
   text	   data	    bss	    dec	    hex	filename
  10428	    568	   2092	  13088	   3320	NewHaven_Display.elf
'Finished building: NewHaven_Display.siz'

'Invoking: ARM-GCC Create Listing'
"C:/Users/Ricardo/Downloads/DAVE_4-4-2_64bit_2018-02-23/DAVE-IDE-4.4.2-64Bit/eclipse/ARM-GCC-49/bin/arm-none-eabi-objdump" -h -S "NewHaven_Display.elf" > "NewHaven_Display.lst"
'Finished building: NewHaven_Display.lst'

23:19:28 **** Incremental Build of configuration Debug for project NewHaven_Display ****
"\"C:\\Users\\Ricardo\\Downloads\\DAVE_4-4-2_64bit_2018-02-23\\DAVE-IDE-4.4.2-64Bit\\eclipse\\ARM-GCC-49\\bin\\make\"" --output-sync -j8 all 
'Invoking: ARM-GCC Print Size'
"C:/Users/Ricardo/Downloads/DAVE_4-4-2_64bit_2018-02-23/DAVE-IDE-4.4.2-64Bit/eclipse/ARM-GCC-49/bin/arm-none-eabi-size" --format=berkeley "NewHaven_Display.elf"
   text	   data	    bss	    dec	    hex	filename
  10428	    568	   2092	  13088	   3320	NewHaven_Display.elf
'Finished building: NewHaven_Display.siz'

23:21:38 **** Incremental Build of configuration Debug for project NewHaven_Display ****
"\"C:\\Users\\Ricardo\\Downloads\\DAVE_4-4-2_64bit_2018-02-23\\DAVE-IDE-4.4.2-64Bit\\eclipse\\ARM-GCC-49\\bin\\make\"" --output-sync -j8 all 
'Building file: ../display_functions.c'
../display_functions.c: In function 'OLED_Command_160128RGB':
'Invoking: ARM-GCC C Compiler'
../display_functions.c:111:37: warning: passing argument 2 of 'SPI_MASTER_Transmit' makes pointer from integer without a cast
"C:/Users/Ricardo/Downloads/DAVE_4-4-2_64bit_2018-02-23/DAVE-IDE-4.4.2-64Bit/eclipse/ARM-GCC-49/bin/arm-none-eabi-gcc" -MMD -MT "display_functions.o" -DXMC4700_F144x2048 -I"C:/Users/Ricardo/Desktop/ISEP/XMC_Relax_Kit_Projects/NewHaven_Display/NewHaven_Display/Libraries/XMCLib/inc" -I"C:/Users/Ricardo/Desktop/ISEP/XMC_Relax_Kit_Projects/NewHaven_Display/NewHaven_Display/Libraries/CMSIS/Include" -I"C:/Users/Ricardo/Desktop/ISEP/XMC_Relax_Kit_Projects/NewHaven_Display/NewHaven_Display/Libraries/CMSIS/Infineon/XMC4700_series/Include" -I"C:/Users/Ricardo/Desktop/ISEP/XMC_Relax_Kit_Projects/NewHaven_Display/NewHaven_Display" -I"C:/Users/Ricardo/Desktop/ISEP/XMC_Relax_Kit_Projects/NewHaven_Display/NewHaven_Display/Dave/Generated" -I"C:/Users/Ricardo/Desktop/ISEP/XMC_Relax_Kit_Projects/NewHaven_Display/NewHaven_Display/Libraries" -O0 -ffunction-sections -fdata-sections -Wall -std=gnu99 -mfloat-abi=softfp -Wa,-adhlns="display_functions.o.lst" -pipe -c -fmessage-length=0 -MMD -MP -MF"display_functions.d" -MT"display_functions.d display_functions.o" -mcpu=cortex-m4 -mfpu=fpv4-sp-d16 -mthumb -g -gdwarf-2 -o "display_functions.o" "../display_functions.c" 
  SPI_MASTER_Transmit(&SPI_MASTER_0, command, sizeof(command));
                                     ^
'Finished building: ../display_functions.c'

In file included from C:/Users/Ricardo/Desktop/ISEP/XMC_Relax_Kit_Projects/NewHaven_Display/NewHaven_Display/Dave/Generated/DAVE.h:58:0,
                 from ../display_functions.h:4,
                 from ../display_functions.c:1:
C:/Users/Ricardo/Desktop/ISEP/XMC_Relax_Kit_Projects/NewHaven_Display/NewHaven_Display/Dave/Generated/SPI_MASTER/spi_master.h:610:21: note: expected 'uint8_t *' but argument is of type 'uint8_t'
 SPI_MASTER_STATUS_t SPI_MASTER_Transmit(const SPI_MASTER_t *const handle, uint8_t* dataptr, uint32_t count);
                     ^
../display_functions.c: In function 'OLED_Data_160128RGB':
../display_functions.c:116:37: warning: passing argument 2 of 'SPI_MASTER_Transmit' makes pointer from integer without a cast
  SPI_MASTER_Transmit(&SPI_MASTER_0, data, sizeof(data));
                                     ^
In file included from C:/Users/Ricardo/Desktop/ISEP/XMC_Relax_Kit_Projects/NewHaven_Display/NewHaven_Display/Dave/Generated/DAVE.h:58:0,
                 from ../display_functions.h:4,
                 from ../display_functions.c:1:
C:/Users/Ricardo/Desktop/ISEP/XMC_Relax_Kit_Projects/NewHaven_Display/NewHaven_Display/Dave/Generated/SPI_MASTER/spi_master.h:610:21: note: expected 'uint8_t *' but argument is of type 'uint8_t'
 SPI_MASTER_STATUS_t SPI_MASTER_Transmit(const SPI_MASTER_t *const handle, uint8_t* dataptr, uint32_t count);
                     ^
../display_functions.c: In function 'OLED_SerialPixelData_160128RGB':
../display_functions.c:192:37: warning: passing argument 2 of 'SPI_MASTER_Transmit' makes pointer from integer without a cast
  SPI_MASTER_Transmit(&SPI_MASTER_0, d, sizeof(d));
                                     ^
In file included from C:/Users/Ricardo/Desktop/ISEP/XMC_Relax_Kit_Projects/NewHaven_Display/NewHaven_Display/Dave/Generated/DAVE.h:58:0,
                 from ../display_functions.h:4,
                 from ../display_functions.c:1:
C:/Users/Ricardo/Desktop/ISEP/XMC_Relax_Kit_Projects/NewHaven_Display/NewHaven_Display/Dave/Generated/SPI_MASTER/spi_master.h:610:21: note: expected 'uint8_t *' but argument is of type 'unsigned char'
 SPI_MASTER_STATUS_t SPI_MASTER_Transmit(const SPI_MASTER_t *const handle, uint8_t* dataptr, uint32_t count);
                     ^
'Building target: NewHaven_Display.elf'
'Invoking: ARM-GCC C Linker'
"C:/Users/Ricardo/Downloads/DAVE_4-4-2_64bit_2018-02-23/DAVE-IDE-4.4.2-64Bit/eclipse/ARM-GCC-49/bin/arm-none-eabi-gcc" -T"../linker_script.ld" -nostartfiles -Xlinker --gc-sections -specs=nano.specs -specs=nosys.specs -Wl,-Map,"NewHaven_Display.map" -mfloat-abi=softfp -mfpu=fpv4-sp-d16 -mcpu=cortex-m4 -mthumb -g -gdwarf-2 -o "NewHaven_Display.elf" "@objects.rsp"  -lm
'Finished building target: NewHaven_Display.elf'

'Invoking: ARM-GCC Create Flash Image'
"C:/Users/Ricardo/Downloads/DAVE_4-4-2_64bit_2018-02-23/DAVE-IDE-4.4.2-64Bit/eclipse/ARM-GCC-49/bin/arm-none-eabi-objcopy" -O ihex "NewHaven_Display.elf" "NewHaven_Display.hex"
'Finished building: NewHaven_Display.hex'

'Invoking: ARM-GCC Print Size'
"C:/Users/Ricardo/Downloads/DAVE_4-4-2_64bit_2018-02-23/DAVE-IDE-4.4.2-64Bit/eclipse/ARM-GCC-49/bin/arm-none-eabi-size" --format=berkeley "NewHaven_Display.elf"
   text	   data	    bss	    dec	    hex	filename
  10440	    568	   2092	  13100	   332c	NewHaven_Display.elf
'Finished building: NewHaven_Display.siz'

'Invoking: ARM-GCC Create Listing'
"C:/Users/Ricardo/Downloads/DAVE_4-4-2_64bit_2018-02-23/DAVE-IDE-4.4.2-64Bit/eclipse/ARM-GCC-49/bin/arm-none-eabi-objdump" -h -S "NewHaven_Display.elf" > "NewHaven_Display.lst"
'Finished building: NewHaven_Display.lst'

23:21:48 **** Build of configuration Debug for project NewHaven_Display ****
"\"C:\\Users\\Ricardo\\Downloads\\DAVE_4-4-2_64bit_2018-02-23\\DAVE-IDE-4.4.2-64Bit\\eclipse\\ARM-GCC-49\\bin\\make\"" --output-sync -j8 all 
'Invoking: ARM-GCC Print Size'
"C:/Users/Ricardo/Downloads/DAVE_4-4-2_64bit_2018-02-23/DAVE-IDE-4.4.2-64Bit/eclipse/ARM-GCC-49/bin/arm-none-eabi-size" --format=berkeley "NewHaven_Display.elf"
   text	   data	    bss	    dec	    hex	filename
  10440	    568	   2092	  13100	   332c	NewHaven_Display.elf
'Finished building: NewHaven_Display.siz'

23:33:03 **** Incremental Build of configuration Debug for project NewHaven_Display ****
"\"C:\\Users\\Ricardo\\Downloads\\DAVE_4-4-2_64bit_2018-02-23\\DAVE-IDE-4.4.2-64Bit\\eclipse\\ARM-GCC-49\\bin\\make\"" --output-sync -j8 all 
'Invoking: ARM-GCC Print Size'
"C:/Users/Ricardo/Downloads/DAVE_4-4-2_64bit_2018-02-23/DAVE-IDE-4.4.2-64Bit/eclipse/ARM-GCC-49/bin/arm-none-eabi-size" --format=berkeley "NewHaven_Display.elf"
   text	   data	    bss	    dec	    hex	filename
  10440	    568	   2092	  13100	   332c	NewHaven_Display.elf
'Finished building: NewHaven_Display.siz'

21:30:17 **** Incremental Build of configuration Debug for project NewHaven_Display ****
"\"C:\\Users\\Ricardo\\Downloads\\DAVE_4-4-2_64bit_2018-02-23\\DAVE-IDE-4.4.2-64Bit\\eclipse\\ARM-GCC-49\\bin\\make\"" --output-sync -j8 all 
'Invoking: ARM-GCC Print Size'
"C:/Users/Ricardo/Downloads/DAVE_4-4-2_64bit_2018-02-23/DAVE-IDE-4.4.2-64Bit/eclipse/ARM-GCC-49/bin/arm-none-eabi-size" --format=berkeley "NewHaven_Display.elf"
   text	   data	    bss	    dec	    hex	filename
  10440	    568	   2092	  13100	   332c	NewHaven_Display.elf
'Finished building: NewHaven_Display.siz'

