01:01:00 **** Incremental Build of configuration Debug for project NewHavenDisplay ****
"\"C:\\DAVE_4-4-2_64bit_2018-02-23\\DAVE_4-4-2_64bit_2018-02-23\\DAVE-IDE-4.4.2-64Bit\\eclipse\\ARM-GCC-49\\bin\\make\"" --output-sync -j8 all 
'Building file: ../main.c'
'Invoking: ARM-GCC C Compiler'
"C:/DAVE_4-4-2_64bit_2018-02-23/DAVE_4-4-2_64bit_2018-02-23/DAVE-IDE-4.4.2-64Bit/eclipse/ARM-GCC-49/bin/arm-none-eabi-gcc" -MMD -MT "main.o" -DXMC4200_F64x256 -I"C:/Users/RGoncalves/Documents/GitHub/uControllers/XMC_Relax_Kit_Projects/APPs_Implementation_Examples/xmc4200_platform2go/NewHavenDisplay/Libraries/XMCLib/inc" -I"C:/DAVE_4-4-2_64bit_2018-02-23/DAVE_4-4-2_64bit_2018-02-23/DAVE-IDE-4.4.2-64Bit/eclipse//emWin/Start/GUI/inc" -I"C:/Users/RGoncalves/Documents/GitHub/uControllers/XMC_Relax_Kit_Projects/APPs_Implementation_Examples/xmc4200_platform2go/NewHavenDisplay/Libraries/CMSIS/Include" -I"C:/Users/RGoncalves/Documents/GitHub/uControllers/XMC_Relax_Kit_Projects/APPs_Implementation_Examples/xmc4200_platform2go/NewHavenDisplay/Libraries/CMSIS/Infineon/XMC4200_series/Include" -I"C:/Users/RGoncalves/Documents/GitHub/uControllers/XMC_Relax_Kit_Projects/APPs_Implementation_Examples/xmc4200_platform2go/NewHavenDisplay" -I"C:/Users/RGoncalves/Documents/GitHub/uControllers/XMC_Relax_Kit_Projects/APPs_Implementation_Examples/xmc4200_platform2go/NewHavenDisplay/Dave/Generated" -I"C:/Users/RGoncalves/Documents/GitHub/uControllers/XMC_Relax_Kit_Projects/APPs_Implementation_Examples/xmc4200_platform2go/NewHavenDisplay/Dave/Generated/GUI_SEGGERLIBRARY/Config" -I"C:/Users/RGoncalves/Documents/GitHub/uControllers/XMC_Relax_Kit_Projects/APPs_Implementation_Examples/xmc4200_platform2go/NewHavenDisplay/Libraries" -O0 -ffunction-sections -fdata-sections -Wall -std=gnu99 -mfloat-abi=softfp -Wa,-adhlns="main.o.lst" -pipe -c -fmessage-length=0 -MMD -MP -MF"main.d" -MT"main.d main.o" -mcpu=cortex-m4 -mfpu=fpv4-sp-d16 -mthumb -g -gdwarf-2 -o "main.o" "../main.c" 
'Finished building: ../main.c'

'Building target: NewHavenDisplay.elf'
'Invoking: ARM-GCC C Linker'
"C:/DAVE_4-4-2_64bit_2018-02-23/DAVE_4-4-2_64bit_2018-02-23/DAVE-IDE-4.4.2-64Bit/eclipse/ARM-GCC-49/bin/arm-none-eabi-gcc" -T"../linker_script.ld" -nostartfiles -Xlinker --gc-sections -specs=nano.specs -specs=nosys.specs -L"C:\DAVE_4-4-2_64bit_2018-02-23\DAVE_4-4-2_64bit_2018-02-23\DAVE-IDE-4.4.2-64Bit\eclipse\/emWin/Start/GUI" -L../libm -Wl,-Map,"NewHavenDisplay.map" -mfloat-abi=softfp -mfpu=fpv4-sp-d16 -mcpu=cortex-m4 -mthumb -g -gdwarf-2 -o "NewHavenDisplay.elf" "@objects.rsp"  -lm -lGUI_basic_xmc4
'Finished building target: NewHavenDisplay.elf'

'Invoking: ARM-GCC Create Flash Image'
"C:/DAVE_4-4-2_64bit_2018-02-23/DAVE_4-4-2_64bit_2018-02-23/DAVE-IDE-4.4.2-64Bit/eclipse/ARM-GCC-49/bin/arm-none-eabi-objcopy" -O ihex "NewHavenDisplay.elf" "NewHavenDisplay.hex"
'Finished building: NewHavenDisplay.hex'

'Invoking: ARM-GCC Print Size'
"C:/DAVE_4-4-2_64bit_2018-02-23/DAVE_4-4-2_64bit_2018-02-23/DAVE-IDE-4.4.2-64Bit/eclipse/ARM-GCC-49/bin/arm-none-eabi-size" --format=berkeley "NewHavenDisplay.elf"
   text	   data	    bss	    dec	    hex	filename
  58636	    188	   6948	  65772	  100ec	NewHavenDisplay.elf
'Finished building: NewHavenDisplay.siz'

'Invoking: ARM-GCC Create Listing'
"C:/DAVE_4-4-2_64bit_2018-02-23/DAVE_4-4-2_64bit_2018-02-23/DAVE-IDE-4.4.2-64Bit/eclipse/ARM-GCC-49/bin/arm-none-eabi-objdump" -h -S "NewHavenDisplay.elf" > "NewHavenDisplay.lst"
'Finished building: NewHavenDisplay.lst'


01:01:03 Build Finished (took 2s.8ms)

