Archive member included because of file (symbol)

c:/dave_4-4-2_64bit_2018-02-23/dave_4-4-2_64bit_2018-02-23/dave-ide-4.4.2-64bit/eclipse/arm-gcc-49/bin/../lib/gcc/arm-none-eabi/4.9.3/armv7e-m/softfp\libgcc.a(_aeabi_uldivmod.o)
                              ./Dave/Generated/TIMER/timer.o (__aeabi_uldivmod)
c:/dave_4-4-2_64bit_2018-02-23/dave_4-4-2_64bit_2018-02-23/dave-ide-4.4.2-64bit/eclipse/arm-gcc-49/bin/../lib/gcc/arm-none-eabi/4.9.3/armv7e-m/softfp\libgcc.a(bpabi.o)
                              c:/dave_4-4-2_64bit_2018-02-23/dave_4-4-2_64bit_2018-02-23/dave-ide-4.4.2-64bit/eclipse/arm-gcc-49/bin/../lib/gcc/arm-none-eabi/4.9.3/armv7e-m/softfp\libgcc.a(_aeabi_uldivmod.o) (__gnu_uldivmod_helper)
c:/dave_4-4-2_64bit_2018-02-23/dave_4-4-2_64bit_2018-02-23/dave-ide-4.4.2-64bit/eclipse/arm-gcc-49/bin/../lib/gcc/arm-none-eabi/4.9.3/armv7e-m/softfp\libgcc.a(_dvmd_tls.o)
                              c:/dave_4-4-2_64bit_2018-02-23/dave_4-4-2_64bit_2018-02-23/dave-ide-4.4.2-64bit/eclipse/arm-gcc-49/bin/../lib/gcc/arm-none-eabi/4.9.3/armv7e-m/softfp\libgcc.a(_aeabi_uldivmod.o) (__aeabi_ldiv0)
c:/dave_4-4-2_64bit_2018-02-23/dave_4-4-2_64bit_2018-02-23/dave-ide-4.4.2-64bit/eclipse/arm-gcc-49/bin/../lib/gcc/arm-none-eabi/4.9.3/armv7e-m/softfp\libgcc.a(_divdi3.o)
                              c:/dave_4-4-2_64bit_2018-02-23/dave_4-4-2_64bit_2018-02-23/dave-ide-4.4.2-64bit/eclipse/arm-gcc-49/bin/../lib/gcc/arm-none-eabi/4.9.3/armv7e-m/softfp\libgcc.a(bpabi.o) (__divdi3)
c:/dave_4-4-2_64bit_2018-02-23/dave_4-4-2_64bit_2018-02-23/dave-ide-4.4.2-64bit/eclipse/arm-gcc-49/bin/../lib/gcc/arm-none-eabi/4.9.3/armv7e-m/softfp\libgcc.a(_udivdi3.o)
                              c:/dave_4-4-2_64bit_2018-02-23/dave_4-4-2_64bit_2018-02-23/dave-ide-4.4.2-64bit/eclipse/arm-gcc-49/bin/../lib/gcc/arm-none-eabi/4.9.3/armv7e-m/softfp\libgcc.a(bpabi.o) (__udivdi3)
c:/dave_4-4-2_64bit_2018-02-23/dave_4-4-2_64bit_2018-02-23/dave-ide-4.4.2-64bit/eclipse/arm-gcc-49/bin/../lib/gcc/arm-none-eabi/4.9.3/../../../../arm-none-eabi/lib/armv7e-m/softfp\libg_nano.a(lib_a-errno.o)
                              ./Libraries/Newlib/syscalls.o (__errno)
c:/dave_4-4-2_64bit_2018-02-23/dave_4-4-2_64bit_2018-02-23/dave-ide-4.4.2-64bit/eclipse/arm-gcc-49/bin/../lib/gcc/arm-none-eabi/4.9.3/../../../../arm-none-eabi/lib/armv7e-m/softfp\libg_nano.a(lib_a-impure.o)
                              c:/dave_4-4-2_64bit_2018-02-23/dave_4-4-2_64bit_2018-02-23/dave-ide-4.4.2-64bit/eclipse/arm-gcc-49/bin/../lib/gcc/arm-none-eabi/4.9.3/../../../../arm-none-eabi/lib/armv7e-m/softfp\libg_nano.a(lib_a-errno.o) (_impure_ptr)
c:/dave_4-4-2_64bit_2018-02-23/dave_4-4-2_64bit_2018-02-23/dave-ide-4.4.2-64bit/eclipse/arm-gcc-49/bin/../lib/gcc/arm-none-eabi/4.9.3/../../../../arm-none-eabi/lib/armv7e-m/softfp\libg_nano.a(lib_a-init.o)
                              ./Startup/startup_XMC4200.o (__libc_init_array)
c:/dave_4-4-2_64bit_2018-02-23/dave_4-4-2_64bit_2018-02-23/dave-ide-4.4.2-64bit/eclipse/arm-gcc-49/bin/../lib/gcc/arm-none-eabi/4.9.3/../../../../arm-none-eabi/lib/armv7e-m/softfp\libg_nano.a(lib_a-memcpy.o)
                              ./Libraries/XMCLib/src/xmc_usbd.o (memcpy)
c:/dave_4-4-2_64bit_2018-02-23/dave_4-4-2_64bit_2018-02-23/dave-ide-4.4.2-64bit/eclipse/arm-gcc-49/bin/../lib/gcc/arm-none-eabi/4.9.3/../../../../arm-none-eabi/lib/armv7e-m/softfp\libg_nano.a(lib_a-memset.o)
                              ./Libraries/XMCLib/src/xmc_usbd.o (memset)

Allocating common symbols
Common symbol       size              file

xmc_device          0x208             ./Libraries/XMCLib/src/xmc_usbd.o

Discarded input sections

 .text          0x00000000        0x0 ./Startup/startup_XMC4200.o
 .data          0x00000000        0x0 ./Startup/startup_XMC4200.o
 .bss           0x00000000        0x0 ./Startup/startup_XMC4200.o
 .text          0x00000000        0x0 ./Startup/system_XMC4200.o
 .data          0x00000000        0x0 ./Startup/system_XMC4200.o
 .bss           0x00000000        0x0 ./Startup/system_XMC4200.o
 .text.delay    0x00000000       0x28 ./Startup/system_XMC4200.o
 .text.SystemCoreSetup
                0x00000000       0x70 ./Startup/system_XMC4200.o
 .text.SystemCoreClockSetup
                0x00000000      0x1e8 ./Startup/system_XMC4200.o
 .text.OSCHP_GetFrequency
                0x00000000       0x14 ./Startup/system_XMC4200.o
 .comment       0x00000000       0x71 ./Startup/system_XMC4200.o
 .text          0x00000000        0x0 ./Libraries/XMCLib/src/xmc4_eru.o
 .data          0x00000000        0x0 ./Libraries/XMCLib/src/xmc4_eru.o
 .bss           0x00000000        0x0 ./Libraries/XMCLib/src/xmc4_eru.o
 .text.XMC_ERU_Disable
                0x00000000       0x2c ./Libraries/XMCLib/src/xmc4_eru.o
 .comment       0x00000000       0x71 ./Libraries/XMCLib/src/xmc4_eru.o
 .text          0x00000000        0x0 ./Libraries/XMCLib/src/xmc4_flash.o
 .data          0x00000000        0x0 ./Libraries/XMCLib/src/xmc4_flash.o
[...]
Memory Configuration

Name             Origin             Length             Attributes
FLASH_1_cached   0x08000000         0x00040000         xr
FLASH_1_uncached 0x0c000000         0x00040000         xr
PSRAM_1          0x1fffc000         0x00004000         !xr
DSRAM_1_system   0x20000000         0x00006000         !xr
SRAM_combined    0x1fffc000         0x0000a000         !xr
*default*        0x00000000         0xffffffff

Linker script and memory map

LOAD ./Startup/startup_XMC4200.o
LOAD ./Startup/system_XMC4200.o
LOAD ./Libraries/XMCLib/src/xmc4_eru.o
LOAD ./Libraries/XMCLib/src/xmc4_flash.o
LOAD ./Libraries/XMCLib/src/xmc4_gpio.o
LOAD ./Libraries/XMCLib/src/xmc4_rtc.o
LOAD ./Libraries/XMCLib/src/xmc4_scu.o
LOAD ./Libraries/XMCLib/src/xmc_can.o
LOAD ./Libraries/XMCLib/src/xmc_ccu4.o
LOAD ./Libraries/XMCLib/src/xmc_ccu8.o
LOAD ./Libraries/XMCLib/src/xmc_common.o
LOAD ./Libraries/XMCLib/src/xmc_dac.o
LOAD ./Libraries/XMCLib/src/xmc_dma.o
LOAD ./Libraries/XMCLib/src/xmc_dsd.o
LOAD ./Libraries/XMCLib/src/xmc_ebu.o
LOAD ./Libraries/XMCLib/src/xmc_ecat.o
LOAD ./Libraries/XMCLib/src/xmc_eru.o
LOAD ./Libraries/XMCLib/src/xmc_eth_mac.o
LOAD ./Libraries/XMCLib/src/xmc_eth_phy_dp83848.o
LOAD ./Libraries/XMCLib/src/xmc_eth_phy_ksz8031rnl.o
LOAD ./Libraries/XMCLib/src/xmc_eth_phy_ksz8081rnb.o
LOAD ./Libraries/XMCLib/src/xmc_fce.o
LOAD ./Libraries/XMCLib/src/xmc_gpio.o
LOAD ./Libraries/XMCLib/src/xmc_hrpwm.o
LOAD ./Libraries/XMCLib/src/xmc_i2c.o
LOAD ./Libraries/XMCLib/src/xmc_i2s.o
LOAD ./Libraries/XMCLib/src/xmc_ledts.o
LOAD ./Libraries/XMCLib/src/xmc_posif.o
LOAD ./Libraries/XMCLib/src/xmc_rtc.o
LOAD ./Libraries/XMCLib/src/xmc_sdmmc.o
LOAD ./Libraries/XMCLib/src/xmc_spi.o
LOAD ./Libraries/XMCLib/src/xmc_uart.o
LOAD ./Libraries/XMCLib/src/xmc_usbd.o
LOAD ./Libraries/XMCLib/src/xmc_usbh.o
LOAD ./Libraries/XMCLib/src/xmc_usic.o
LOAD ./Libraries/XMCLib/src/xmc_vadc.o
LOAD ./Libraries/XMCLib/src/xmc_wdt.o
LOAD ./Libraries/Newlib/syscalls.o
LOAD ./Dave/Generated/UART/uart.o
LOAD ./Dave/Generated/UART/uart_conf.o
LOAD ./Dave/Generated/TIMER/timer.o
LOAD ./Dave/Generated/TIMER/timer_conf.o
LOAD ./Dave/Generated/PIN_INTERRUPT/pin_interrupt.o
LOAD ./Dave/Generated/PIN_INTERRUPT/pin_interrupt_conf.o
LOAD ./Dave/Generated/INTERRUPT/interrupt.o
LOAD ./Dave/Generated/INTERRUPT/interrupt_conf.o
LOAD ./Dave/Generated/GLOBAL_CCU4/global_ccu4.o
LOAD ./Dave/Generated/GLOBAL_CCU4/global_ccu4_conf.o
LOAD ./Dave/Generated/DIGITAL_IO/digital_io.o
LOAD ./Dave/Generated/DIGITAL_IO/digital_io_conf.o
LOAD ./Dave/Generated/CPU_CTRL_XMC4/cpu_ctrl_xmc4.o
LOAD ./Dave/Generated/CPU_CTRL_XMC4/cpu_ctrl_xmc4_conf.o
LOAD ./Dave/Generated/CLOCK_XMC4/clock_xmc4.o
LOAD ./Dave/Generated/CLOCK_XMC4/clock_xmc4_conf.o
LOAD ./Dave/Generated/DAVE.o
LOAD ./main.o
LOAD c:/dave_4-4-2_64bit_2018-02-23/dave_4-4-2_64bit_2018-02-23/dave-ide-4.4.2-64bit/eclipse/arm-gcc-49/bin/../lib/gcc/arm-none-eabi/4.9.3/../../../../arm-none-eabi/lib/armv7e-m/softfp\libm.a
START GROUP
LOAD c:/dave_4-4-2_64bit_2018-02-23/dave_4-4-2_64bit_2018-02-23/dave-ide-4.4.2-64bit/eclipse/arm-gcc-49/bin/../lib/gcc/arm-none-eabi/4.9.3/armv7e-m/softfp\libgcc.a
LOAD c:/dave_4-4-2_64bit_2018-02-23/dave_4-4-2_64bit_2018-02-23/dave-ide-4.4.2-64bit/eclipse/arm-gcc-49/bin/../lib/gcc/arm-none-eabi/4.9.3/../../../../arm-none-eabi/lib/armv7e-m/softfp\libg_nano.a
LOAD c:/dave_4-4-2_64bit_2018-02-23/dave_4-4-2_64bit_2018-02-23/dave-ide-4.4.2-64bit/eclipse/arm-gcc-49/bin/../lib/gcc/arm-none-eabi/4.9.3/../../../../arm-none-eabi/lib/armv7e-m/softfp\libc_nano.a
END GROUP
START GROUP
LOAD c:/dave_4-4-2_64bit_2018-02-23/dave_4-4-2_64bit_2018-02-23/dave-ide-4.4.2-64bit/eclipse/arm-gcc-49/bin/../lib/gcc/arm-none-eabi/4.9.3/armv7e-m/softfp\libgcc.a
LOAD c:/dave_4-4-2_64bit_2018-02-23/dave_4-4-2_64bit_2018-02-23/dave-ide-4.4.2-64bit/eclipse/arm-gcc-49/bin/../lib/gcc/arm-none-eabi/4.9.3/../../../../arm-none-eabi/lib/armv7e-m/softfp\libc_nano.a
LOAD c:/dave_4-4-2_64bit_2018-02-23/dave_4-4-2_64bit_2018-02-23/dave-ide-4.4.2-64bit/eclipse/arm-gcc-49/bin/../lib/gcc/arm-none-eabi/4.9.3/../../../../arm-none-eabi/lib/armv7e-m/softfp\libnosys.a
END GROUP
START GROUP
LOAD c:/dave_4-4-2_64bit_2018-02-23/dave_4-4-2_64bit_2018-02-23/dave-ide-4.4.2-64bit/eclipse/arm-gcc-49/bin/../lib/gcc/arm-none-eabi/4.9.3/armv7e-m/softfp\libgcc.a
LOAD c:/dave_4-4-2_64bit_2018-02-23/dave_4-4-2_64bit_2018-02-23/dave-ide-4.4.2-64bit/eclipse/arm-gcc-49/bin/../lib/gcc/arm-none-eabi/4.9.3/../../../../arm-none-eabi/lib/armv7e-m/softfp\libc_nano.a
LOAD c:/dave_4-4-2_64bit_2018-02-23/dave_4-4-2_64bit_2018-02-23/dave-ide-4.4.2-64bit/eclipse/arm-gcc-49/bin/../lib/gcc/arm-none-eabi/4.9.3/../../../../arm-none-eabi/lib/armv7e-m/softfp\libnosys.a
END GROUP
                0x00000800                stack_size = DEFINED (stack_size)?stack_size:0x800
                0x00000040                no_init_size = 0x40

.text           0x08000000     0x2a90 load address 0x0c000000
                0x08000000                sText = .
 *(.reset)
 .reset         0x08000000      0x294 ./Startup/startup_XMC4200.o
                0x08000000                __Vectors
                0x08000200                Reset_Handler
                0x08000290                DebugMon_Handler
                0x08000290                VADC0_C0_0_IRQHandler
                0x08000290                CAN0_4_IRQHandler
                0x08000290                USIC0_5_IRQHandler
                0x08000290                POSIF0_0_IRQHandler
                0x08000290                HardFault_Handler
                0x08000290                VADC0_G1_1_IRQHandler
                0x08000290                SysTick_Handler
                0x08000290                PendSV_Handler
                0x08000290                NMI_Handler
                0x08000290                USIC1_3_IRQHandler
                0x08000290                CCU40_2_IRQHandler
                0x08000290                SCU_0_IRQHandler
                0x08000290                ERU0_0_IRQHandler
                0x08000290                CCU41_0_IRQHandler
                0x08000290                USIC1_5_IRQHandler
                0x08000290                CCU80_1_IRQHandler
                0x08000290                HRPWM_0_IRQHandler
                0x08000290                HRPWM_1_IRQHandler
                0x08000290                UsageFault_Handler
                0x08000290                USIC0_0_IRQHandler
                0x08000290                ERU0_2_IRQHandler
                0x08000290                ERU1_1_IRQHandler
                0x08000290                ERU0_3_IRQHandler
                0x08000290                VADC0_C0_3_IRQHandler
                0x08000290                CAN0_6_IRQHandler
                0x08000290                VADC0_G0_1_IRQHandler
                0x08000290                CCU40_0_IRQHandler
                0x08000290                CAN0_0_IRQHandler
                0x08000290                ERU1_0_IRQHandler
                0x08000290                HRPWM_3_IRQHandler
                0x08000290                Default_Handler
                0x08000290                USIC1_4_IRQHandler
                0x08000290                ERU1_3_IRQHandler
                0x08000290                POSIF0_1_IRQHandler
                0x08000290                VADC0_G0_0_IRQHandler
                0x08000290                CCU80_3_IRQHandler
                0x08000290                CCU41_3_IRQHandler
                0x08000290                CCU80_2_IRQHandler
                0x08000290                VADC0_G1_3_IRQHandler
                0x08000290                VADC0_G0_3_IRQHandler
                0x08000290                GPDMA0_0_IRQHandler
                0x08000290                PMU0_0_IRQHandler
                0x08000290                CAN0_7_IRQHandler
                0x08000290                CCU41_2_IRQHandler
                0x08000290                VADC0_C0_1_IRQHandler
                0x08000290                MemManage_Handler
                0x08000290                DAC0_0_IRQHandler
                0x08000290                SVC_Handler
                0x08000290                ERU1_2_IRQHandler
                0x08000290                VADC0_G1_2_IRQHandler
                0x08000290                CAN0_2_IRQHandler
                0x08000290                VADC0_G0_2_IRQHandler
                0x08000290                CAN0_3_IRQHandler
                0x08000290                USIC0_3_IRQHandler
                0x08000290                HRPWM_2_IRQHandler
                0x08000290                VADC0_C0_2_IRQHandler
                0x08000290                FCE0_0_IRQHandler
                0x08000290                VADC0_G1_0_IRQHandler
                0x08000290                USB0_0_IRQHandler
                0x08000290                CAN0_5_IRQHandler
                0x08000290                CCU80_0_IRQHandler
                0x08000290                CCU40_1_IRQHandler
                0x08000290                USIC0_1_IRQHandler
                0x08000290                CCU40_3_IRQHandler
                0x08000290                BusFault_Handler
                0x08000290                LEDTS0_0_IRQHandler
                0x08000290                USIC0_4_IRQHandler
                0x08000290                ERU0_1_IRQHandler
                0x08000290                USIC1_2_IRQHandler
                0x08000290                CAN0_1_IRQHandler
                0x08000290                USIC0_2_IRQHandler
                0x08000290                DAC0_1_IRQHandler
 *(.text .text.* .gnu.linkonce.t.*)
 .text.SystemInit
                0x08000294       0x34 ./Startup/system_XMC4200.o
                0x08000294                SystemInit
 .text.SystemCoreClockUpdate
                0x080002c8       0xd4 ./Startup/system_XMC4200.o
                0x080002c8                SystemCoreClockUpdate
 .text.XMC_ERU_Enable
                0x0800039c       0x2c ./Libraries/XMCLib/src/xmc4_eru.o
                0x0800039c                XMC_ERU_Enable
 .text.XMC_GPIO_Init
                0x080003c8      0x140 ./Libraries/XMCLib/src/xmc4_gpio.o
                0x080003c8                XMC_GPIO_Init
 .text.XMC_SCU_CLOCK_GetCpuClockFrequency
                0x08000508       0x18 ./Libraries/XMCLib/src/xmc4_scu.o
 .text.XMC_SCU_GetMirrorStatus
                0x08000520       0x18 ./Libraries/XMCLib/src/xmc4_scu.o
 .text.XMC_SCU_lDelay
                0x08000538       0x44 ./Libraries/XMCLib/src/xmc4_scu.o
 .text.XMC_SCU_INTERUPT_GetEventStatus
                0x0800057c       0x18 ./Libraries/XMCLib/src/xmc4_scu.o
                0x0800057c                XMC_SCU_INTERUPT_GetEventStatus
 .text.XMC_SCU_INTERRUPT_ClearEventStatus
                0x08000594       0x1c ./Libraries/XMCLib/src/xmc4_scu.o
                0x08000594                XMC_SCU_INTERRUPT_ClearEventStatus
 .text.XMC_SCU_CLOCK_Init
                0x080005b0       0xf8 ./Libraries/XMCLib/src/xmc4_scu.o
                0x080005b0                XMC_SCU_CLOCK_Init
 .text.XMC_SCU_RESET_DeassertPeripheralReset
                0x080006a8       0x38 ./Libraries/XMCLib/src/xmc4_scu.o
                0x080006a8                XMC_SCU_RESET_DeassertPeripheralReset
 .text.XMC_SCU_RESET_IsPeripheralResetAsserted
                0x080006e0       0x48 ./Libraries/XMCLib/src/xmc4_scu.o
                0x080006e0                XMC_SCU_RESET_IsPeripheralResetAsserted
 .text.XMC_SCU_CLOCK_GetPeripheralClockFrequency
                0x08000728       0x20 ./Libraries/XMCLib/src/xmc4_scu.o
                0x08000728                XMC_SCU_CLOCK_GetPeripheralClockFrequency
 .text.XMC_SCU_CLOCK_SetSystemClockSource
                0x08000748       0x28 ./Libraries/XMCLib/src/xmc4_scu.o
                0x08000748                XMC_SCU_CLOCK_SetSystemClockSource
 .text.XMC_SCU_CLOCK_SetUsbClockSource
                0x08000770       0x28 ./Libraries/XMCLib/src/xmc4_scu.o
                0x08000770                XMC_SCU_CLOCK_SetUsbClockSource
 .text.XMC_SCU_CLOCK_SetWdtClockSource
                0x08000798       0x28 ./Libraries/XMCLib/src/xmc4_scu.o
                0x08000798                XMC_SCU_CLOCK_SetWdtClockSource
 .text.XMC_SCU_CLOCK_SetSystemPllClockSource
                0x080007c0       0x40 ./Libraries/XMCLib/src/xmc4_scu.o
                0x080007c0                XMC_SCU_CLOCK_SetSystemPllClockSource
 .text.XMC_SCU_HIB_SetRtcClockSource
                0x08000800       0x3c ./Libraries/XMCLib/src/xmc4_scu.o
                0x08000800                XMC_SCU_HIB_SetRtcClockSource
 .text.XMC_SCU_HIB_SetStandbyClockSource
                0x0800083c       0x3c ./Libraries/XMCLib/src/xmc4_scu.o
                0x0800083c                XMC_SCU_HIB_SetStandbyClockSource
 .text.XMC_SCU_CLOCK_SetSystemClockDivider
                0x08000878       0x28 ./Libraries/XMCLib/src/xmc4_scu.o
                0x08000878                XMC_SCU_CLOCK_SetSystemClockDivider
 .text.XMC_SCU_CLOCK_SetCcuClockDivider
                0x080008a0       0x28 ./Libraries/XMCLib/src/xmc4_scu.o
                0x080008a0                XMC_SCU_CLOCK_SetCcuClockDivider
 .text.XMC_SCU_CLOCK_SetCpuClockDivider
                0x080008c8       0x28 ./Libraries/XMCLib/src/xmc4_scu.o
                0x080008c8                XMC_SCU_CLOCK_SetCpuClockDivider
 .text.XMC_SCU_CLOCK_SetPeripheralClockDivider
                0x080008f0       0x28 ./Libraries/XMCLib/src/xmc4_scu.o
                0x080008f0                XMC_SCU_CLOCK_SetPeripheralClockDivider
 .text.XMC_SCU_CLOCK_SetUsbClockDivider
                0x08000918       0x28 ./Libraries/XMCLib/src/xmc4_scu.o
                0x08000918                XMC_SCU_CLOCK_SetUsbClockDivider
 .text.XMC_SCU_CLOCK_SetWdtClockDivider
                0x08000940       0x28 ./Libraries/XMCLib/src/xmc4_scu.o
                0x08000940                XMC_SCU_CLOCK_SetWdtClockDivider
 .text.XMC_SCU_CLOCK_EnableClock
                0x08000968       0x20 ./Libraries/XMCLib/src/xmc4_scu.o
                0x08000968                XMC_SCU_CLOCK_EnableClock
 .text.XMC_SCU_CLOCK_UngatePeripheralClock
                0x08000988       0x38 ./Libraries/XMCLib/src/xmc4_scu.o
                0x08000988                XMC_SCU_CLOCK_UngatePeripheralClock
 .text.XMC_SCU_CLOCK_IsPeripheralClockGated
                0x080009c0       0x48 ./Libraries/XMCLib/src/xmc4_scu.o
                0x080009c0                XMC_SCU_CLOCK_IsPeripheralClockGated
 .text.XMC_SCU_CLOCK_EnableUsbPll
                0x08000a08       0x20 ./Libraries/XMCLib/src/xmc4_scu.o
                0x08000a08                XMC_SCU_CLOCK_EnableUsbPll
 .text.XMC_SCU_CLOCK_StartUsbPll
                0x08000a28       0xb4 ./Libraries/XMCLib/src/xmc4_scu.o
                0x08000a28                XMC_SCU_CLOCK_StartUsbPll
 .text.XMC_SCU_CLOCK_SetBackupClockCalibrationMode
                0x08000adc       0x4c ./Libraries/XMCLib/src/xmc4_scu.o
                0x08000adc                XMC_SCU_CLOCK_SetBackupClockCalibrationMode
 .text.XMC_SCU_HIB_EnableHibernateDomain
                0x08000b28       0x58 ./Libraries/XMCLib/src/xmc4_scu.o
                0x08000b28                XMC_SCU_HIB_EnableHibernateDomain
 .text.XMC_SCU_CLOCK_IsLowPowerOscillatorStable
                0x08000b80       0x24 ./Libraries/XMCLib/src/xmc4_scu.o
                0x08000b80                XMC_SCU_CLOCK_IsLowPowerOscillatorStable
 .text.XMC_SCU_CLOCK_EnableLowPowerOscillator
                0x08000ba4       0x70 ./Libraries/XMCLib/src/xmc4_scu.o
                0x08000ba4                XMC_SCU_CLOCK_EnableLowPowerOscillator
 .text.XMC_SCU_CLOCK_EnableHighPerformanceOscillator
                0x08000c14       0x50 ./Libraries/XMCLib/src/xmc4_scu.o
                0x08000c14                XMC_SCU_CLOCK_EnableHighPerformanceOscillator
 .text.XMC_SCU_CLOCK_IsHighPerformanceOscillatorStable
                0x08000c64       0x28 ./Libraries/XMCLib/src/xmc4_scu.o
                0x08000c64                XMC_SCU_CLOCK_IsHighPerformanceOscillatorStable
 .text.XMC_SCU_CLOCK_EnableSystemPll
                0x08000c8c       0x20 ./Libraries/XMCLib/src/xmc4_scu.o
                0x08000c8c                XMC_SCU_CLOCK_EnableSystemPll
 .text.XMC_SCU_CLOCK_DisableSystemPll
                0x08000cac       0x20 ./Libraries/XMCLib/src/xmc4_scu.o
                0x08000cac                XMC_SCU_CLOCK_DisableSystemPll
 .text.XMC_SCU_CLOCK_StartSystemPll
                0x08000ccc      0x19c ./Libraries/XMCLib/src/xmc4_scu.o
                0x08000ccc                XMC_SCU_CLOCK_StartSystemPll
 .text.XMC_SCU_CLOCK_StepSystemPllFrequency
                0x08000e68       0x3c ./Libraries/XMCLib/src/xmc4_scu.o
                0x08000e68                XMC_SCU_CLOCK_StepSystemPllFrequency
 .text.XMC_CCU4_StartPrescaler
                0x08000ea4       0x1c ./Libraries/XMCLib/src/xmc_ccu4.o
 .text.XMC_CCU4_lDeassertReset
                0x08000ec0       0x34 ./Libraries/XMCLib/src/xmc_ccu4.o
 .text.XMC_CCU4_lUngateClock
                0x08000ef4       0x34 ./Libraries/XMCLib/src/xmc_ccu4.o
 .text.XMC_CCU4_EnableModule
                0x08000f28       0x20 ./Libraries/XMCLib/src/xmc_ccu4.o
                0x08000f28                XMC_CCU4_EnableModule
 .text.XMC_CCU4_Init
                0x08000f48       0x3c ./Libraries/XMCLib/src/xmc_ccu4.o
                0x08000f48                XMC_CCU4_Init
 .text.XMC_CCU4_SLICE_CompareInit
                0x08000f84       0x6c ./Libraries/XMCLib/src/xmc_ccu4.o
                0x08000f84                XMC_CCU4_SLICE_CompareInit
 .text.XMC_CCU4_SLICE_SetInterruptNode
                0x08000ff0       0xc8 ./Libraries/XMCLib/src/xmc_ccu4.o
                0x08000ff0                XMC_CCU4_SLICE_SetInterruptNode
 .text.XMC_ERU_ETL_Init
                0x080010b8       0x4c ./Libraries/XMCLib/src/xmc_eru.o
                0x080010b8                XMC_ERU_ETL_Init
 .text.XMC_ERU_OGU_SetServiceRequestMode
                0x08001104       0x3c ./Libraries/XMCLib/src/xmc_eru.o
                0x08001104                XMC_ERU_OGU_SetServiceRequestMode
 .text.XMC_GPIO_SetHardwareControl
                0x08001140       0x44 ./Libraries/XMCLib/src/xmc_gpio.o
                0x08001140                XMC_GPIO_SetHardwareControl
 .text.XMC_USIC_CH_GetTransmitBufferStatus
                0x08001184       0x20 ./Libraries/XMCLib/src/xmc_uart.o
 .text.XMC_UART_CH_ClearStatusFlag
                0x080011a4       0x1c ./Libraries/XMCLib/src/xmc_uart.o
 .text.XMC_UART_CH_InitEx
                0x080011c0       0xd4 ./Libraries/XMCLib/src/xmc_uart.o
                0x080011c0                XMC_UART_CH_InitEx
 .text.XMC_UART_CH_Transmit
                0x08001294       0x4c ./Libraries/XMCLib/src/xmc_uart.o
                0x08001294                XMC_UART_CH_Transmit
 .text.XMC_UART_CH_GetReceivedData
                0x080012e0       0x34 ./Libraries/XMCLib/src/xmc_uart.o
                0x080012e0                XMC_UART_CH_GetReceivedData
 .text.XMC_USIC_CH_Enable
                0x08001314       0x74 ./Libraries/XMCLib/src/xmc_usic.o
                0x08001314                XMC_USIC_CH_Enable
 .text.XMC_USIC_CH_SetBaudrate
                0x08001388       0xe4 ./Libraries/XMCLib/src/xmc_usic.o
                0x08001388                XMC_USIC_CH_SetBaudrate
 .text.XMC_USIC_CH_SetBaudrateEx
                0x0800146c      0x100 ./Libraries/XMCLib/src/xmc_usic.o
                0x0800146c                XMC_USIC_CH_SetBaudrateEx
 .text.XMC_USIC_CH_TXFIFO_Configure
                0x0800156c       0x50 ./Libraries/XMCLib/src/xmc_usic.o
                0x0800156c                XMC_USIC_CH_TXFIFO_Configure
 .text.XMC_USIC_CH_RXFIFO_Configure
                0x080015bc       0x54 ./Libraries/XMCLib/src/xmc_usic.o
                0x080015bc                XMC_USIC_CH_RXFIFO_Configure
 .text.XMC_USIC_CH_RXFIFO_SetSizeTriggerLimit
                0x08001610       0x30 ./Libraries/XMCLib/src/xmc_usic.o
                0x08001610                XMC_USIC_CH_RXFIFO_SetSizeTriggerLimit
 .text.XMC_USIC_CH_SetInterruptNodePointer
                0x08001640       0x38 ./Libraries/XMCLib/src/xmc_usic.o
                0x08001640                XMC_USIC_CH_SetInterruptNodePointer
 .text.XMC_USIC_CH_TXFIFO_SetInterruptNodePointer
                0x08001678       0x3c ./Libraries/XMCLib/src/xmc_usic.o
                0x08001678                XMC_USIC_CH_TXFIFO_SetInterruptNodePointer
 .text.XMC_USIC_CH_RXFIFO_SetInterruptNodePointer
                0x080016b4       0x3c ./Libraries/XMCLib/src/xmc_usic.o
                0x080016b4                XMC_USIC_CH_RXFIFO_SetInterruptNodePointer
 .text.XMC_USIC_Enable
                0x080016f0       0x84 ./Libraries/XMCLib/src/xmc_usic.o
                0x080016f0                XMC_USIC_Enable
 .text._init    0x08001774        0xc ./Libraries/Newlib/syscalls.o
                0x08001774                _init
 .text.XMC_USIC_CH_EnableEvent
                0x08001780       0x20 ./Dave/Generated/UART/uart.o
 .text.XMC_USIC_CH_DisableEvent
                0x080017a0       0x24 ./Dave/Generated/UART/uart.o
 .text.XMC_USIC_CH_GetTransmitBufferStatus
                0x080017c4       0x20 ./Dave/Generated/UART/uart.o
 .text.XMC_USIC_CH_TriggerServiceRequest
                0x080017e4       0x20 ./Dave/Generated/UART/uart.o
 .text.XMC_USIC_CH_TXFIFO_EnableEvent
                0x08001804       0x24 ./Dave/Generated/UART/uart.o
 .text.XMC_USIC_CH_TXFIFO_DisableEvent
                0x08001828       0x28 ./Dave/Generated/UART/uart.o
 .text.XMC_USIC_CH_TXFIFO_Flush
                0x08001850       0x1c ./Dave/Generated/UART/uart.o
 .text.XMC_USIC_CH_TXFIFO_IsFull
                0x0800186c       0x28 ./Dave/Generated/UART/uart.o
 .text.XMC_USIC_CH_TXFIFO_IsEmpty
                0x08001894       0x28 ./Dave/Generated/UART/uart.o
 .text.XMC_USIC_CH_RXFIFO_EnableEvent
                0x080018bc       0x24 ./Dave/Generated/UART/uart.o
 .text.XMC_USIC_CH_RXFIFO_DisableEvent
                0x080018e0       0x28 ./Dave/Generated/UART/uart.o
 .text.XMC_USIC_CH_RXFIFO_Flush
                0x08001908       0x1c ./Dave/Generated/UART/uart.o
 .text.XMC_USIC_CH_RXFIFO_IsEmpty
                0x08001924       0x28 ./Dave/Generated/UART/uart.o
 .text.UART_Init
                0x0800194c       0x24 ./Dave/Generated/UART/uart.o
                0x0800194c                UART_Init
 .text.UART_Transmit
                0x08001970       0x38 ./Dave/Generated/UART/uart.o
                0x08001970                UART_Transmit
 .text.UART_Receive
                0x080019a8       0x38 ./Dave/Generated/UART/uart.o
                0x080019a8                UART_Receive
 .text.UART_StartTransmitIRQ
                0x080019e0       0xb8 ./Dave/Generated/UART/uart.o
                0x080019e0                UART_StartTransmitIRQ
 .text.UART_StartReceiveIRQ
                0x08001a98       0xac ./Dave/Generated/UART/uart.o
                0x08001a98                UART_StartReceiveIRQ
 .text.UART_lTransmitHandler
                0x08001b44      0x10c ./Dave/Generated/UART/uart.o
                0x08001b44                UART_lTransmitHandler
 .text.UART_lReceiveHandler
                0x08001c50      0x120 ./Dave/Generated/UART/uart.o
                0x08001c50                UART_lReceiveHandler
 .text.UART_lReconfigureRxFIFO
                0x08001d70       0x50 ./Dave/Generated/UART/uart.o
 .text.__NVIC_GetPriorityGrouping
                0x08001dc0       0x1c ./Dave/Generated/UART/uart_conf.o
 .text.__NVIC_EnableIRQ
                0x08001ddc       0x38 ./Dave/Generated/UART/uart_conf.o
 .text.__NVIC_SetPriority
                0x08001e14       0x54 ./Dave/Generated/UART/uart_conf.o
 .text.NVIC_EncodePriority
                0x08001e68       0x64 ./Dave/Generated/UART/uart_conf.o
 .text.XMC_USIC_CH_SetInputSource
                0x08001ecc       0x3c ./Dave/Generated/UART/uart_conf.o
 .text.XMC_UART_CH_Init
                0x08001f08       0x1c ./Dave/Generated/UART/uart_conf.o
 .text.XMC_UART_CH_Start
                0x08001f24       0x24 ./Dave/Generated/UART/uart_conf.o
 .text.UART_0_init
                0x08001f48       0xd4 ./Dave/Generated/UART/uart_conf.o
                0x08001f48                UART_0_init
 .text.USIC1_1_IRQHandler
                0x0800201c       0x10 ./Dave/Generated/UART/uart_conf.o
                0x0800201c                USIC1_1_IRQHandler
 .text.USIC1_0_IRQHandler
                0x0800202c       0x10 ./Dave/Generated/UART/uart_conf.o
                0x0800202c                USIC1_0_IRQHandler
 .text.XMC_CCU4_EnableClock
                0x0800203c       0x20 ./Dave/Generated/TIMER/timer.o
 .text.XMC_CCU4_SLICE_StartTimer
                0x0800205c       0x18 ./Dave/Generated/TIMER/timer.o
 .text.XMC_CCU4_SLICE_ClearTimer
                0x08002074       0x18 ./Dave/Generated/TIMER/timer.o
 .text.XMC_CCU4_SLICE_SetTimerPeriodMatch
                0x0800208c       0x1c ./Dave/Generated/TIMER/timer.o
 .text.XMC_CCU4_SLICE_SetTimerCompareMatch
                0x080020a8       0x1c ./Dave/Generated/TIMER/timer.o
 .text.XMC_CCU4_EnableShadowTransfer
                0x080020c4       0x1c ./Dave/Generated/TIMER/timer.o
 .text.XMC_CCU4_SLICE_EnableEvent
                0x080020e0       0x2c ./Dave/Generated/TIMER/timer.o
 .text.TIMER_Init
                0x0800210c       0x3c ./Dave/Generated/TIMER/timer.o
                0x0800210c                TIMER_Init
 .text.TIMER_CCU4_lInit
                0x08002148       0x98 ./Dave/Generated/TIMER/timer.o
                0x08002148                TIMER_CCU4_lInit
 .text.TIMER_CCU4_lShadowTransfer
                0x080021e0       0x3c ./Dave/Generated/TIMER/timer.o
                0x080021e0                TIMER_CCU4_lShadowTransfer
 .text.__NVIC_GetPriorityGrouping
                0x0800221c       0x1c ./Dave/Generated/PIN_INTERRUPT/pin_interrupt.o
 .text.__NVIC_EnableIRQ
                0x08002238       0x38 ./Dave/Generated/PIN_INTERRUPT/pin_interrupt.o
 .text.__NVIC_ClearPendingIRQ
                0x08002270       0x3c ./Dave/Generated/PIN_INTERRUPT/pin_interrupt.o
 .text.__NVIC_SetPriority
                0x080022ac       0x54 ./Dave/Generated/PIN_INTERRUPT/pin_interrupt.o
 .text.NVIC_EncodePriority
                0x08002300       0x64 ./Dave/Generated/PIN_INTERRUPT/pin_interrupt.o
 .text.PIN_INTERRUPT_Init
                0x08002364       0xa0 ./Dave/Generated/PIN_INTERRUPT/pin_interrupt.o
                0x08002364                PIN_INTERRUPT_Init
 .text.__NVIC_GetPriorityGrouping
                0x08002404       0x1c ./Dave/Generated/INTERRUPT/interrupt.o
 .text.__NVIC_EnableIRQ
                0x08002420       0x38 ./Dave/Generated/INTERRUPT/interrupt.o
 .text.__NVIC_SetPriority
                0x08002458       0x54 ./Dave/Generated/INTERRUPT/interrupt.o
 .text.NVIC_EncodePriority
                0x080024ac       0x64 ./Dave/Generated/INTERRUPT/interrupt.o
 .text.INTERRUPT_Enable
                0x08002510       0x1c ./Dave/Generated/INTERRUPT/interrupt.o
 .text.INTERRUPT_Init
                0x0800252c       0x4c ./Dave/Generated/INTERRUPT/interrupt.o
                0x0800252c                INTERRUPT_Init
 .text.XMC_CCU4_StartPrescaler
                0x08002578       0x1c ./Dave/Generated/GLOBAL_CCU4/global_ccu4.o
 .text.GLOBAL_CCU4_Init
                0x08002594       0x40 ./Dave/Generated/GLOBAL_CCU4/global_ccu4.o
                0x08002594                GLOBAL_CCU4_Init
 .text.DIGITAL_IO_Init
                0x080025d4       0x40 ./Dave/Generated/DIGITAL_IO/digital_io.o
                0x080025d4                DIGITAL_IO_Init
 .text.__NVIC_SetPriorityGrouping
                0x08002614       0x48 ./Dave/Generated/CPU_CTRL_XMC4/cpu_ctrl_xmc4_conf.o
 .text.SystemCoreSetup
                0x0800265c       0xa0 ./Dave/Generated/CPU_CTRL_XMC4/cpu_ctrl_xmc4_conf.o
                0x0800265c                SystemCoreSetup
 .text.CLOCK_XMC4_Init
                0x080026fc       0x20 ./Dave/Generated/CLOCK_XMC4/clock_xmc4.o
                0x080026fc                CLOCK_XMC4_Init
 .text.OSCHP_GetFrequency
                0x0800271c       0x14 ./Dave/Generated/CLOCK_XMC4/clock_xmc4.o
                0x0800271c                OSCHP_GetFrequency
 .text.SystemCoreClockSetup
                0x08002730       0x50 ./Dave/Generated/CLOCK_XMC4/clock_xmc4_conf.o
                0x08002730                SystemCoreClockSetup
 .text.DAVE_Init
                0x08002780       0x9c ./Dave/Generated/DAVE.o
                0x08002780                DAVE_Init
 .text.XMC_GPIO_SetOutputHigh
                0x0800281c       0x20 ./main.o
 .text.DIGITAL_IO_SetOutputHigh
                0x0800283c       0x20 ./main.o
 .text.CCU41_1_IRQHandler
                0x0800285c       0x1c ./main.o
                0x0800285c                CCU41_1_IRQHandler
 .text.main     0x08002878       0x30 ./main.o
                0x08002878                main
 .text.UART_Rx  0x080028a8       0x5c ./main.o
                0x080028a8                UART_Rx
 .text.UART_Rx_
                0x08002904       0x3c ./main.o
                0x08002904                UART_Rx_
 .text.UART_TX  0x08002940       0x34 ./main.o
                0x08002940                UART_TX
 .text.Clear_lines
                0x08002974        0xc ./main.o
                0x08002974                Clear_lines
 .text.__libc_init_array
                0x08002980       0x4c c:/dave_4-4-2_64bit_2018-02-23/dave_4-4-2_64bit_2018-02-23/dave-ide-4.4.2-64bit/eclipse/arm-gcc-49/bin/../lib/gcc/arm-none-eabi/4.9.3/../../../../arm-none-eabi/lib/armv7e-m/softfp\libg_nano.a(lib_a-init.o)
                0x08002980                __libc_init_array
 *(.init)
 *(.fini)
 *crtbegin.o(.ctors)
 *crtbegin?.o(.ctors)
 *(EXCLUDE_FILE(*crtend.o *crtend?.o) .ctors)
 *(SORT(.ctors.*))
 *(.ctors)
 *crtbegin.o(.dtors)
 *crtbegin?.o(.dtors)
 *(EXCLUDE_FILE(*crtend.o *crtend?.o) .dtors)
 *(SORT(.dtors.*))
 *(.dtors)
 *(.rodata .rodata.*)
 .rodata.UART_0_channel_config
                0x080029cc        0xc ./Dave/Generated/UART/uart_conf.o
                0x080029cc                UART_0_channel_config
 .rodata.UART_0_tx_pin_config
                0x080029d8        0xc ./Dave/Generated/UART/uart_conf.o
                0x080029d8                UART_0_tx_pin_config
 .rodata.UART_0_tx_pin
                0x080029e4        0xc ./Dave/Generated/UART/uart_conf.o
                0x080029e4                UART_0_tx_pin
 .rodata.UART_0_config
                0x080029f0       0x30 ./Dave/Generated/UART/uart_conf.o
                0x080029f0                UART_0_config
 .rodata.UART_0_rx_pin_config
                0x08002a20        0xc ./Dave/Generated/UART/uart_conf.o
                0x08002a20                UART_0_rx_pin_config
 .rodata.PIN_INTERRUPT_0
                0x08002a2c       0x24 ./Dave/Generated/PIN_INTERRUPT/pin_interrupt_conf.o
                0x08002a2c                PIN_INTERRUPT_0
 .rodata.TIMER_INT
                0x08002a50        0x4 ./Dave/Generated/INTERRUPT/interrupt_conf.o
                0x08002a50                TIMER_INT
 .rodata.RTS    0x08002a54       0x14 ./Dave/Generated/DIGITAL_IO/digital_io_conf.o
                0x08002a54                RTS
 .rodata.CTS    0x08002a68       0x14 ./Dave/Generated/DIGITAL_IO/digital_io_conf.o
                0x08002a68                CTS
 .rodata        0x08002a7c       0x14 ./Dave/Generated/CLOCK_XMC4/clock_xmc4_conf.o
 *(.gnu.linkonce.r*)
 *(vtable)
                0x08002a90                . = ALIGN (0x4)

.glue_7         0x08002a90        0x0 load address 0x0c002a90
 .glue_7        0x00000000        0x0 linker stubs

.glue_7t        0x08002a90        0x0 load address 0x0c002a90
 .glue_7t       0x00000000        0x0 linker stubs

.vfp11_veneer   0x08002a90        0x0 load address 0x0c002a90
 .vfp11_veneer  0x00000000        0x0 linker stubs

.v4_bx          0x08002a90        0x0 load address 0x0c002a90
 .v4_bx         0x00000000        0x0 linker stubs

.iplt           0x08002a90        0x0 load address 0x0c002a90
 .iplt          0x00000000        0x0 ./Startup/startup_XMC4200.o

.rel.dyn        0x08002a90        0x0 load address 0x0c002a90
 .rel.iplt      0x00000000        0x0 ./Startup/startup_XMC4200.o

.eh_frame_hdr
 *(.eh_frame_hdr)

.eh_frame
 *(.eh_frame)

.ARM.extab
 *(.ARM.extab* .gnu.linkonce.armextab.*)
                0x08002a90                . = ALIGN (0x4)
                0x08002a90                __exidx_start = .

.ARM.exidx
 *(.ARM.exidx* .gnu.linkonce.armexidx.*)
                0x08002a90                __exidx_end = .
                0x08002a90                . = ALIGN (0x4)

Stack           0x1fffc000      0x800
                0x1fffc000                __stack_start = .
                0x1fffc800                . = (. + stack_size)
 *fill*         0x1fffc000      0x800 
                0x1fffc800                __stack_end = .
                0x1fffc800                __initial_sp = .

.ram_code       0x1fffc800        0x0 load address 0x0c002a90
                0x1fffc800                . = ALIGN (0x4)
                0x1fffc800                __ram_code_start = .
 *(.ram_code)
                0x1fffc800                . = ALIGN (0x4)
                0x1fffc800                __ram_code_end = .
                0x0c002a90                __ram_code_load = LOADADDR (.ram_code)
                0x00000000                __ram_code_size = (__ram_code_end - __ram_code_start)

.data           0x1fffc800       0x4c load address 0x0c002a90
                0x1fffc800                . = ALIGN (0x4)
                0x1fffc800                __data_start = .
 *(.data)
 *(.data*)
 .data.UART_0   0x1fffc800        0xc ./Dave/Generated/UART/uart_conf.o
                0x1fffc800                UART_0
 .data.TIMER_0_config
                0x1fffc80c        0x8 ./Dave/Generated/TIMER/timer_conf.o
                0x1fffc80c                TIMER_0_config
 .data.TIMER_0  0x1fffc814       0x28 ./Dave/Generated/TIMER/timer_conf.o
                0x1fffc814                TIMER_0
 .data.GLOBAL_CCU4_0
                0x1fffc83c       0x10 ./Dave/Generated/GLOBAL_CCU4/global_ccu4_conf.o
                0x1fffc83c                GLOBAL_CCU4_0
 *(*.data)
 *(.gnu.linkonce.d*)
                0x1fffc84c                . = ALIGN (0x4)
                0x1fffc84c                PROVIDE (__preinit_array_start, .)
 *(.preinit_array)
                0x1fffc84c                PROVIDE (__preinit_array_end, .)
                0x1fffc84c                . = ALIGN (0x4)
                0x1fffc84c                PROVIDE (__init_array_start, .)
 *(SORT(.init_array.*))
 *(.init_array)
                0x1fffc84c                PROVIDE (__init_array_end, .)
                0x1fffc84c                . = ALIGN (0x4)
                0x1fffc84c                PROVIDE (__fini_array_start, .)
 *(SORT(.fini_array.*))
 *(.fini_array)
                0x1fffc84c                PROVIDE (__fini_array_end, .)
                0x1fffc84c                . = ALIGN (0x4)
                0x1fffc84c                __data_end = .
                0x0c002a90                __data_load = LOADADDR (.data)
                0x0000004c                __data_size = (__data_end - __data_start)
                0x00002adc                __text_size = (((__exidx_end - sText) + __data_size) + __ram_code_size)
                0x08002adc                eText = (sText + __text_size)

.igot.plt       0x1fffc84c        0x0 load address 0x0c002adc
 .igot.plt      0x00000000        0x0 ./Startup/startup_XMC4200.o

.bss            0x1fffc84c       0xf0 load address 0x0c002adc
                0x1fffc84c                . = ALIGN (0x4)
                0x1fffc84c                __bss_start = .
 *(.bss)
 *(.bss*)
 .bss.UART_0_runtime
                0x1fffc84c       0x1c ./Dave/Generated/UART/uart_conf.o
                0x1fffc84c                UART_0_runtime
 .bss.CLOCK_XMC4_0
                0x1fffc868        0x4 ./Dave/Generated/CLOCK_XMC4/clock_xmc4_conf.o
                0x1fffc868                CLOCK_XMC4_0
 .bss.transmit_byte
                0x1fffc86c        0x4 ./main.o
                0x1fffc86c                transmit_byte
 .bss.milisseconds
                0x1fffc870        0x2 ./main.o
                0x1fffc870                milisseconds
 .bss.rx_count.8948
                0x1fffc872        0x1 ./main.o
 *fill*         0x1fffc873        0x1 
 .bss.receive_buffer.8947
                0x1fffc874       0x64 ./main.o
 .bss.receive_buffer_.8954
                0x1fffc8d8       0x64 ./main.o
 *(COMMON)
 *(.gnu.linkonce.b*)
                0x1fffc93c                . = ALIGN (0x4)
                0x1fffc93c                __bss_end = .
                0x000000f0                __bss_size = (__bss_end - __bss_start)
                0x000036c4                __shift_loc = (__bss_end >= ORIGIN (DSRAM_1_system))?0x0:(ORIGIN (DSRAM_1_system) - __bss_end)

USB_RAM         0x20000000        0x0
                0x20000000                . = ALIGN (0x4)
                0x20000000                USB_RAM_start = .
 *(USB_RAM)
                0x20000000                . = ALIGN (0x4)
                0x20000000                USB_RAM_end = .
                0x20000000                . = ALIGN (0x8)
                0x20000000                Heap_Bank1_Start = .
                0x00000000                USB_RAM_size = (USB_RAM_end - USB_RAM_start)

.no_init        0x20005fc0       0x20
                0x20005fc0                Heap_Bank1_End = .
 *(.no_init)
 .no_init       0x20005fc0       0x20 ./Startup/system_XMC4200.o
                0x20005fc0                SystemCoreClock
                0x20005fc4                g_chipid
                0x20005fd4                g_hrpwm_char_data
                0x00005fc0                Heap_Bank1_Size = (Heap_Bank1_End - Heap_Bank1_Start)
                0x00000001                ASSERT ((Heap_Bank1_Start <= Heap_Bank1_End), region SRAM_combined overflowed no_init section)

/DISCARD/
 *(.comment)

.stab
 *(.stab)

.stabstr
 *(.stabstr)

.debug
 *(.debug)

.line
 *(.line)

.debug_srcinfo
 *(.debug_srcinfo)

.debug_sfnames
 *(.debug_sfnames)

.debug_aranges  0x00000000      0xcd0
 *(.debug_aranges)
 .debug_aranges
                0x00000000       0x20 ./Startup/startup_XMC4200.o
 .debug_aranges
                0x00000020       0x48 ./Startup/system_XMC4200.o
 .debug_aranges
                0x00000068       0x28 ./Libraries/XMCLib/src/xmc4_eru.o
 .debug_aranges
                0x00000090       0x28 ./Libraries/XMCLib/src/xmc4_gpio.o
 .debug_aranges
                0x000000b8      0x428 ./Libraries/XMCLib/src/xmc4_scu.o
 .debug_aranges
                0x000004e0      0x138 ./Libraries/XMCLib/src/xmc_ccu4.o
 .debug_aranges
                0x00000618       0x88 ./Libraries/XMCLib/src/xmc_eru.o
 .debug_aranges
                0x000006a0       0x28 ./Libraries/XMCLib/src/xmc_gpio.o
 .debug_aranges
                0x000006c8       0x78 ./Libraries/XMCLib/src/xmc_uart.o
 .debug_aranges
                0x00000740       0xb8 ./Libraries/XMCLib/src/xmc_usic.o
 .debug_aranges
                0x000007f8       0x28 ./Libraries/Newlib/syscalls.o
 .debug_aranges
                0x00000820       0xf8 ./Dave/Generated/UART/uart.o
 .debug_aranges
                0x00000918       0x68 ./Dave/Generated/UART/uart_conf.o
 .debug_aranges
                0x00000980       0xd8 ./Dave/Generated/TIMER/timer.o
 .debug_aranges
                0x00000a58       0x18 ./Dave/Generated/TIMER/timer_conf.o
 .debug_aranges
                0x00000a70       0x60 ./Dave/Generated/PIN_INTERRUPT/pin_interrupt.o
 .debug_aranges
                0x00000ad0       0x18 ./Dave/Generated/PIN_INTERRUPT/pin_interrupt_conf.o
 .debug_aranges
                0x00000ae8       0x50 ./Dave/Generated/INTERRUPT/interrupt.o
 .debug_aranges
                0x00000b38       0x18 ./Dave/Generated/INTERRUPT/interrupt_conf.o
 .debug_aranges
                0x00000b50       0x30 ./Dave/Generated/GLOBAL_CCU4/global_ccu4.o
 .debug_aranges
                0x00000b80       0x18 ./Dave/Generated/GLOBAL_CCU4/global_ccu4_conf.o
 .debug_aranges
                0x00000b98       0x28 ./Dave/Generated/DIGITAL_IO/digital_io.o
 .debug_aranges
                0x00000bc0       0x18 ./Dave/Generated/DIGITAL_IO/digital_io_conf.o
 .debug_aranges
                0x00000bd8       0x28 ./Dave/Generated/CPU_CTRL_XMC4/cpu_ctrl_xmc4_conf.o
 .debug_aranges
                0x00000c00       0x38 ./Dave/Generated/CLOCK_XMC4/clock_xmc4.o
 .debug_aranges
                0x00000c38       0x20 ./Dave/Generated/CLOCK_XMC4/clock_xmc4_conf.o
 .debug_aranges
                0x00000c58       0x20 ./Dave/Generated/DAVE.o
 .debug_aranges
                0x00000c78       0x58 ./main.o

.debug_pubnames
 *(.debug_pubnames)

.debug_pubtypes
 *(.debug_pubtypes)

.debug_info     0x00000000    0x12c08
 *(.debug_info .gnu.linkonce.wi.*)
 .debug_info    0x00000000       0xd2 ./Startup/startup_XMC4200.o
 .debug_info    0x000000d2      0xa06 ./Startup/system_XMC4200.o
 .debug_info    0x00000ad8      0x5be ./Libraries/XMCLib/src/xmc4_eru.o
 .debug_info    0x00001096      0x4dd ./Libraries/XMCLib/src/xmc4_gpio.o
 .debug_info    0x00001573     0x26b6 ./Libraries/XMCLib/src/xmc4_scu.o
 .debug_info    0x00003c29     0x1702 ./Libraries/XMCLib/src/xmc_ccu4.o
 .debug_info    0x0000532b      0xb70 ./Libraries/XMCLib/src/xmc_eru.o
 .debug_info    0x00005e9b      0x458 ./Libraries/XMCLib/src/xmc_gpio.o
 .debug_info    0x000062f3      0x9d2 ./Libraries/XMCLib/src/xmc_uart.o
 .debug_info    0x00006cc5      0xf00 ./Libraries/XMCLib/src/xmc_usic.o
 .debug_info    0x00007bc5      0x11f ./Libraries/Newlib/syscalls.o
 .debug_info    0x00007ce4     0x1590 ./Dave/Generated/UART/uart.o
 .debug_info    0x00009274     0x1398 ./Dave/Generated/UART/uart_conf.o
 .debug_info    0x0000a60c      0xe34 ./Dave/Generated/TIMER/timer.o
 .debug_info    0x0000b440      0x8dd ./Dave/Generated/TIMER/timer_conf.o
 .debug_info    0x0000bd1d     0x1025 ./Dave/Generated/PIN_INTERRUPT/pin_interrupt.o
 .debug_info    0x0000cd42      0xb82 ./Dave/Generated/PIN_INTERRUPT/pin_interrupt_conf.o
 .debug_info    0x0000d8c4      0x8ec ./Dave/Generated/INTERRUPT/interrupt.o
 .debug_info    0x0000e1b0      0x3f7 ./Dave/Generated/INTERRUPT/interrupt_conf.o
 .debug_info    0x0000e5a7      0x45f ./Dave/Generated/GLOBAL_CCU4/global_ccu4.o
 .debug_info    0x0000ea06      0x35f ./Dave/Generated/GLOBAL_CCU4/global_ccu4_conf.o
 .debug_info    0x0000ed65      0x597 ./Dave/Generated/DIGITAL_IO/digital_io.o
 .debug_info    0x0000f2fc      0x4e4 ./Dave/Generated/DIGITAL_IO/digital_io_conf.o
 .debug_info    0x0000f7e0      0x52e ./Dave/Generated/CPU_CTRL_XMC4/cpu_ctrl_xmc4_conf.o
 .debug_info    0x0000fd0e      0x2dd ./Dave/Generated/CLOCK_XMC4/clock_xmc4.o
 .debug_info    0x0000ffeb      0x43e ./Dave/Generated/CLOCK_XMC4/clock_xmc4_conf.o
 .debug_info    0x00010429     0x1963 ./Dave/Generated/DAVE.o
 .debug_info    0x00011d8c      0xe7c ./main.o

.debug_abbrev   0x00000000     0x3032
 *(.debug_abbrev)
 .debug_abbrev  0x00000000       0x14 ./Startup/startup_XMC4200.o
 .debug_abbrev  0x00000014      0x1f1 ./Startup/system_XMC4200.o
 .debug_abbrev  0x00000205      0x180 ./Libraries/XMCLib/src/xmc4_eru.o
 .debug_abbrev  0x00000385      0x144 ./Libraries/XMCLib/src/xmc4_gpio.o
 .debug_abbrev  0x000004c9      0x2a3 ./Libraries/XMCLib/src/xmc4_scu.o
 .debug_abbrev  0x0000076c      0x232 ./Libraries/XMCLib/src/xmc_ccu4.o
 .debug_abbrev  0x0000099e      0x22f ./Libraries/XMCLib/src/xmc_eru.o
 .debug_abbrev  0x00000bcd      0x144 ./Libraries/XMCLib/src/xmc_gpio.o
 .debug_abbrev  0x00000d11      0x225 ./Libraries/XMCLib/src/xmc_uart.o
 .debug_abbrev  0x00000f36      0x24c ./Libraries/XMCLib/src/xmc_usic.o
 .debug_abbrev  0x00001182       0xbd ./Libraries/Newlib/syscalls.o
 .debug_abbrev  0x0000123f      0x27e ./Dave/Generated/UART/uart.o
 .debug_abbrev  0x000014bd      0x27b ./Dave/Generated/UART/uart_conf.o
 .debug_abbrev  0x00001738      0x252 ./Dave/Generated/TIMER/timer.o
 .debug_abbrev  0x0000198a      0x181 ./Dave/Generated/TIMER/timer_conf.o
 .debug_abbrev  0x00001b0b      0x293 ./Dave/Generated/PIN_INTERRUPT/pin_interrupt.o
 .debug_abbrev  0x00001d9e      0x1a1 ./Dave/Generated/PIN_INTERRUPT/pin_interrupt_conf.o
 .debug_abbrev  0x00001f3f      0x212 ./Dave/Generated/INTERRUPT/interrupt.o
 .debug_abbrev  0x00002151       0xd8 ./Dave/Generated/INTERRUPT/interrupt_conf.o
 .debug_abbrev  0x00002229      0x196 ./Dave/Generated/GLOBAL_CCU4/global_ccu4.o
 .debug_abbrev  0x000023bf      0x124 ./Dave/Generated/GLOBAL_CCU4/global_ccu4_conf.o
 .debug_abbrev  0x000024e3      0x171 ./Dave/Generated/DIGITAL_IO/digital_io.o
 .debug_abbrev  0x00002654      0x126 ./Dave/Generated/DIGITAL_IO/digital_io_conf.o
 .debug_abbrev  0x0000277a      0x1b4 ./Dave/Generated/CPU_CTRL_XMC4/cpu_ctrl_xmc4_conf.o
 .debug_abbrev  0x0000292e      0x13d ./Dave/Generated/CLOCK_XMC4/clock_xmc4.o
 .debug_abbrev  0x00002a6b      0x134 ./Dave/Generated/CLOCK_XMC4/clock_xmc4_conf.o
 .debug_abbrev  0x00002b9f      0x200 ./Dave/Generated/DAVE.o
 .debug_abbrev  0x00002d9f      0x293 ./main.o

.debug_line     0x00000000     0x84ab
 *(.debug_line)
 .debug_line    0x00000000       0x87 ./Startup/startup_XMC4200.o
 .debug_line    0x00000087      0x3e8 ./Startup/system_XMC4200.o
 .debug_line    0x0000046f      0x3c2 ./Libraries/XMCLib/src/xmc4_eru.o
 .debug_line    0x00000831      0x306 ./Libraries/XMCLib/src/xmc4_gpio.o
 .debug_line    0x00000b37     0x106e ./Libraries/XMCLib/src/xmc4_scu.o
 .debug_line    0x00001ba5      0x75f ./Libraries/XMCLib/src/xmc_ccu4.o
 .debug_line    0x00002304      0x3cf ./Libraries/XMCLib/src/xmc_eru.o
 .debug_line    0x000026d3      0x2fa ./Libraries/XMCLib/src/xmc_gpio.o
 .debug_line    0x000029cd      0x4d8 ./Libraries/XMCLib/src/xmc_uart.o
 .debug_line    0x00002ea5      0x661 ./Libraries/XMCLib/src/xmc_usic.o
 .debug_line    0x00003506       0xf2 ./Libraries/Newlib/syscalls.o
 .debug_line    0x000035f8      0x73c ./Dave/Generated/UART/uart.o
 .debug_line    0x00003d34      0x4cd ./Dave/Generated/UART/uart_conf.o
 .debug_line    0x00004201      0x73b ./Dave/Generated/TIMER/timer.o
 .debug_line    0x0000493c      0x481 ./Dave/Generated/TIMER/timer_conf.o
 .debug_line    0x00004dbd      0x563 ./Dave/Generated/PIN_INTERRUPT/pin_interrupt.o
 .debug_line    0x00005320      0x3dc ./Dave/Generated/PIN_INTERRUPT/pin_interrupt_conf.o
 .debug_line    0x000056fc      0x454 ./Dave/Generated/INTERRUPT/interrupt.o
 .debug_line    0x00005b50      0x2f6 ./Dave/Generated/INTERRUPT/interrupt_conf.o
 .debug_line    0x00005e46      0x4ac ./Dave/Generated/GLOBAL_CCU4/global_ccu4.o
 .debug_line    0x000062f2      0x3c8 ./Dave/Generated/GLOBAL_CCU4/global_ccu4_conf.o
 .debug_line    0x000066ba      0x3ba ./Dave/Generated/DIGITAL_IO/digital_io.o
 .debug_line    0x00006a74      0x2ee ./Dave/Generated/DIGITAL_IO/digital_io_conf.o
 .debug_line    0x00006d62      0x367 ./Dave/Generated/CPU_CTRL_XMC4/cpu_ctrl_xmc4_conf.o
 .debug_line    0x000070c9      0x3f0 ./Dave/Generated/CLOCK_XMC4/clock_xmc4.o
 .debug_line    0x000074b9      0x3c6 ./Dave/Generated/CLOCK_XMC4/clock_xmc4_conf.o
 .debug_line    0x0000787f      0x5bb ./Dave/Generated/DAVE.o
 .debug_line    0x00007e3a      0x671 ./main.o

.debug_frame    0x00000000     0x3344
 *(.debug_frame)
 .debug_frame   0x00000000       0xec ./Startup/system_XMC4200.o
 .debug_frame   0x000000ec       0x60 ./Libraries/XMCLib/src/xmc4_eru.o
 .debug_frame   0x0000014c       0x60 ./Libraries/XMCLib/src/xmc4_gpio.o
 .debug_frame   0x000001ac     0x139c ./Libraries/XMCLib/src/xmc4_scu.o
 .debug_frame   0x00001548      0x5b0 ./Libraries/XMCLib/src/xmc_ccu4.o
 .debug_frame   0x00001af8      0x240 ./Libraries/XMCLib/src/xmc_eru.o
 .debug_frame   0x00001d38       0x60 ./Libraries/XMCLib/src/xmc_gpio.o
 .debug_frame   0x00001d98      0x1f0 ./Libraries/XMCLib/src/xmc_uart.o
 .debug_frame   0x00001f88      0x330 ./Libraries/XMCLib/src/xmc_usic.o
 .debug_frame   0x000022b8       0x5c ./Libraries/Newlib/syscalls.o
 .debug_frame   0x00002314      0x474 ./Dave/Generated/UART/uart.o
 .debug_frame   0x00002788      0x184 ./Dave/Generated/UART/uart_conf.o
 .debug_frame   0x0000290c      0x3ec ./Dave/Generated/TIMER/timer.o
 .debug_frame   0x00002cf8      0x178 ./Dave/Generated/PIN_INTERRUPT/pin_interrupt.o
 .debug_frame   0x00002e70      0x124 ./Dave/Generated/INTERRUPT/interrupt.o
 .debug_frame   0x00002f94       0x88 ./Dave/Generated/GLOBAL_CCU4/global_ccu4.o
 .debug_frame   0x0000301c       0x60 ./Dave/Generated/DIGITAL_IO/digital_io.o
 .debug_frame   0x0000307c       0x60 ./Dave/Generated/CPU_CTRL_XMC4/cpu_ctrl_xmc4_conf.o
 .debug_frame   0x000030dc       0xac ./Dave/Generated/CLOCK_XMC4/clock_xmc4.o
 .debug_frame   0x00003188       0x3c ./Dave/Generated/CLOCK_XMC4/clock_xmc4_conf.o
 .debug_frame   0x000031c4       0x38 ./Dave/Generated/DAVE.o
 .debug_frame   0x000031fc      0x11c ./main.o
 .debug_frame   0x00003318       0x2c c:/dave_4-4-2_64bit_2018-02-23/dave_4-4-2_64bit_2018-02-23/dave-ide-4.4.2-64bit/eclipse/arm-gcc-49/bin/../lib/gcc/arm-none-eabi/4.9.3/../../../../arm-none-eabi/lib/armv7e-m/softfp\libg_nano.a(lib_a-init.o)

.debug_str      0x00000000     0x86d9
 *(.debug_str)
 .debug_str     0x00000000      0x61c ./Startup/system_XMC4200.o
                                0x68e (size before relaxing)
 .debug_str     0x0000061c      0x508 ./Libraries/XMCLib/src/xmc4_eru.o
                                0x7d9 (size before relaxing)
 .debug_str     0x00000b24      0x544 ./Libraries/XMCLib/src/xmc4_gpio.o
                                0x831 (size before relaxing)
 .debug_str     0x00001068     0x21af ./Libraries/XMCLib/src/xmc4_scu.o
                               0x2bce (size before relaxing)
 .debug_str     0x00003217     0x1518 ./Libraries/XMCLib/src/xmc_ccu4.o
                               0x1cc8 (size before relaxing)
 .debug_str     0x0000472f      0x9c5 ./Libraries/XMCLib/src/xmc_eru.o
                                0xd3d (size before relaxing)
 .debug_str     0x000050f4       0xca ./Libraries/XMCLib/src/xmc_gpio.o
                                0x6df (size before relaxing)
 .debug_str     0x000051be      0x8c5 ./Libraries/XMCLib/src/xmc_uart.o
                                0xc03 (size before relaxing)
 .debug_str     0x00005a83      0xaf6 ./Libraries/XMCLib/src/xmc_usic.o
                               0x13fc (size before relaxing)
 .debug_str     0x00006579       0x6f ./Libraries/Newlib/syscalls.o
                                0x26d (size before relaxing)
 .debug_str     0x000065e8      0xbd5 ./Dave/Generated/UART/uart.o
                               0x1d3e (size before relaxing)
 .debug_str     0x000071bd      0x5db ./Dave/Generated/UART/uart_conf.o
                               0x18b0 (size before relaxing)
 .debug_str     0x00007798      0x502 ./Dave/Generated/TIMER/timer.o
                                0xc8d (size before relaxing)
 .debug_str     0x00007c9a      0x29a ./Dave/Generated/TIMER/timer_conf.o
                                0xbd2 (size before relaxing)
 .debug_str     0x00007f34      0x20c ./Dave/Generated/PIN_INTERRUPT/pin_interrupt.o
                               0x1240 (size before relaxing)
 .debug_str     0x00008140       0x45 ./Dave/Generated/PIN_INTERRUPT/pin_interrupt_conf.o
                               0x11d0 (size before relaxing)
 .debug_str     0x00008185       0x39 ./Dave/Generated/INTERRUPT/interrupt.o
                                0x973 (size before relaxing)
 .debug_str     0x000081be       0x37 ./Dave/Generated/INTERRUPT/interrupt_conf.o
                                0x73f (size before relaxing)
 .debug_str     0x000081f5       0xb5 ./Dave/Generated/GLOBAL_CCU4/global_ccu4.o
                                0x5f0 (size before relaxing)
 .debug_str     0x000082aa       0x31 ./Dave/Generated/GLOBAL_CCU4/global_ccu4_conf.o
                                0x504 (size before relaxing)
 .debug_str     0x000082db       0xd3 ./Dave/Generated/DIGITAL_IO/digital_io.o
                                0x96e (size before relaxing)
 .debug_str     0x000083ae       0x2f ./Dave/Generated/DIGITAL_IO/digital_io_conf.o
                                0x8af (size before relaxing)
 .debug_str     0x000083dd       0x88 ./Dave/Generated/CPU_CTRL_XMC4/cpu_ctrl_xmc4_conf.o
                                0x471 (size before relaxing)
 .debug_str     0x00008465       0xf3 ./Dave/Generated/CLOCK_XMC4/clock_xmc4.o
                                0x422 (size before relaxing)
 .debug_str     0x00008558       0x50 ./Dave/Generated/CLOCK_XMC4/clock_xmc4_conf.o
                                0x802 (size before relaxing)
 .debug_str     0x000085a8       0x65 ./Dave/Generated/DAVE.o
                               0x1a5d (size before relaxing)
 .debug_str     0x0000860d       0xcc ./main.o
                               0x11ad (size before relaxing)

.debug_loc      0x00000000     0x6a2c
 *(.debug_loc)
 .debug_loc     0x00000000      0x1a4 ./Startup/system_XMC4200.o
 .debug_loc     0x000001a4       0xa0 ./Libraries/XMCLib/src/xmc4_eru.o
 .debug_loc     0x00000244       0xb8 ./Libraries/XMCLib/src/xmc4_gpio.o
 .debug_loc     0x000002fc     0x2948 ./Libraries/XMCLib/src/xmc4_scu.o
 .debug_loc     0x00002c44      0xc90 ./Libraries/XMCLib/src/xmc_ccu4.o
 .debug_loc     0x000038d4      0x4f0 ./Libraries/XMCLib/src/xmc_eru.o
 .debug_loc     0x00003dc4       0xb8 ./Libraries/XMCLib/src/xmc_gpio.o
 .debug_loc     0x00003e7c      0x414 ./Libraries/XMCLib/src/xmc_uart.o
 .debug_loc     0x00004290      0x6c6 ./Libraries/XMCLib/src/xmc_usic.o
 .debug_loc     0x00004956       0x94 ./Libraries/Newlib/syscalls.o
 .debug_loc     0x000049ea      0x98c ./Dave/Generated/UART/uart.o
 .debug_loc     0x00005376      0x308 ./Dave/Generated/UART/uart_conf.o
 .debug_loc     0x0000567e      0x81e ./Dave/Generated/TIMER/timer.o
 .debug_loc     0x00005e9c      0x300 ./Dave/Generated/PIN_INTERRUPT/pin_interrupt.o
 .debug_loc     0x0000619c      0x254 ./Dave/Generated/INTERRUPT/interrupt.o
 .debug_loc     0x000063f0      0x108 ./Dave/Generated/GLOBAL_CCU4/global_ccu4.o
 .debug_loc     0x000064f8       0xac ./Dave/Generated/DIGITAL_IO/digital_io.o
 .debug_loc     0x000065a4       0xac ./Dave/Generated/CPU_CTRL_XMC4/cpu_ctrl_xmc4_conf.o
 .debug_loc     0x00006650      0x14c ./Dave/Generated/CLOCK_XMC4/clock_xmc4.o
 .debug_loc     0x0000679c       0x50 ./Dave/Generated/CLOCK_XMC4/clock_xmc4_conf.o
 .debug_loc     0x000067ec       0x50 ./Dave/Generated/DAVE.o
 .debug_loc     0x0000683c      0x1f0 ./main.o

.debug_macinfo
 *(.debug_macinfo)

.debug_ranges   0x00000000      0xad8
 *(.debug_ranges)
 .debug_ranges  0x00000000       0x38 ./Startup/system_XMC4200.o
 .debug_ranges  0x00000038       0x18 ./Libraries/XMCLib/src/xmc4_eru.o
 .debug_ranges  0x00000050       0x18 ./Libraries/XMCLib/src/xmc4_gpio.o
 .debug_ranges  0x00000068      0x418 ./Libraries/XMCLib/src/xmc4_scu.o
 .debug_ranges  0x00000480      0x128 ./Libraries/XMCLib/src/xmc_ccu4.o
 .debug_ranges  0x000005a8       0x78 ./Libraries/XMCLib/src/xmc_eru.o
 .debug_ranges  0x00000620       0x18 ./Libraries/XMCLib/src/xmc_gpio.o
 .debug_ranges  0x00000638       0x68 ./Libraries/XMCLib/src/xmc_uart.o
 .debug_ranges  0x000006a0       0xa8 ./Libraries/XMCLib/src/xmc_usic.o
 .debug_ranges  0x00000748       0x18 ./Libraries/Newlib/syscalls.o
 .debug_ranges  0x00000760       0xe8 ./Dave/Generated/UART/uart.o
 .debug_ranges  0x00000848       0x58 ./Dave/Generated/UART/uart_conf.o
 .debug_ranges  0x000008a0       0xc8 ./Dave/Generated/TIMER/timer.o
 .debug_ranges  0x00000968       0x50 ./Dave/Generated/PIN_INTERRUPT/pin_interrupt.o
 .debug_ranges  0x000009b8       0x40 ./Dave/Generated/INTERRUPT/interrupt.o
 .debug_ranges  0x000009f8       0x20 ./Dave/Generated/GLOBAL_CCU4/global_ccu4.o
 .debug_ranges  0x00000a18       0x18 ./Dave/Generated/DIGITAL_IO/digital_io.o
 .debug_ranges  0x00000a30       0x18 ./Dave/Generated/CPU_CTRL_XMC4/cpu_ctrl_xmc4_conf.o
 .debug_ranges  0x00000a48       0x28 ./Dave/Generated/CLOCK_XMC4/clock_xmc4.o
 .debug_ranges  0x00000a70       0x10 ./Dave/Generated/CLOCK_XMC4/clock_xmc4_conf.o
 .debug_ranges  0x00000a80       0x10 ./Dave/Generated/DAVE.o
 .debug_ranges  0x00000a90       0x48 ./main.o

.debug_weaknames
 *(.debug_weaknames)

.debug_funcnames
 *(.debug_funcnames)

.debug_typenames
 *(.debug_typenames)

.debug_varnames
 *(.debug_varnames)

.build_attributes
                0x00000000      0x624
 *(.ARM.attributes)
 .ARM.attributes
                0x00000000       0x25 ./Startup/startup_XMC4200.o
 .ARM.attributes
                0x00000025       0x37 ./Startup/system_XMC4200.o
 .ARM.attributes
                0x0000005c       0x37 ./Libraries/XMCLib/src/xmc4_eru.o
 .ARM.attributes
                0x00000093       0x37 ./Libraries/XMCLib/src/xmc4_gpio.o
 .ARM.attributes
                0x000000ca       0x37 ./Libraries/XMCLib/src/xmc4_scu.o
 .ARM.attributes
                0x00000101       0x37 ./Libraries/XMCLib/src/xmc_ccu4.o
 .ARM.attributes
                0x00000138       0x37 ./Libraries/XMCLib/src/xmc_eru.o
 .ARM.attributes
                0x0000016f       0x37 ./Libraries/XMCLib/src/xmc_gpio.o
 .ARM.attributes
                0x000001a6       0x37 ./Libraries/XMCLib/src/xmc_uart.o
 .ARM.attributes
                0x000001dd       0x37 ./Libraries/XMCLib/src/xmc_usic.o
 .ARM.attributes
                0x00000214       0x37 ./Libraries/Newlib/syscalls.o
 .ARM.attributes
                0x0000024b       0x37 ./Dave/Generated/UART/uart.o
 .ARM.attributes
                0x00000282       0x37 ./Dave/Generated/UART/uart_conf.o
 .ARM.attributes
                0x000002b9       0x37 ./Dave/Generated/TIMER/timer.o
 .ARM.attributes
                0x000002f0       0x37 ./Dave/Generated/TIMER/timer_conf.o
 .ARM.attributes
                0x00000327       0x37 ./Dave/Generated/PIN_INTERRUPT/pin_interrupt.o
 .ARM.attributes
                0x0000035e       0x37 ./Dave/Generated/PIN_INTERRUPT/pin_interrupt_conf.o
 .ARM.attributes
                0x00000395       0x37 ./Dave/Generated/INTERRUPT/interrupt.o
 .ARM.attributes
                0x000003cc       0x37 ./Dave/Generated/INTERRUPT/interrupt_conf.o
 .ARM.attributes
                0x00000403       0x37 ./Dave/Generated/GLOBAL_CCU4/global_ccu4.o
 .ARM.attributes
                0x0000043a       0x37 ./Dave/Generated/GLOBAL_CCU4/global_ccu4_conf.o
 .ARM.attributes
                0x00000471       0x37 ./Dave/Generated/DIGITAL_IO/digital_io.o
 .ARM.attributes
                0x000004a8       0x37 ./Dave/Generated/DIGITAL_IO/digital_io_conf.o
 .ARM.attributes
                0x000004df       0x37 ./Dave/Generated/CPU_CTRL_XMC4/cpu_ctrl_xmc4_conf.o
 .ARM.attributes
                0x00000516       0x37 ./Dave/Generated/CLOCK_XMC4/clock_xmc4.o
 .ARM.attributes
                0x0000054d       0x37 ./Dave/Generated/CLOCK_XMC4/clock_xmc4_conf.o
 .ARM.attributes
                0x00000584       0x37 ./Dave/Generated/DAVE.o
 .ARM.attributes
                0x000005bb       0x37 ./main.o
 .ARM.attributes
                0x000005f2       0x32 c:/dave_4-4-2_64bit_2018-02-23/dave_4-4-2_64bit_2018-02-23/dave-ide-4.4.2-64bit/eclipse/arm-gcc-49/bin/../lib/gcc/arm-none-eabi/4.9.3/../../../../arm-none-eabi/lib/armv7e-m/softfp\libg_nano.a(lib_a-init.o)
OUTPUT(TEST_UART.elf elf32-littlearm)
