21:30:17 **** Incremental Build of configuration Debug for project NewHaven_Display ****
"\"C:\\Users\\Ricardo\\Downloads\\DAVE_4-4-2_64bit_2018-02-23\\DAVE-IDE-4.4.2-64Bit\\eclipse\\ARM-GCC-49\\bin\\make\"" --output-sync -j8 all 
'Invoking: ARM-GCC Print Size'
"C:/Users/Ricardo/Downloads/DAVE_4-4-2_64bit_2018-02-23/DAVE-IDE-4.4.2-64Bit/eclipse/ARM-GCC-49/bin/arm-none-eabi-size" --format=berkeley "NewHaven_Display.elf"
   text	   data	    bss	    dec	    hex	filename
  10440	    568	   2092	  13100	   332c	NewHaven_Display.elf
'Finished building: NewHaven_Display.siz'


21:30:18 Build Finished (took 866ms)

